Archive member included because of file (symbol)

/Applications/Simplicity Studio.app/Contents/Eclipse/developer/toolchains/gnu_arm/4.9_2015q3/bin/../lib/gcc/arm-none-eabi/4.9.3/../../../../arm-none-eabi/lib/armv7e-m/softfp/libm.a(lib_a-s_round.o)
                              ./Calendar/clock_tc.o (round)
/Applications/Simplicity Studio.app/Contents/Eclipse/developer/toolchains/gnu_arm/4.9_2015q3/bin/../lib/gcc/arm-none-eabi/4.9.3/armv7e-m/softfp/libgcc.a(_arm_addsubdf3.o)
                              ./Calendar/clock_tc.o (__aeabi_dsub)
/Applications/Simplicity Studio.app/Contents/Eclipse/developer/toolchains/gnu_arm/4.9_2015q3/bin/../lib/gcc/arm-none-eabi/4.9.3/armv7e-m/softfp/libgcc.a(_arm_muldivdf3.o)
                              ./src/epsilometer_menu.o (__aeabi_dmul)
/Applications/Simplicity Studio.app/Contents/Eclipse/developer/toolchains/gnu_arm/4.9_2015q3/bin/../lib/gcc/arm-none-eabi/4.9.3/armv7e-m/softfp/libgcc.a(_arm_fixdfsi.o)
                              ./Calendar/clock_tc.o (__aeabi_d2iz)
/Applications/Simplicity Studio.app/Contents/Eclipse/developer/toolchains/gnu_arm/4.9_2015q3/bin/../lib/gcc/arm-none-eabi/4.9.3/armv7e-m/softfp/libgcc.a(_arm_fixunsdfsi.o)
                              ./src/epsilometer_menu.o (__aeabi_d2uiz)
/Applications/Simplicity Studio.app/Contents/Eclipse/developer/toolchains/gnu_arm/4.9_2015q3/bin/../lib/gcc/arm-none-eabi/4.9.3/armv7e-m/softfp/libgcc.a(_aeabi_uldivmod.o)
                              ./FatFS/src/ff.o (__aeabi_uldivmod)
/Applications/Simplicity Studio.app/Contents/Eclipse/developer/toolchains/gnu_arm/4.9_2015q3/bin/../lib/gcc/arm-none-eabi/4.9.3/armv7e-m/softfp/libgcc.a(bpabi.o)
                              /Applications/Simplicity Studio.app/Contents/Eclipse/developer/toolchains/gnu_arm/4.9_2015q3/bin/../lib/gcc/arm-none-eabi/4.9.3/armv7e-m/softfp/libgcc.a(_aeabi_uldivmod.o) (__gnu_uldivmod_helper)
/Applications/Simplicity Studio.app/Contents/Eclipse/developer/toolchains/gnu_arm/4.9_2015q3/bin/../lib/gcc/arm-none-eabi/4.9.3/armv7e-m/softfp/libgcc.a(_dvmd_tls.o)
                              /Applications/Simplicity Studio.app/Contents/Eclipse/developer/toolchains/gnu_arm/4.9_2015q3/bin/../lib/gcc/arm-none-eabi/4.9.3/armv7e-m/softfp/libgcc.a(_aeabi_uldivmod.o) (__aeabi_ldiv0)
/Applications/Simplicity Studio.app/Contents/Eclipse/developer/toolchains/gnu_arm/4.9_2015q3/bin/../lib/gcc/arm-none-eabi/4.9.3/armv7e-m/softfp/libgcc.a(_divdi3.o)
                              /Applications/Simplicity Studio.app/Contents/Eclipse/developer/toolchains/gnu_arm/4.9_2015q3/bin/../lib/gcc/arm-none-eabi/4.9.3/armv7e-m/softfp/libgcc.a(bpabi.o) (__divdi3)
/Applications/Simplicity Studio.app/Contents/Eclipse/developer/toolchains/gnu_arm/4.9_2015q3/bin/../lib/gcc/arm-none-eabi/4.9.3/armv7e-m/softfp/libgcc.a(_udivdi3.o)
                              /Applications/Simplicity Studio.app/Contents/Eclipse/developer/toolchains/gnu_arm/4.9_2015q3/bin/../lib/gcc/arm-none-eabi/4.9.3/armv7e-m/softfp/libgcc.a(bpabi.o) (__udivdi3)
/Applications/Simplicity Studio.app/Contents/Eclipse/developer/toolchains/gnu_arm/4.9_2015q3/bin/../lib/gcc/arm-none-eabi/4.9.3/../../../../arm-none-eabi/lib/armv7e-m/softfp/libc_nano.a(lib_a-abs.o)
                              ./Calendar/clock_tc.o (abs)
/Applications/Simplicity Studio.app/Contents/Eclipse/developer/toolchains/gnu_arm/4.9_2015q3/bin/../lib/gcc/arm-none-eabi/4.9.3/../../../../arm-none-eabi/lib/armv7e-m/softfp/libc_nano.a(lib_a-ctime_r.o)
                              ./src/epsilometer_SDcard.o (ctime_r)
/Applications/Simplicity Studio.app/Contents/Eclipse/developer/toolchains/gnu_arm/4.9_2015q3/bin/../lib/gcc/arm-none-eabi/4.9.3/../../../../arm-none-eabi/lib/armv7e-m/softfp/libc_nano.a(lib_a-exit.o)
                              /Applications/Simplicity Studio.app/Contents/Eclipse/developer/toolchains/gnu_arm/4.9_2015q3/bin/../lib/gcc/arm-none-eabi/4.9.3/../../../../arm-none-eabi/lib/armv7e-m/softfp/crt0.o (exit)
/Applications/Simplicity Studio.app/Contents/Eclipse/developer/toolchains/gnu_arm/4.9_2015q3/bin/../lib/gcc/arm-none-eabi/4.9.3/../../../../arm-none-eabi/lib/armv7e-m/softfp/libc_nano.a(lib_a-impure.o)
                              /Applications/Simplicity Studio.app/Contents/Eclipse/developer/toolchains/gnu_arm/4.9_2015q3/bin/../lib/gcc/arm-none-eabi/4.9.3/../../../../arm-none-eabi/lib/armv7e-m/softfp/libc_nano.a(lib_a-exit.o) (_global_impure_ptr)
/Applications/Simplicity Studio.app/Contents/Eclipse/developer/toolchains/gnu_arm/4.9_2015q3/bin/../lib/gcc/arm-none-eabi/4.9.3/../../../../arm-none-eabi/lib/armv7e-m/softfp/libc_nano.a(lib_a-init.o)
                              /Applications/Simplicity Studio.app/Contents/Eclipse/developer/toolchains/gnu_arm/4.9_2015q3/bin/../lib/gcc/arm-none-eabi/4.9.3/../../../../arm-none-eabi/lib/armv7e-m/softfp/crt0.o (__libc_init_array)
[...]
Memory Configuration

Name             Origin             Length             Attributes
FLASH            0x0000000000000000 0x0000000000040000 xr
RAM              0x0000000020000000 0x0000000000008000 xrw
*default*        0x0000000000000000 0xffffffffffffffff

Linker script and memory map

LOAD /Applications/Simplicity Studio.app/Contents/Eclipse/developer/toolchains/gnu_arm/4.9_2015q3/bin/../lib/gcc/arm-none-eabi/4.9.3/armv7e-m/softfp/crti.o
LOAD /Applications/Simplicity Studio.app/Contents/Eclipse/developer/toolchains/gnu_arm/4.9_2015q3/bin/../lib/gcc/arm-none-eabi/4.9.3/armv7e-m/softfp/crtbegin.o
LOAD /Applications/Simplicity Studio.app/Contents/Eclipse/developer/toolchains/gnu_arm/4.9_2015q3/bin/../lib/gcc/arm-none-eabi/4.9.3/../../../../arm-none-eabi/lib/armv7e-m/softfp/crt0.o
LOAD ./CMSIS/EFM32WG/startup_efm32wg.o
LOAD ./CMSIS/EFM32WG/system_efm32wg.o
LOAD ./Calendar/clock_tc.o
LOAD ./Calendar/crystal_parameters.o
LOAD ./Calendar/main_calendar_tc.o
LOAD ./FatFS/silabs_diskio.o
LOAD ./FatFS/src/ff.o
LOAD ./FatFS/src/option/syscall.o
LOAD ./FatFS/src/option/unicode.o
LOAD ./emlib/em_adc.o
LOAD ./emlib/em_cmu.o
LOAD ./emlib/em_emu.o
LOAD ./emlib/em_gpio.o
LOAD ./emlib/em_int.o
LOAD ./emlib/em_rtc.o
LOAD ./emlib/em_system.o
LOAD ./emlib/em_timer.o
LOAD ./emlib/em_usart.o
LOAD ./emlib/microsd.o
LOAD ./src/epilometer_sampling.o
LOAD ./src/epsilometer_CMU_init.o
LOAD ./src/epsilometer_GPIO_init.o
LOAD ./src/epsilometer_SDcard.o
LOAD ./src/epsilometer_TIMER_init.o
LOAD ./src/epsilometer_analog.o
LOAD ./src/epsilometer_coms.o
LOAD ./src/epsilometer_main.o
LOAD ./src/epsilometer_menu.o
LOAD /Applications/Simplicity Studio.app/Contents/Eclipse/developer/toolchains/gnu_arm/4.9_2015q3/bin/../lib/gcc/arm-none-eabi/4.9.3/../../../../arm-none-eabi/lib/armv7e-m/softfp/libm.a
START GROUP
LOAD /Applications/Simplicity Studio.app/Contents/Eclipse/developer/toolchains/gnu_arm/4.9_2015q3/bin/../lib/gcc/arm-none-eabi/4.9.3/armv7e-m/softfp/libgcc.a
LOAD /Applications/Simplicity Studio.app/Contents/Eclipse/developer/toolchains/gnu_arm/4.9_2015q3/bin/../lib/gcc/arm-none-eabi/4.9.3/../../../../arm-none-eabi/lib/armv7e-m/softfp/libc_nano.a
LOAD /Applications/Simplicity Studio.app/Contents/Eclipse/developer/toolchains/gnu_arm/4.9_2015q3/bin/../lib/gcc/arm-none-eabi/4.9.3/../../../../arm-none-eabi/lib/armv7e-m/softfp/libnosys.a
END GROUP
START GROUP
LOAD /Applications/Simplicity Studio.app/Contents/Eclipse/developer/toolchains/gnu_arm/4.9_2015q3/bin/../lib/gcc/arm-none-eabi/4.9.3/armv7e-m/softfp/libgcc.a
LOAD /Applications/Simplicity Studio.app/Contents/Eclipse/developer/toolchains/gnu_arm/4.9_2015q3/bin/../lib/gcc/arm-none-eabi/4.9.3/../../../../arm-none-eabi/lib/armv7e-m/softfp/libg_nano.a
LOAD /Applications/Simplicity Studio.app/Contents/Eclipse/developer/toolchains/gnu_arm/4.9_2015q3/bin/../lib/gcc/arm-none-eabi/4.9.3/../../../../arm-none-eabi/lib/armv7e-m/softfp/libc_nano.a
END GROUP
START GROUP
LOAD /Applications/Simplicity Studio.app/Contents/Eclipse/developer/toolchains/gnu_arm/4.9_2015q3/bin/../lib/gcc/arm-none-eabi/4.9.3/armv7e-m/softfp/libgcc.a
LOAD /Applications/Simplicity Studio.app/Contents/Eclipse/developer/toolchains/gnu_arm/4.9_2015q3/bin/../lib/gcc/arm-none-eabi/4.9.3/../../../../arm-none-eabi/lib/armv7e-m/softfp/libc_nano.a
END GROUP
LOAD /Applications/Simplicity Studio.app/Contents/Eclipse/developer/toolchains/gnu_arm/4.9_2015q3/bin/../lib/gcc/arm-none-eabi/4.9.3/armv7e-m/softfp/crtend.o
LOAD /Applications/Simplicity Studio.app/Contents/Eclipse/developer/toolchains/gnu_arm/4.9_2015q3/bin/../lib/gcc/arm-none-eabi/4.9.3/armv7e-m/softfp/crtn.o

.text           0x0000000000000000     0xb428
 *(.vectors)
 .vectors       0x0000000000000000       0xe0 ./CMSIS/EFM32WG/startup_efm32wg.o
                0x0000000000000000                __Vectors
                0x00000000000000e0                __Vectors_End = .
                0x00000000000000e0                __Vectors_Size = (__Vectors_End - __Vectors)
                0x00000000000000e0                __end__ = .
 *(.text*)
 .text          0x00000000000000e0       0x5c /Applications/Simplicity Studio.app/Contents/Eclipse/developer/toolchains/gnu_arm/4.9_2015q3/bin/../lib/gcc/arm-none-eabi/4.9.3/armv7e-m/softfp/crtbegin.o
 .text          0x000000000000013c       0x74 /Applications/Simplicity Studio.app/Contents/Eclipse/developer/toolchains/gnu_arm/4.9_2015q3/bin/../lib/gcc/arm-none-eabi/4.9.3/../../../../arm-none-eabi/lib/armv7e-m/softfp/crt0.o
                0x000000000000013c                _mainCRTStartup
                0x000000000000013c                _start
 .text          0x00000000000001b0       0x30 ./CMSIS/EFM32WG/startup_efm32wg.o
                0x00000000000001b0                Reset_Handler
                0x00000000000001dc                DebugMon_Handler
                0x00000000000001dc                USART0_TX_IRQHandler
                0x00000000000001dc                I2C0_IRQHandler
                0x00000000000001dc                HardFault_Handler
                0x00000000000001dc                LEUART1_IRQHandler
                0x00000000000001dc                SysTick_Handler
                0x00000000000001dc                USART1_RX_IRQHandler
                0x00000000000001dc                PendSV_Handler
                0x00000000000001dc                NMI_Handler
                0x00000000000001dc                I2C1_IRQHandler
                0x00000000000001dc                TIMER3_IRQHandler
                0x00000000000001dc                MSC_IRQHandler
                0x00000000000001dc                UsageFault_Handler
                0x00000000000001dc                LEUART0_IRQHandler
                0x00000000000001dc                FPUEH_IRQHandler
                0x00000000000001dc                GPIO_EVEN_IRQHandler
                0x00000000000001dc                UART0_TX_IRQHandler
                0x00000000000001dc                UART1_TX_IRQHandler
                0x00000000000001dc                TIMER0_IRQHandler
                0x00000000000001dc                LCD_IRQHandler
                0x00000000000001dc                PCNT2_IRQHandler
                0x00000000000001dc                UART0_RX_IRQHandler
                0x00000000000001dc                LETIMER0_IRQHandler
                0x00000000000001dc                TIMER1_IRQHandler
                0x00000000000001dc                USART2_RX_IRQHandler
                0x00000000000001dc                Default_Handler
                0x00000000000001dc                EMU_IRQHandler
                0x00000000000001dc                PCNT0_IRQHandler
                0x00000000000001dc                USB_IRQHandler
                0x00000000000001dc                BURTC_IRQHandler
                0x00000000000001dc                PCNT1_IRQHandler
                0x00000000000001dc                ACMP0_IRQHandler
                0x00000000000001dc                USART0_RX_IRQHandler
                0x00000000000001dc                MemManage_Handler
                0x00000000000001dc                SVC_Handler
                0x00000000000001dc                DAC0_IRQHandler
                0x00000000000001dc                UART1_RX_IRQHandler
                0x00000000000001dc                EBI_IRQHandler
                0x00000000000001dc                LESENSE_IRQHandler
                0x00000000000001dc                AES_IRQHandler
                0x00000000000001dc                VCMP_IRQHandler
                0x00000000000001dc                DMA_IRQHandler
                0x00000000000001dc                BusFault_Handler
                0x00000000000001dc                TIMER2_IRQHandler
                0x00000000000001dc                USART2_TX_IRQHandler
 .text.GetProdRev
                0x00000000000001e0       0x1c ./CMSIS/EFM32WG/system_efm32wg.o
 .text.SystemCoreClockGet
                0x00000000000001fc       0x34 ./CMSIS/EFM32WG/system_efm32wg.o
                0x00000000000001fc                SystemCoreClockGet
 .text.SystemMaxCoreClockGet
                0x0000000000000230       0x14 ./CMSIS/EFM32WG/system_efm32wg.o
                0x0000000000000230                SystemMaxCoreClockGet
 .text.SystemHFClockGet
                0x0000000000000244      0x100 ./CMSIS/EFM32WG/system_efm32wg.o
                0x0000000000000244                SystemHFClockGet
 .text.SystemHFXOClockGet
                0x0000000000000344       0x18 ./CMSIS/EFM32WG/system_efm32wg.o
                0x0000000000000344                SystemHFXOClockGet
 .text.SystemInit
                0x000000000000035c       0x20 ./CMSIS/EFM32WG/system_efm32wg.o
                0x000000000000035c                SystemInit
 .text.SystemLFRCOClockGet
                0x000000000000037c       0x14 ./CMSIS/EFM32WG/system_efm32wg.o
                0x000000000000037c                SystemLFRCOClockGet
 .text.SystemULFRCOClockGet
                0x0000000000000390       0x14 ./CMSIS/EFM32WG/system_efm32wg.o
                0x0000000000000390                SystemULFRCOClockGet
 .text.SystemLFXOClockGet
                0x00000000000003a4       0x18 ./CMSIS/EFM32WG/system_efm32wg.o
                0x00000000000003a4                SystemLFXOClockGet
 .text.NVIC_EnableIRQ
                0x00000000000003bc       0x30 ./Calendar/clock_tc.o
 .text.ADC_DataSingleGet
                0x00000000000003ec       0x18 ./Calendar/clock_tc.o
 .text.ADC_IntClear
                0x0000000000000404       0x1c ./Calendar/clock_tc.o
 .text.ADC_IntEnable
                0x0000000000000420       0x20 ./Calendar/clock_tc.o
 .text.ADC_Start
                0x0000000000000440       0x1c ./Calendar/clock_tc.o
 .text.EMU_EnterEM1
                0x000000000000045c       0x20 ./Calendar/clock_tc.o
 .text.INT_Disable
                0x000000000000047c       0x2c ./Calendar/clock_tc.o
 .text.INT_Enable
                0x00000000000004a8       0x3c ./Calendar/clock_tc.o
 .text.time     0x00000000000004e4       0x94 ./Calendar/clock_tc.o
                0x00000000000004e4                time
 .text.clockInit
                0x0000000000000578       0x78 ./Calendar/clock_tc.o
                0x0000000000000578                clockInit
 .text.clockSetStartCalendar
                0x00000000000005f0       0x20 ./Calendar/clock_tc.o
                0x00000000000005f0                clockSetStartCalendar
 .text.clockOverflow
                0x0000000000000610       0x20 ./Calendar/clock_tc.o
                0x0000000000000610                clockOverflow
 .text.clockTempSensorInit
                0x0000000000000630       0xc8 ./Calendar/clock_tc.o
 .text.clockReadThermometer
                0x00000000000006f8       0xc4 ./Calendar/clock_tc.o
 .text.clockDoTemperatureCompensation
                0x00000000000007bc       0xd8 ./Calendar/clock_tc.o
                0x00000000000007bc                clockDoTemperatureCompensation
 .text.ADC0_IRQHandler
                0x0000000000000894       0x14 ./Calendar/clock_tc.o
                0x0000000000000894                ADC0_IRQHandler
 .text.NVIC_EnableIRQ
                0x00000000000008a8       0x30 ./Calendar/main_calendar_tc.o
 .text.NVIC_ClearPendingIRQ
                0x00000000000008d8       0x34 ./Calendar/main_calendar_tc.o
 .text.RTC_IntClear
                0x000000000000090c       0x1c ./Calendar/main_calendar_tc.o
 .text.RTC_IntEnable
                0x0000000000000928       0x24 ./Calendar/main_calendar_tc.o
 .text.RTC_IntGet
                0x000000000000094c       0x18 ./Calendar/main_calendar_tc.o
 .text.main_calendar_setup
                0x0000000000000964       0x40 ./Calendar/main_calendar_tc.o
                0x0000000000000964                main_calendar_setup
 .text.rtcSetup
                0x00000000000009a4       0x70 ./Calendar/main_calendar_tc.o
                0x00000000000009a4                rtcSetup
 .text.RTC_IRQHandler
                0x0000000000000a14       0x50 ./Calendar/main_calendar_tc.o
                0x0000000000000a14                RTC_IRQHandler
 .text.disk_status
                0x0000000000000a64       0x28 ./FatFS/silabs_diskio.o
                0x0000000000000a64                disk_status
 .text.disk_initialize
                0x0000000000000a8c      0x1cc ./FatFS/silabs_diskio.o
                0x0000000000000a8c                disk_initialize
 .text.disk_read
                0x0000000000000c58       0xc8 ./FatFS/silabs_diskio.o
                0x0000000000000c58                disk_read
 .text.disk_write
                0x0000000000000d20       0xf4 ./FatFS/silabs_diskio.o
                0x0000000000000d20                disk_write
 .text.disk_ioctl
                0x0000000000000e14      0x32c ./FatFS/silabs_diskio.o
                0x0000000000000e14                disk_ioctl
 .text.ld_word  0x0000000000001140       0x30 ./FatFS/src/ff.o
 .text.ld_dword
                0x0000000000001170       0x48 ./FatFS/src/ff.o
 .text.ld_qword
                0x00000000000011b8      0x170 ./FatFS/src/ff.o
 .text.st_word  0x0000000000001328       0x34 ./FatFS/src/ff.o
 .text.st_dword
                0x000000000000135c       0x58 ./FatFS/src/ff.o
 .text.st_qword
                0x00000000000013b4      0x120 ./FatFS/src/ff.o
 .text.mem_cpy  0x00000000000014d4       0x40 ./FatFS/src/ff.o
 .text.mem_set  0x0000000000001514       0x34 ./FatFS/src/ff.o
 .text.mem_cmp  0x0000000000001548       0x50 ./FatFS/src/ff.o
 .text.chk_chr  0x0000000000001598       0x38 ./FatFS/src/ff.o
 .text.sync_window
                0x00000000000015d0       0x8c ./FatFS/src/ff.o
 .text.move_window
                0x000000000000165c       0x5c ./FatFS/src/ff.o
 .text.sync_fs  0x00000000000016b8       0xdc ./FatFS/src/ff.o
 .text.clust2sect
                0x0000000000001794       0x40 ./FatFS/src/ff.o
 .text.get_fat  0x00000000000017d4      0x208 ./FatFS/src/ff.o
 .text.put_fat  0x00000000000019dc      0x1d4 ./FatFS/src/ff.o
 .text.find_bitmap
                0x0000000000001bb0       0xf8 ./FatFS/src/ff.o
 .text.change_bitmap
                0x0000000000001ca8       0xd4 ./FatFS/src/ff.o
 .text.fill_fat_chain
                0x0000000000001d7c       0x60 ./FatFS/src/ff.o
 .text.remove_chain
                0x0000000000001ddc      0x168 ./FatFS/src/ff.o
 .text.create_chain
                0x0000000000001f44      0x1c8 ./FatFS/src/ff.o
 .text.dir_sdi  0x000000000000210c      0x10c ./FatFS/src/ff.o
 .text.dir_next
                0x0000000000002218      0x1a8 ./FatFS/src/ff.o
 .text.dir_alloc
                0x00000000000023c0       0xb8 ./FatFS/src/ff.o
 .text.ld_clust
                0x0000000000002478       0x40 ./FatFS/src/ff.o
 .text.st_clust
                0x00000000000024b8       0x40 ./FatFS/src/ff.o
 .text.cmp_lfn  0x00000000000024f8       0xe0 ./FatFS/src/ff.o
 .text.pick_lfn
                0x00000000000025d8       0xc8 ./FatFS/src/ff.o
 .text.put_lfn  0x00000000000026a0       0xcc ./FatFS/src/ff.o
 .text.gen_numname
                0x000000000000276c      0x11c ./FatFS/src/ff.o
 .text.sum_sfn  0x0000000000002888       0x44 ./FatFS/src/ff.o
 .text.xdir_sum
                0x00000000000028cc       0x74 ./FatFS/src/ff.o
 .text.xname_sum
                0x0000000000002940       0x80 ./FatFS/src/ff.o
 .text.load_xdir
                0x00000000000029c0      0x150 ./FatFS/src/ff.o
 .text.load_obj_dir
                0x0000000000002b10       0x78 ./FatFS/src/ff.o
 .text.store_xdir
                0x0000000000002b88       0xb4 ./FatFS/src/ff.o
 .text.create_xdir
                0x0000000000002c3c       0xcc ./FatFS/src/ff.o
 .text.dir_read
                0x0000000000002d08      0x184 ./FatFS/src/ff.o
 .text.dir_find
                0x0000000000002e8c      0x248 ./FatFS/src/ff.o
 .text.dir_register
                0x00000000000030d4      0x334 ./FatFS/src/ff.o
 .text.create_name
                0x0000000000003408      0x354 ./FatFS/src/ff.o
 .text.follow_path
                0x000000000000375c      0x148 ./FatFS/src/ff.o
 .text.get_ldnumber
                0x00000000000038a4       0x88 ./FatFS/src/ff.o
 .text.check_fs
                0x000000000000392c       0xc4 ./FatFS/src/ff.o
 .text.find_volume
                0x00000000000039f0      0x66c ./FatFS/src/ff.o
 .text.validate
                0x000000000000405c       0x68 ./FatFS/src/ff.o
 .text.f_mount  0x00000000000040c4       0x94 ./FatFS/src/ff.o
                0x00000000000040c4                f_mount
 .text.f_open   0x0000000000004158      0x4dc ./FatFS/src/ff.o
                0x0000000000004158                f_open
 .text.f_write  0x0000000000004634      0x350 ./FatFS/src/ff.o
                0x0000000000004634                f_write
 .text.f_sync   0x0000000000004984      0x228 ./FatFS/src/ff.o
                0x0000000000004984                f_sync
 .text.f_close  0x0000000000004bac       0x40 ./FatFS/src/ff.o
                0x0000000000004bac                f_close
 .text.ff_convert
                0x0000000000004bec       0x74 ./FatFS/src/option/unicode.o
                0x0000000000004bec                ff_convert
 .text.ff_wtoupper
                0x0000000000004c60      0x114 ./FatFS/src/option/unicode.o
                0x0000000000004c60                ff_wtoupper
 .text.ADC_LoadDevinfoCal
                0x0000000000004d74      0x120 ./emlib/em_adc.o
 .text.ADC_Init
                0x0000000000004e94       0x88 ./emlib/em_adc.o
                0x0000000000004e94                ADC_Init
 .text.ADC_InitSingle
                0x0000000000004f1c       0x9c ./emlib/em_adc.o
                0x0000000000004f1c                ADC_InitSingle
 .text.ADC_PrescaleCalc
                0x0000000000004fb8       0x64 ./emlib/em_adc.o
                0x0000000000004fb8                ADC_PrescaleCalc
 .text.ADC_TimebaseCalc
                0x000000000000501c       0x60 ./emlib/em_adc.o
                0x000000000000501c                ADC_TimebaseCalc
 .text.BUS_RegBitWrite
                0x000000000000507c       0x2c ./emlib/em_cmu.o
 .text.BUS_RegBitRead
                0x00000000000050a8       0x2c ./emlib/em_cmu.o
 .text.CMU_DivToLog2
                0x00000000000050d4       0x34 ./emlib/em_cmu.o
 .text.SYSTEM_GetProdRev
                0x0000000000005108       0x1c ./emlib/em_cmu.o
 .text.setHfLeConfig
                0x0000000000005124       0x3c ./emlib/em_cmu.o
 .text.getHfLeConfig
                0x0000000000005160       0x2c ./emlib/em_cmu.o
 .text.auxClkGet
                0x000000000000518c       0xb0 ./emlib/em_cmu.o
 .text.dbgClkGet
                0x000000000000523c       0x40 ./emlib/em_cmu.o
 .text.flashWaitStateControl
                0x000000000000527c       0xb8 ./emlib/em_cmu.o
 .text.flashWaitStateMax
                0x0000000000005334       0x14 ./emlib/em_cmu.o
 .text.lfClkGet
                0x0000000000005348       0xec ./emlib/em_cmu.o
 .text.syncReg  0x0000000000005434       0x34 ./emlib/em_cmu.o
 .text.CMU_ClockDivSet
                0x0000000000005468      0x22c ./emlib/em_cmu.o
                0x0000000000005468                CMU_ClockDivSet
 .text.CMU_ClockEnable
                0x0000000000005694       0xd4 ./emlib/em_cmu.o
                0x0000000000005694                CMU_ClockEnable
 .text.CMU_ClockFreqGet
                0x0000000000005768      0x1c8 ./emlib/em_cmu.o
                0x0000000000005768                CMU_ClockFreqGet
 .text.CMU_ClockSelectGet
                0x0000000000005930      0x124 ./emlib/em_cmu.o
                0x0000000000005930                CMU_ClockSelectGet
 .text.CMU_ClockSelectSet
                0x0000000000005a54      0x228 ./emlib/em_cmu.o
                0x0000000000005a54                CMU_ClockSelectSet
 .text.CMU_OscillatorEnable
                0x0000000000005c7c       0xc0 ./emlib/em_cmu.o
                0x0000000000005c7c                CMU_OscillatorEnable
 .text.EMU_UpdateOscConfig
                0x0000000000005d3c       0x1c ./emlib/em_emu.o
                0x0000000000005d3c                EMU_UpdateOscConfig
 .text.BUS_RegBitWrite
                0x0000000000005d58       0x2c ./emlib/em_gpio.o
 .text.BUS_RegMaskedWrite
                0x0000000000005d84       0x28 ./emlib/em_gpio.o
 .text.GPIO_PinOutClear
                0x0000000000005dac       0x58 ./emlib/em_gpio.o
 .text.GPIO_PinOutSet
                0x0000000000005e04       0x58 ./emlib/em_gpio.o
 .text.GPIO_ExtIntConfig
                0x0000000000005e5c       0xd0 ./emlib/em_gpio.o
                0x0000000000005e5c                GPIO_ExtIntConfig
 .text.GPIO_PinModeSet
                0x0000000000005f2c      0x10c ./emlib/em_gpio.o
                0x0000000000005f2c                GPIO_PinModeSet
 .text.BUS_RegBitWrite
                0x0000000000006038       0x2c ./emlib/em_rtc.o
 .text.RTC_CompareSet
                0x0000000000006064       0x4c ./emlib/em_rtc.o
                0x0000000000006064                RTC_CompareSet
 .text.RTC_Enable
                0x00000000000060b0       0x20 ./emlib/em_rtc.o
                0x00000000000060b0                RTC_Enable
 .text.RTC_Init
                0x00000000000060d0       0x50 ./emlib/em_rtc.o
                0x00000000000060d0                RTC_Init
 .text.BUS_RegMaskedWrite
                0x0000000000006120       0x28 ./emlib/em_usart.o
 .text.USART_BaudrateAsyncSet
                0x0000000000006148       0xb0 ./emlib/em_usart.o
                0x0000000000006148                USART_BaudrateAsyncSet
 .text.USART_BaudrateSyncSet
                0x00000000000061f8       0x74 ./emlib/em_usart.o
                0x00000000000061f8                USART_BaudrateSyncSet
 .text.USART_Enable
                0x000000000000626c       0x58 ./emlib/em_usart.o
                0x000000000000626c                USART_Enable
 .text.USART_InitAsync
                0x00000000000062c4       0x9c ./emlib/em_usart.o
                0x00000000000062c4                USART_InitAsync
 .text.USART_InitSync
                0x0000000000006360       0xcc ./emlib/em_usart.o
                0x0000000000006360                USART_InitSync
 .text.USART_Reset
                0x000000000000642c       0x98 ./emlib/em_usart.o
                0x000000000000642c                USART_Reset
 .text.USART_Rx
                0x00000000000064c4       0x28 ./emlib/em_usart.o
                0x00000000000064c4                USART_Rx
 .text.USART_RxDouble
                0x00000000000064ec       0x28 ./emlib/em_usart.o
                0x00000000000064ec                USART_RxDouble
 .text.USART_SpiTransfer
                0x0000000000006514       0x40 ./emlib/em_usart.o
                0x0000000000006514                USART_SpiTransfer
 .text.USART_Tx
                0x0000000000006554       0x2c ./emlib/em_usart.o
                0x0000000000006554                USART_Tx
 .text.USART_TxDouble
                0x0000000000006580       0x2c ./emlib/em_usart.o
                0x0000000000006580                USART_TxDouble
 .text.WaitReady
                0x00000000000065ac       0x40 ./emlib/microsd.o
 .text.MICROSD_Init
                0x00000000000065ec       0xa4 ./emlib/microsd.o
                0x00000000000065ec                MICROSD_Init
 .text.MICROSD_XferSpi
                0x0000000000006690       0x38 ./emlib/microsd.o
                0x0000000000006690                MICROSD_XferSpi
 .text.MICROSD_Deselect
                0x00000000000066c8       0x18 ./emlib/microsd.o
                0x00000000000066c8                MICROSD_Deselect
 .text.MICROSD_Select
                0x00000000000066e0       0x28 ./emlib/microsd.o
                0x00000000000066e0                MICROSD_Select
 .text.MICROSD_PowerOn
                0x0000000000006708       0x14 ./emlib/microsd.o
                0x0000000000006708                MICROSD_PowerOn
 .text.MICROSD_PowerOff
                0x000000000000671c       0x1c ./emlib/microsd.o
                0x000000000000671c                MICROSD_PowerOff
 .text.MICROSD_BlockRx
                0x0000000000006738      0x110 ./emlib/microsd.o
                0x0000000000006738                MICROSD_BlockRx
 .text.MICROSD_BlockTx
                0x0000000000006848      0x124 ./emlib/microsd.o
                0x0000000000006848                MICROSD_BlockTx
 .text.MICROSD_SendCmd
                0x000000000000696c       0xd8 ./emlib/microsd.o
                0x000000000000696c                MICROSD_SendCmd
 .text.MICROSD_SpiClkSlow
                0x0000000000006a44       0x24 ./emlib/microsd.o
                0x0000000000006a44                MICROSD_SpiClkSlow
 .text.MICROSD_SpiClkFast
                0x0000000000006a68       0x24 ./emlib/microsd.o
                0x0000000000006a68                MICROSD_SpiClkFast
 .text.MICROSD_TimeOutSet
                0x0000000000006a8c       0x28 ./emlib/microsd.o
                0x0000000000006a8c                MICROSD_TimeOutSet
 .text.MICROSD_TimeOutElapsed
                0x0000000000006ab4       0x20 ./emlib/microsd.o
                0x0000000000006ab4                MICROSD_TimeOutElapsed
 .text.MADRE_Sampling
                0x0000000000006ad4       0xd0 ./src/epilometer_sampling.o
                0x0000000000006ad4                MADRE_Sampling
 .text.NVIC_EnableIRQ
                0x0000000000006ba4       0x30 ./src/epsilometer_CMU_init.o
 .text.CMU_IntClear
                0x0000000000006bd4       0x1c ./src/epsilometer_CMU_init.o
 .text.CMU_IntEnable
                0x0000000000006bf0       0x24 ./src/epsilometer_CMU_init.o
 .text.CMU_IntGet
                0x0000000000006c14       0x18 ./src/epsilometer_CMU_init.o
 .text.CMU_IRQHandler
                0x0000000000006c2c       0x40 ./src/epsilometer_CMU_init.o
                0x0000000000006c2c                CMU_IRQHandler
 .text.init_CMU
                0x0000000000006c6c       0x8c ./src/epsilometer_CMU_init.o
                0x0000000000006c6c                init_CMU
 .text.init_GPIO
                0x0000000000006cf8       0xa0 ./src/epsilometer_GPIO_init.o
                0x0000000000006cf8                init_GPIO
 .text.initSD   0x0000000000006d98      0x21c ./src/epsilometer_SDcard.o
                0x0000000000006d98                initSD
 .text.writeSD  0x0000000000006fb4       0x50 ./src/epsilometer_SDcard.o
                0x0000000000006fb4                writeSD
 .text.get_fattime
                0x0000000000007004       0x4c ./src/epsilometer_SDcard.o
                0x0000000000007004                get_fattime
 .text.init_TIMER
                0x0000000000007050      0x174 ./src/epsilometer_TIMER_init.o
                0x0000000000007050                init_TIMER
 .text.NVIC_EnableIRQ
                0x00000000000071c4       0x30 ./src/epsilometer_analog.o
 .text.NVIC_ClearPendingIRQ
                0x00000000000071f4       0x34 ./src/epsilometer_analog.o
 .text.GPIO_IntClear
                0x0000000000007228       0x20 ./src/epsilometer_analog.o
 .text.GPIO_IntDisable
                0x0000000000007248       0x28 ./src/epsilometer_analog.o
 .text.GPIO_IntEnable
                0x0000000000007270       0x28 ./src/epsilometer_analog.o
 .text.USART_IntEnable
                0x0000000000007298       0x20 ./src/epsilometer_analog.o
 .text.Set_Value_16Bit_Register
                0x00000000000072b8       0x8c ./src/epsilometer_analog.o
                0x00000000000072b8                Set_Value_16Bit_Register
 .text.define_ADC_configuration
                0x0000000000007344      0x3bc ./src/epsilometer_analog.o
                0x0000000000007344                define_ADC_configuration
 .text.AD7124_SetRegisterValue
                0x0000000000007700       0x78 ./src/epsilometer_analog.o
                0x0000000000007700                AD7124_SetRegisterValue
 .text.AD7124_GetRegisterValue
                0x0000000000007778       0x8c ./src/epsilometer_analog.o
                0x0000000000007778                AD7124_GetRegisterValue
 .text.AD7124_Reset
                0x0000000000007804       0x3c ./src/epsilometer_analog.o
                0x0000000000007804                AD7124_Reset
 .text.AD7124_StartConversion
                0x0000000000007840       0x48 ./src/epsilometer_analog.o
                0x0000000000007840                AD7124_StartConversion
 .text.AD7124_ConfigureDevice
                0x0000000000007888       0xbc ./src/epsilometer_analog.o
                0x0000000000007888                AD7124_ConfigureDevice
 .text.AD7124_ChipSelect
                0x0000000000007944       0x28 ./src/epsilometer_analog.o
                0x0000000000007944                AD7124_ChipSelect
 .text.SPI_xfer
                0x000000000000796c       0x5c ./src/epsilometer_analog.o
                0x000000000000796c                SPI_xfer
 .text.init_SPI
                0x00000000000079c8       0x80 ./src/epsilometer_analog.o
                0x00000000000079c8                init_SPI
 .text.setupGpioInt
                0x0000000000007a48       0x38 ./src/epsilometer_analog.o
                0x0000000000007a48                setupGpioInt
 .text.GPIO_ODD_IRQHandler
                0x0000000000007a80      0x230 ./src/epsilometer_analog.o
                0x0000000000007a80                GPIO_ODD_IRQHandler
 .text.NVIC_EnableIRQ
                0x0000000000007cb0       0x30 ./src/epsilometer_coms.o
 .text.NVIC_ClearPendingIRQ
                0x0000000000007ce0       0x34 ./src/epsilometer_coms.o
 .text.NVIC_SetPriority
                0x0000000000007d14       0x54 ./src/epsilometer_coms.o
 .text.USART_IntDisable
                0x0000000000007d68       0x24 ./src/epsilometer_coms.o
 .text.UART_Setup
                0x0000000000007d8c       0xa0 ./src/epsilometer_coms.o
                0x0000000000007d8c                UART_Setup
 .text.USART1_TX_IRQHandler
                0x0000000000007e2c       0xd0 ./src/epsilometer_coms.o
                0x0000000000007e2c                USART1_TX_IRQHandler
 .text.CHIP_Init
                0x0000000000007efc        0xc ./src/epsilometer_main.o
 .text.main     0x0000000000007f08       0x48 ./src/epsilometer_main.o
                0x0000000000007f08                main
 .text.MADRE_menu
                0x0000000000007f50       0xa8 ./src/epsilometer_menu.o
                0x0000000000007f50                MADRE_menu
 .text.MADRE_Change_Config
                0x0000000000007ff8       0xc0 ./src/epsilometer_menu.o
                0x0000000000007ff8                MADRE_Change_Config
 .text.MADRE_Config
                0x00000000000080b8       0xe8 ./src/epsilometer_menu.o
                0x00000000000080b8                MADRE_Config
 .text.MADRE_resume_sampling
                0x00000000000081a0       0x38 ./src/epsilometer_menu.o
                0x00000000000081a0                MADRE_resume_sampling
 .text.round    0x00000000000081d8       0x9c /Applications/Simplicity Studio.app/Contents/Eclipse/developer/toolchains/gnu_arm/4.9_2015q3/bin/../lib/gcc/arm-none-eabi/4.9.3/../../../../arm-none-eabi/lib/armv7e-m/softfp/libm.a(lib_a-s_round.o)
                0x00000000000081d8                round
 .text          0x0000000000008274      0x370 /Applications/Simplicity Studio.app/Contents/Eclipse/developer/toolchains/gnu_arm/4.9_2015q3/bin/../lib/gcc/arm-none-eabi/4.9.3/armv7e-m/softfp/libgcc.a(_arm_addsubdf3.o)
                0x0000000000008274                __aeabi_drsub
                0x000000000000827c                __subdf3
                0x000000000000827c                __aeabi_dsub
                0x0000000000008280                __aeabi_dadd
                0x0000000000008280                __adddf3
                0x00000000000084f8                __aeabi_ui2d
                0x00000000000084f8                __floatunsidf
                0x0000000000008518                __floatsidf
                0x0000000000008518                __aeabi_i2d
                0x000000000000853c                __extendsfdf2
                0x000000000000853c                __aeabi_f2d
                0x0000000000008578                __aeabi_ul2d
                0x0000000000008578                __floatundidf
                0x0000000000008588                __aeabi_l2d
                0x0000000000008588                __floatdidf
 .text          0x00000000000085e4      0x424 /Applications/Simplicity Studio.app/Contents/Eclipse/developer/toolchains/gnu_arm/4.9_2015q3/bin/../lib/gcc/arm-none-eabi/4.9.3/armv7e-m/softfp/libgcc.a(_arm_muldivdf3.o)
                0x00000000000085e4                __aeabi_dmul
                0x00000000000085e4                __muldf3
                0x0000000000008838                __aeabi_ddiv
                0x0000000000008838                __divdf3
 .text          0x0000000000008a08       0x50 /Applications/Simplicity Studio.app/Contents/Eclipse/developer/toolchains/gnu_arm/4.9_2015q3/bin/../lib/gcc/arm-none-eabi/4.9.3/armv7e-m/softfp/libgcc.a(_arm_fixdfsi.o)
                0x0000000000008a08                __fixdfsi
                0x0000000000008a08                __aeabi_d2iz
 .text          0x0000000000008a58       0x40 /Applications/Simplicity Studio.app/Contents/Eclipse/developer/toolchains/gnu_arm/4.9_2015q3/bin/../lib/gcc/arm-none-eabi/4.9.3/armv7e-m/softfp/libgcc.a(_arm_fixunsdfsi.o)
                0x0000000000008a58                __fixunsdfsi
                0x0000000000008a58                __aeabi_d2uiz
 .text.abs      0x0000000000008a98        0x8 /Applications/Simplicity Studio.app/Contents/Eclipse/developer/toolchains/gnu_arm/4.9_2015q3/bin/../lib/gcc/arm-none-eabi/4.9.3/../../../../arm-none-eabi/lib/armv7e-m/softfp/libc_nano.a(lib_a-abs.o)
                0x0000000000008a98                abs
 .text.ctime_r  0x0000000000008aa0       0x16 /Applications/Simplicity Studio.app/Contents/Eclipse/developer/toolchains/gnu_arm/4.9_2015q3/bin/../lib/gcc/arm-none-eabi/4.9.3/../../../../arm-none-eabi/lib/armv7e-m/softfp/libc_nano.a(lib_a-ctime_r.o)
                0x0000000000008aa0                ctime_r
 *fill*         0x0000000000008ab6        0x2 
 .text.exit     0x0000000000008ab8       0x28 /Applications/Simplicity Studio.app/Contents/Eclipse/developer/toolchains/gnu_arm/4.9_2015q3/bin/../lib/gcc/arm-none-eabi/4.9.3/../../../../arm-none-eabi/lib/armv7e-m/softfp/libc_nano.a(lib_a-exit.o)
                0x0000000000008ab8                exit
 .text.__libc_init_array
                0x0000000000008ae0       0x4c /Applications/Simplicity Studio.app/Contents/Eclipse/developer/toolchains/gnu_arm/4.9_2015q3/bin/../lib/gcc/arm-none-eabi/4.9.3/../../../../arm-none-eabi/lib/armv7e-m/softfp/libc_nano.a(lib_a-init.o)
                0x0000000000008ae0                __libc_init_array
 .text.localtime_r
                0x0000000000008b2c      0x1cc /Applications/Simplicity Studio.app/Contents/Eclipse/developer/toolchains/gnu_arm/4.9_2015q3/bin/../lib/gcc/arm-none-eabi/4.9.3/../../../../arm-none-eabi/lib/armv7e-m/softfp/libc_nano.a(lib_a-lcltime_r.o)
                0x0000000000008b2c                localtime_r
 .text.malloc   0x0000000000008cf8       0x10 /Applications/Simplicity Studio.app/Contents/Eclipse/developer/toolchains/gnu_arm/4.9_2015q3/bin/../lib/gcc/arm-none-eabi/4.9.3/../../../../arm-none-eabi/lib/armv7e-m/softfp/libc_nano.a(lib_a-malloc.o)
                0x0000000000008cf8                malloc
 .text.free     0x0000000000008d08       0x10 /Applications/Simplicity Studio.app/Contents/Eclipse/developer/toolchains/gnu_arm/4.9_2015q3/bin/../lib/gcc/arm-none-eabi/4.9.3/../../../../arm-none-eabi/lib/armv7e-m/softfp/libc_nano.a(lib_a-malloc.o)
                0x0000000000008d08                free
 .text.memset   0x0000000000008d18       0x10 /Applications/Simplicity Studio.app/Contents/Eclipse/developer/toolchains/gnu_arm/4.9_2015q3/bin/../lib/gcc/arm-none-eabi/4.9.3/../../../../arm-none-eabi/lib/armv7e-m/softfp/libc_nano.a(lib_a-memset.o)
                0x0000000000008d18                memset
 .text.validate_structure
                0x0000000000008d28      0x1ac /Applications/Simplicity Studio.app/Contents/Eclipse/developer/toolchains/gnu_arm/4.9_2015q3/bin/../lib/gcc/arm-none-eabi/4.9.3/../../../../arm-none-eabi/lib/armv7e-m/softfp/libc_nano.a(lib_a-mktime.o)
 .text.mktime   0x0000000000008ed4      0x2f8 /Applications/Simplicity Studio.app/Contents/Eclipse/developer/toolchains/gnu_arm/4.9_2015q3/bin/../lib/gcc/arm-none-eabi/4.9.3/../../../../arm-none-eabi/lib/armv7e-m/softfp/libc_nano.a(lib_a-mktime.o)
                0x0000000000008ed4                mktime
 .text._free_r  0x00000000000091cc       0x88 /Applications/Simplicity Studio.app/Contents/Eclipse/developer/toolchains/gnu_arm/4.9_2015q3/bin/../lib/gcc/arm-none-eabi/4.9.3/../../../../arm-none-eabi/lib/armv7e-m/softfp/libc_nano.a(lib_a-nano-freer.o)
                0x00000000000091cc                _free_r
 .text._malloc_r
                0x0000000000009254       0xac /Applications/Simplicity Studio.app/Contents/Eclipse/developer/toolchains/gnu_arm/4.9_2015q3/bin/../lib/gcc/arm-none-eabi/4.9.3/../../../../arm-none-eabi/lib/armv7e-m/softfp/libc_nano.a(lib_a-nano-mallocr.o)
                0x0000000000009254                _malloc_r
 .text._sbrk_r  0x0000000000009300       0x20 /Applications/Simplicity Studio.app/Contents/Eclipse/developer/toolchains/gnu_arm/4.9_2015q3/bin/../lib/gcc/arm-none-eabi/4.9.3/../../../../arm-none-eabi/lib/armv7e-m/softfp/libc_nano.a(lib_a-sbrkr.o)
                0x0000000000009300                _sbrk_r
 .text.sprintf  0x0000000000009320       0x48 /Applications/Simplicity Studio.app/Contents/Eclipse/developer/toolchains/gnu_arm/4.9_2015q3/bin/../lib/gcc/arm-none-eabi/4.9.3/../../../../arm-none-eabi/lib/armv7e-m/softfp/libc_nano.a(lib_a-sprintf.o)
                0x0000000000009320                sprintf
                0x0000000000009320                siprintf
 .text.strlen   0x0000000000009368       0x10 /Applications/Simplicity Studio.app/Contents/Eclipse/developer/toolchains/gnu_arm/4.9_2015q3/bin/../lib/gcc/arm-none-eabi/4.9.3/../../../../arm-none-eabi/lib/armv7e-m/softfp/libc_nano.a(lib_a-strlen.o)
                0x0000000000009368                strlen
 .text.strncpy  0x0000000000009378       0x24 /Applications/Simplicity Studio.app/Contents/Eclipse/developer/toolchains/gnu_arm/4.9_2015q3/bin/../lib/gcc/arm-none-eabi/4.9.3/../../../../arm-none-eabi/lib/armv7e-m/softfp/libc_nano.a(lib_a-strncpy.o)
                0x0000000000009378                strncpy
 .text.__tzcalc_limits
                0x000000000000939c      0x14c /Applications/Simplicity Studio.app/Contents/Eclipse/developer/toolchains/gnu_arm/4.9_2015q3/bin/../lib/gcc/arm-none-eabi/4.9.3/../../../../arm-none-eabi/lib/armv7e-m/softfp/libc_nano.a(lib_a-tzcalc_limits.o)
                0x000000000000939c                __tzcalc_limits
 .text.__tz_lock
                0x00000000000094e8        0x2 /Applications/Simplicity Studio.app/Contents/Eclipse/developer/toolchains/gnu_arm/4.9_2015q3/bin/../lib/gcc/arm-none-eabi/4.9.3/../../../../arm-none-eabi/lib/armv7e-m/softfp/libc_nano.a(lib_a-tzlock.o)
                0x00000000000094e8                __tz_lock
 .text.__tz_unlock
                0x00000000000094ea        0x2 /Applications/Simplicity Studio.app/Contents/Eclipse/developer/toolchains/gnu_arm/4.9_2015q3/bin/../lib/gcc/arm-none-eabi/4.9.3/../../../../arm-none-eabi/lib/armv7e-m/softfp/libc_nano.a(lib_a-tzlock.o)
                0x00000000000094ea                __tz_unlock
 .text._tzset_unlocked
                0x00000000000094ec        0xc /Applications/Simplicity Studio.app/Contents/Eclipse/developer/toolchains/gnu_arm/4.9_2015q3/bin/../lib/gcc/arm-none-eabi/4.9.3/../../../../arm-none-eabi/lib/armv7e-m/softfp/libc_nano.a(lib_a-tzset.o)
                0x00000000000094ec                _tzset_unlocked
 .text._tzset_unlocked_r
                0x00000000000094f8      0x304 /Applications/Simplicity Studio.app/Contents/Eclipse/developer/toolchains/gnu_arm/4.9_2015q3/bin/../lib/gcc/arm-none-eabi/4.9.3/../../../../arm-none-eabi/lib/armv7e-m/softfp/libc_nano.a(lib_a-tzset_r.o)
                0x00000000000094f8                _tzset_unlocked_r
 .text.asctime_r
                0x00000000000097fc       0x4c /Applications/Simplicity Studio.app/Contents/Eclipse/developer/toolchains/gnu_arm/4.9_2015q3/bin/../lib/gcc/arm-none-eabi/4.9.3/../../../../arm-none-eabi/lib/armv7e-m/softfp/libc_nano.a(lib_a-asctime_r.o)
                0x00000000000097fc                asctime_r
 .text.div      0x0000000000009848       0x28 /Applications/Simplicity Studio.app/Contents/Eclipse/developer/toolchains/gnu_arm/4.9_2015q3/bin/../lib/gcc/arm-none-eabi/4.9.3/../../../../arm-none-eabi/lib/armv7e-m/softfp/libc_nano.a(lib_a-div.o)
                0x0000000000009848                div
 .text._findenv_r
                0x0000000000009870       0x78 /Applications/Simplicity Studio.app/Contents/Eclipse/developer/toolchains/gnu_arm/4.9_2015q3/bin/../lib/gcc/arm-none-eabi/4.9.3/../../../../arm-none-eabi/lib/armv7e-m/softfp/libc_nano.a(lib_a-getenv_r.o)
                0x0000000000009870                _findenv_r
 .text._getenv_r
                0x00000000000098e8        0xe /Applications/Simplicity Studio.app/Contents/Eclipse/developer/toolchains/gnu_arm/4.9_2015q3/bin/../lib/gcc/arm-none-eabi/4.9.3/../../../../arm-none-eabi/lib/armv7e-m/softfp/libc_nano.a(lib_a-getenv_r.o)
                0x00000000000098e8                _getenv_r
 *fill*         0x00000000000098f6        0x2 
 .text.__gettzinfo
                0x00000000000098f8        0x8 /Applications/Simplicity Studio.app/Contents/Eclipse/developer/toolchains/gnu_arm/4.9_2015q3/bin/../lib/gcc/arm-none-eabi/4.9.3/../../../../arm-none-eabi/lib/armv7e-m/softfp/libc_nano.a(lib_a-gettzinfo.o)
                0x00000000000098f8                __gettzinfo
 .text.gmtime_r
                0x0000000000009900      0x12c /Applications/Simplicity Studio.app/Contents/Eclipse/developer/toolchains/gnu_arm/4.9_2015q3/bin/../lib/gcc/arm-none-eabi/4.9.3/../../../../arm-none-eabi/lib/armv7e-m/softfp/libc_nano.a(lib_a-gmtime_r.o)
                0x0000000000009900                gmtime_r
 .text.__ssputs_r
                0x0000000000009a2c       0xb2 /Applications/Simplicity Studio.app/Contents/Eclipse/developer/toolchains/gnu_arm/4.9_2015q3/bin/../lib/gcc/arm-none-eabi/4.9.3/../../../../arm-none-eabi/lib/armv7e-m/softfp/libc_nano.a(lib_a-nano-svfprintf.o)
                0x0000000000009a2c                __ssputs_r
 *fill*         0x0000000000009ade        0x2 
 .text._svfprintf_r
                0x0000000000009ae0      0x1e4 /Applications/Simplicity Studio.app/Contents/Eclipse/developer/toolchains/gnu_arm/4.9_2015q3/bin/../lib/gcc/arm-none-eabi/4.9.3/../../../../arm-none-eabi/lib/armv7e-m/softfp/libc_nano.a(lib_a-nano-svfprintf.o)
                0x0000000000009ae0                _svfprintf_r
                0x0000000000009ae0                _svfiprintf_r
 .text._printf_common
                0x0000000000009cc4       0xea /Applications/Simplicity Studio.app/Contents/Eclipse/developer/toolchains/gnu_arm/4.9_2015q3/bin/../lib/gcc/arm-none-eabi/4.9.3/../../../../arm-none-eabi/lib/armv7e-m/softfp/libc_nano.a(lib_a-nano-vfprintf_i.o)
                0x0000000000009cc4                _printf_common
 *fill*         0x0000000000009dae        0x2 
 .text._printf_i
                0x0000000000009db0      0x240 /Applications/Simplicity Studio.app/Contents/Eclipse/developer/toolchains/gnu_arm/4.9_2015q3/bin/../lib/gcc/arm-none-eabi/4.9.3/../../../../arm-none-eabi/lib/armv7e-m/softfp/libc_nano.a(lib_a-nano-vfprintf_i.o)
                0x0000000000009db0                _printf_i
 .text.sscanf   0x0000000000009ff0       0x54 /Applications/Simplicity Studio.app/Contents/Eclipse/developer/toolchains/gnu_arm/4.9_2015q3/bin/../lib/gcc/arm-none-eabi/4.9.3/../../../../arm-none-eabi/lib/armv7e-m/softfp/libc_nano.a(lib_a-sscanf.o)
                0x0000000000009ff0                sscanf
                0x0000000000009ff0                siscanf
 .text.__seofread
                0x000000000000a044        0x4 /Applications/Simplicity Studio.app/Contents/Eclipse/developer/toolchains/gnu_arm/4.9_2015q3/bin/../lib/gcc/arm-none-eabi/4.9.3/../../../../arm-none-eabi/lib/armv7e-m/softfp/libc_nano.a(lib_a-stdio.o)
                0x000000000000a044                __seofread
 .text          0x000000000000a048       0x14 /Applications/Simplicity Studio.app/Contents/Eclipse/developer/toolchains/gnu_arm/4.9_2015q3/bin/../lib/gcc/arm-none-eabi/4.9.3/../../../../arm-none-eabi/lib/armv7e-m/softfp/libc_nano.a(lib_a-strcmp.o)
                0x000000000000a048                strcmp
 .text.strcpy   0x000000000000a05c       0x10 /Applications/Simplicity Studio.app/Contents/Eclipse/developer/toolchains/gnu_arm/4.9_2015q3/bin/../lib/gcc/arm-none-eabi/4.9.3/../../../../arm-none-eabi/lib/armv7e-m/softfp/libc_nano.a(lib_a-strcpy.o)
                0x000000000000a05c                strcpy
 .text.strncmp  0x000000000000a06c       0x34 /Applications/Simplicity Studio.app/Contents/Eclipse/developer/toolchains/gnu_arm/4.9_2015q3/bin/../lib/gcc/arm-none-eabi/4.9.3/../../../../arm-none-eabi/lib/armv7e-m/softfp/libc_nano.a(lib_a-strncmp.o)
                0x000000000000a06c                strncmp
 .text._strtoul_r
                0x000000000000a0a0       0xf8 /Applications/Simplicity Studio.app/Contents/Eclipse/developer/toolchains/gnu_arm/4.9_2015q3/bin/../lib/gcc/arm-none-eabi/4.9.3/../../../../arm-none-eabi/lib/armv7e-m/softfp/libc_nano.a(lib_a-strtoul.o)
                0x000000000000a0a0                _strtoul_r
 .text.strtoul  0x000000000000a198       0x1c /Applications/Simplicity Studio.app/Contents/Eclipse/developer/toolchains/gnu_arm/4.9_2015q3/bin/../lib/gcc/arm-none-eabi/4.9.3/../../../../arm-none-eabi/lib/armv7e-m/softfp/libc_nano.a(lib_a-strtoul.o)
                0x000000000000a198                strtoul
 .text.__env_lock
                0x000000000000a1b4        0x2 /Applications/Simplicity Studio.app/Contents/Eclipse/developer/toolchains/gnu_arm/4.9_2015q3/bin/../lib/gcc/arm-none-eabi/4.9.3/../../../../arm-none-eabi/lib/armv7e-m/softfp/libc_nano.a(lib_a-envlock.o)
                0x000000000000a1b4                __env_lock
 .text.__env_unlock
                0x000000000000a1b6        0x2 /Applications/Simplicity Studio.app/Contents/Eclipse/developer/toolchains/gnu_arm/4.9_2015q3/bin/../lib/gcc/arm-none-eabi/4.9.3/../../../../arm-none-eabi/lib/armv7e-m/softfp/libc_nano.a(lib_a-envlock.o)
                0x000000000000a1b6                __env_unlock
 .text.memchr   0x000000000000a1b8       0x1e /Applications/Simplicity Studio.app/Contents/Eclipse/developer/toolchains/gnu_arm/4.9_2015q3/bin/../lib/gcc/arm-none-eabi/4.9.3/../../../../arm-none-eabi/lib/armv7e-m/softfp/libc_nano.a(lib_a-memchr.o)
                0x000000000000a1b8                memchr
 .text.memcpy   0x000000000000a1d6       0x16 /Applications/Simplicity Studio.app/Contents/Eclipse/developer/toolchains/gnu_arm/4.9_2015q3/bin/../lib/gcc/arm-none-eabi/4.9.3/../../../../arm-none-eabi/lib/armv7e-m/softfp/libc_nano.a(lib_a-memcpy.o)
                0x000000000000a1d6                memcpy
 .text.memmove  0x000000000000a1ec       0x36 /Applications/Simplicity Studio.app/Contents/Eclipse/developer/toolchains/gnu_arm/4.9_2015q3/bin/../lib/gcc/arm-none-eabi/4.9.3/../../../../arm-none-eabi/lib/armv7e-m/softfp/libc_nano.a(lib_a-memmove.o)
                0x000000000000a1ec                memmove
 .text._realloc_r
                0x000000000000a222       0x4c /Applications/Simplicity Studio.app/Contents/Eclipse/developer/toolchains/gnu_arm/4.9_2015q3/bin/../lib/gcc/arm-none-eabi/4.9.3/../../../../arm-none-eabi/lib/armv7e-m/softfp/libc_nano.a(lib_a-nano-reallocr.o)
                0x000000000000a222                _realloc_r
 .text._sungetc_r
                0x000000000000a26e       0x7a /Applications/Simplicity Studio.app/Contents/Eclipse/developer/toolchains/gnu_arm/4.9_2015q3/bin/../lib/gcc/arm-none-eabi/4.9.3/../../../../arm-none-eabi/lib/armv7e-m/softfp/libc_nano.a(lib_a-nano-svfscanf.o)
                0x000000000000a26e                _sungetc_r
 .text.__ssrefill_r
                0x000000000000a2e8       0x3a /Applications/Simplicity Studio.app/Contents/Eclipse/developer/toolchains/gnu_arm/4.9_2015q3/bin/../lib/gcc/arm-none-eabi/4.9.3/../../../../arm-none-eabi/lib/armv7e-m/softfp/libc_nano.a(lib_a-nano-svfscanf.o)
                0x000000000000a2e8                __ssrefill_r
 *fill*         0x000000000000a322        0x2 
 .text.__ssvfscanf_r
                0x000000000000a324      0x29c /Applications/Simplicity Studio.app/Contents/Eclipse/developer/toolchains/gnu_arm/4.9_2015q3/bin/../lib/gcc/arm-none-eabi/4.9.3/../../../../arm-none-eabi/lib/armv7e-m/softfp/libc_nano.a(lib_a-nano-svfscanf.o)
                0x000000000000a324                __ssvfscanf_r
                0x000000000000a324                __ssvfiscanf_r
 .text._scanf_chars
                0x000000000000a5c0       0xc0 /Applications/Simplicity Studio.app/Contents/Eclipse/developer/toolchains/gnu_arm/4.9_2015q3/bin/../lib/gcc/arm-none-eabi/4.9.3/../../../../arm-none-eabi/lib/armv7e-m/softfp/libc_nano.a(lib_a-nano-vfscanf_i.o)
                0x000000000000a5c0                _scanf_chars
 .text._scanf_i
                0x000000000000a680      0x1e4 /Applications/Simplicity Studio.app/Contents/Eclipse/developer/toolchains/gnu_arm/4.9_2015q3/bin/../lib/gcc/arm-none-eabi/4.9.3/../../../../arm-none-eabi/lib/armv7e-m/softfp/libc_nano.a(lib_a-nano-vfscanf_i.o)
                0x000000000000a680                _scanf_i
 .text.__sccl   0x000000000000a864       0x64 /Applications/Simplicity Studio.app/Contents/Eclipse/developer/toolchains/gnu_arm/4.9_2015q3/bin/../lib/gcc/arm-none-eabi/4.9.3/../../../../arm-none-eabi/lib/armv7e-m/softfp/libc_nano.a(lib_a-sccl.o)
                0x000000000000a864                __sccl
 .text._strtol_r
                0x000000000000a8c8      0x10c /Applications/Simplicity Studio.app/Contents/Eclipse/developer/toolchains/gnu_arm/4.9_2015q3/bin/../lib/gcc/arm-none-eabi/4.9.3/../../../../arm-none-eabi/lib/armv7e-m/softfp/libc_nano.a(lib_a-strtol.o)
                0x000000000000a8c8                _strtol_r
 .text.__submore
                0x000000000000a9d4       0x76 /Applications/Simplicity Studio.app/Contents/Eclipse/developer/toolchains/gnu_arm/4.9_2015q3/bin/../lib/gcc/arm-none-eabi/4.9.3/../../../../arm-none-eabi/lib/armv7e-m/softfp/libc_nano.a(lib_a-ungetc.o)
                0x000000000000a9d4                __submore
 .text._malloc_usable_size_r
                0x000000000000aa4a       0x14 /Applications/Simplicity Studio.app/Contents/Eclipse/developer/toolchains/gnu_arm/4.9_2015q3/bin/../lib/gcc/arm-none-eabi/4.9.3/../../../../arm-none-eabi/lib/armv7e-m/softfp/libc_nano.a(lib_a-nano-msizer.o)
                0x000000000000aa4a                _malloc_usable_size_r
 *fill*         0x000000000000aa5e        0x2 
 .text._sbrk    0x000000000000aa60       0x1c /Applications/Simplicity Studio.app/Contents/Eclipse/developer/toolchains/gnu_arm/4.9_2015q3/bin/../lib/gcc/arm-none-eabi/4.9.3/../../../../arm-none-eabi/lib/armv7e-m/softfp/libnosys.a(sbrk.o)
                0x000000000000aa60                _sbrk
 .text._exit    0x000000000000aa7c        0x4 /Applications/Simplicity Studio.app/Contents/Eclipse/developer/toolchains/gnu_arm/4.9_2015q3/bin/../lib/gcc/arm-none-eabi/4.9.3/../../../../arm-none-eabi/lib/armv7e-m/softfp/libnosys.a(_exit.o)
                0x000000000000aa7c                _exit
 *(.init)
 .init          0x000000000000aa80        0x4 /Applications/Simplicity Studio.app/Contents/Eclipse/developer/toolchains/gnu_arm/4.9_2015q3/bin/../lib/gcc/arm-none-eabi/4.9.3/armv7e-m/softfp/crti.o
                0x000000000000aa80                _init
 .init          0x000000000000aa84        0x8 /Applications/Simplicity Studio.app/Contents/Eclipse/developer/toolchains/gnu_arm/4.9_2015q3/bin/../lib/gcc/arm-none-eabi/4.9.3/armv7e-m/softfp/crtn.o
 *(.fini)
 .fini          0x000000000000aa8c        0x4 /Applications/Simplicity Studio.app/Contents/Eclipse/developer/toolchains/gnu_arm/4.9_2015q3/bin/../lib/gcc/arm-none-eabi/4.9.3/armv7e-m/softfp/crti.o
                0x000000000000aa8c                _fini
 .fini          0x000000000000aa90        0x8 /Applications/Simplicity Studio.app/Contents/Eclipse/developer/toolchains/gnu_arm/4.9_2015q3/bin/../lib/gcc/arm-none-eabi/4.9.3/armv7e-m/softfp/crtn.o
 *crtbegin.o(.ctors)
 *crtbegin?.o(.ctors)
 *(EXCLUDE_FILE(*crtend.o *crtend?.o) .ctors)
 *(SORT(.ctors.*))
 *(.ctors)
 *crtbegin.o(.dtors)
 *crtbegin?.o(.dtors)
 *(EXCLUDE_FILE(*crtend.o *crtend?.o) .dtors)
 *(SORT(.dtors.*))
 *(.dtors)
 *(.rodata*)
 .rodata.crystalCompensationTable
                0x000000000000aa98       0x8e ./Calendar/crystal_parameters.o
                0x000000000000aa98                crystalCompensationTable
 *fill*         0x000000000000ab26        0x2 
 .rodata        0x000000000000ab28       0x2c ./Calendar/main_calendar_tc.o
 .rodata.ExCvt  0x000000000000ab54       0x80 ./FatFS/src/ff.o
 .rodata.LfnOfs
                0x000000000000abd4        0xd ./FatFS/src/ff.o
 *fill*         0x000000000000abe1        0x3 
 .rodata        0x000000000000abe4       0x20 ./FatFS/src/ff.o
 .rodata.Tbl    0x000000000000ac04      0x100 ./FatFS/src/option/unicode.o
 .rodata.cvt1.3852
                0x000000000000ad04      0x1f2 ./FatFS/src/option/unicode.o
 *fill*         0x000000000000aef6        0x2 
 .rodata.cvt2.3853
                0x000000000000aef8       0xbc ./FatFS/src/option/unicode.o
 .rodata        0x000000000000afb4       0x18 ./emlib/microsd.o
 .rodata        0x000000000000afcc       0x56 ./src/epsilometer_SDcard.o
 *fill*         0x000000000000b022        0x2 
 .rodata        0x000000000000b024       0x44 ./src/epsilometer_analog.o
 .rodata        0x000000000000b068       0x7a ./src/epsilometer_menu.o
 .rodata.str1.1
                0x000000000000b0e2        0x2 /Applications/Simplicity Studio.app/Contents/Eclipse/developer/toolchains/gnu_arm/4.9_2015q3/bin/../lib/gcc/arm-none-eabi/4.9.3/../../../../arm-none-eabi/lib/armv7e-m/softfp/libc_nano.a(lib_a-impure.o)
 .rodata._global_impure_ptr
                0x000000000000b0e4        0x4 /Applications/Simplicity Studio.app/Contents/Eclipse/developer/toolchains/gnu_arm/4.9_2015q3/bin/../lib/gcc/arm-none-eabi/4.9.3/../../../../arm-none-eabi/lib/armv7e-m/softfp/libc_nano.a(lib_a-impure.o)
                0x000000000000b0e4                _global_impure_ptr
 .rodata._DAYS_BEFORE_MONTH
                0x000000000000b0e8       0x30 /Applications/Simplicity Studio.app/Contents/Eclipse/developer/toolchains/gnu_arm/4.9_2015q3/bin/../lib/gcc/arm-none-eabi/4.9.3/../../../../arm-none-eabi/lib/armv7e-m/softfp/libc_nano.a(lib_a-mktime.o)
 .rodata.DAYS_IN_MONTH
                0x000000000000b118       0x30 /Applications/Simplicity Studio.app/Contents/Eclipse/developer/toolchains/gnu_arm/4.9_2015q3/bin/../lib/gcc/arm-none-eabi/4.9.3/../../../../arm-none-eabi/lib/armv7e-m/softfp/libc_nano.a(lib_a-mktime.o)
 .rodata.__month_lengths
                0x000000000000b148       0x60 /Applications/Simplicity Studio.app/Contents/Eclipse/developer/toolchains/gnu_arm/4.9_2015q3/bin/../lib/gcc/arm-none-eabi/4.9.3/../../../../arm-none-eabi/lib/armv7e-m/softfp/libc_nano.a(lib_a-month_lengths.o)
                0x000000000000b148                __month_lengths
 .rodata.str1.1
                0x000000000000b1a8       0x3c /Applications/Simplicity Studio.app/Contents/Eclipse/developer/toolchains/gnu_arm/4.9_2015q3/bin/../lib/gcc/arm-none-eabi/4.9.3/../../../../arm-none-eabi/lib/armv7e-m/softfp/libc_nano.a(lib_a-tzset_r.o)
                                         0x4e (size before relaxing)
 .rodata.str1.1
                0x0000000000000000        0x4 /Applications/Simplicity Studio.app/Contents/Eclipse/developer/toolchains/gnu_arm/4.9_2015q3/bin/../lib/gcc/arm-none-eabi/4.9.3/../../../../arm-none-eabi/lib/armv7e-m/softfp/libc_nano.a(lib_a-tzvars.o)
 .rodata.day_name.4676
                0x000000000000b1e4       0x15 /Applications/Simplicity Studio.app/Contents/Eclipse/developer/toolchains/gnu_arm/4.9_2015q3/bin/../lib/gcc/arm-none-eabi/4.9.3/../../../../arm-none-eabi/lib/armv7e-m/softfp/libc_nano.a(lib_a-asctime_r.o)
 .rodata.mon_name.4677
                0x000000000000b1f9       0x24 /Applications/Simplicity Studio.app/Contents/Eclipse/developer/toolchains/gnu_arm/4.9_2015q3/bin/../lib/gcc/arm-none-eabi/4.9.3/../../../../arm-none-eabi/lib/armv7e-m/softfp/libc_nano.a(lib_a-asctime_r.o)
 .rodata.str1.1
                0x000000000000b21d       0x20 /Applications/Simplicity Studio.app/Contents/Eclipse/developer/toolchains/gnu_arm/4.9_2015q3/bin/../lib/gcc/arm-none-eabi/4.9.3/../../../../arm-none-eabi/lib/armv7e-m/softfp/libc_nano.a(lib_a-asctime_r.o)
 .rodata.str1.1
                0x000000000000b23d       0x11 /Applications/Simplicity Studio.app/Contents/Eclipse/developer/toolchains/gnu_arm/4.9_2015q3/bin/../lib/gcc/arm-none-eabi/4.9.3/../../../../arm-none-eabi/lib/armv7e-m/softfp/libc_nano.a(lib_a-nano-svfprintf.o)
 .rodata.str1.1
                0x000000000000b24e       0x22 /Applications/Simplicity Studio.app/Contents/Eclipse/developer/toolchains/gnu_arm/4.9_2015q3/bin/../lib/gcc/arm-none-eabi/4.9.3/../../../../arm-none-eabi/lib/armv7e-m/softfp/libc_nano.a(lib_a-nano-vfprintf_i.o)
 .rodata._ctype_
                0x000000000000b270      0x101 /Applications/Simplicity Studio.app/Contents/Eclipse/developer/toolchains/gnu_arm/4.9_2015q3/bin/../lib/gcc/arm-none-eabi/4.9.3/../../../../arm-none-eabi/lib/armv7e-m/softfp/libc_nano.a(lib_a-ctype_.o)
                0x000000000000b270                _ctype_
 .rodata.str1.1
                0x0000000000000000        0x4 /Applications/Simplicity Studio.app/Contents/Eclipse/developer/toolchains/gnu_arm/4.9_2015q3/bin/../lib/gcc/arm-none-eabi/4.9.3/../../../../arm-none-eabi/lib/armv7e-m/softfp/libc_nano.a(lib_a-nano-svfscanf.o)
 *fill*         0x000000000000b371        0x3 
 .rodata        0x000000000000b374        0xc /Applications/Simplicity Studio.app/Contents/Eclipse/developer/toolchains/gnu_arm/4.9_2015q3/bin/../lib/gcc/arm-none-eabi/4.9.3/../../../../arm-none-eabi/lib/armv7e-m/softfp/libc_nano.a(lib_a-nano-vfscanf_i.o)
 .rodata.str1.1
                0x000000000000b380       0x1b /Applications/Simplicity Studio.app/Contents/Eclipse/developer/toolchains/gnu_arm/4.9_2015q3/bin/../lib/gcc/arm-none-eabi/4.9.3/../../../../arm-none-eabi/lib/armv7e-m/softfp/libc_nano.a(lib_a-nano-vfscanf_i.o)
 *fill*         0x000000000000b39b        0x1 
 .rodata.__sf_fake_stdin
                0x000000000000b39c       0x20 /Applications/Simplicity Studio.app/Contents/Eclipse/developer/toolchains/gnu_arm/4.9_2015q3/bin/../lib/gcc/arm-none-eabi/4.9.3/../../../../arm-none-eabi/lib/armv7e-m/softfp/libc_nano.a(lib_a-findfp.o)
                0x000000000000b39c                __sf_fake_stdin
 .rodata.__sf_fake_stdout
                0x000000000000b3bc       0x20 /Applications/Simplicity Studio.app/Contents/Eclipse/developer/toolchains/gnu_arm/4.9_2015q3/bin/../lib/gcc/arm-none-eabi/4.9.3/../../../../arm-none-eabi/lib/armv7e-m/softfp/libc_nano.a(lib_a-findfp.o)
                0x000000000000b3bc                __sf_fake_stdout
 .rodata.__sf_fake_stderr
                0x000000000000b3dc       0x20 /Applications/Simplicity Studio.app/Contents/Eclipse/developer/toolchains/gnu_arm/4.9_2015q3/bin/../lib/gcc/arm-none-eabi/4.9.3/../../../../arm-none-eabi/lib/armv7e-m/softfp/libc_nano.a(lib_a-findfp.o)
                0x000000000000b3dc                __sf_fake_stderr
 *(.eh_frame*)
 .eh_frame      0x000000000000b3fc        0x0 /Applications/Simplicity Studio.app/Contents/Eclipse/developer/toolchains/gnu_arm/4.9_2015q3/bin/../lib/gcc/arm-none-eabi/4.9.3/armv7e-m/softfp/crtbegin.o
 .eh_frame      0x000000000000b3fc       0x28 /Applications/Simplicity Studio.app/Contents/Eclipse/developer/toolchains/gnu_arm/4.9_2015q3/bin/../lib/gcc/arm-none-eabi/4.9.3/../../../../arm-none-eabi/lib/armv7e-m/softfp/libc_nano.a(lib_a-strcmp.o)
 .eh_frame      0x000000000000b424        0x4 /Applications/Simplicity Studio.app/Contents/Eclipse/developer/toolchains/gnu_arm/4.9_2015q3/bin/../lib/gcc/arm-none-eabi/4.9.3/armv7e-m/softfp/crtend.o

.glue_7         0x000000000000b428        0x0
 .glue_7        0x0000000000000000        0x0 linker stubs

.glue_7t        0x000000000000b428        0x0
 .glue_7t       0x0000000000000000        0x0 linker stubs

.vfp11_veneer   0x000000000000b428        0x0
 .vfp11_veneer  0x0000000000000000        0x0 linker stubs

.v4_bx          0x000000000000b428        0x0
 .v4_bx         0x0000000000000000        0x0 linker stubs

.iplt           0x000000000000b428        0x0
 .iplt          0x0000000000000000        0x0 /Applications/Simplicity Studio.app/Contents/Eclipse/developer/toolchains/gnu_arm/4.9_2015q3/bin/../lib/gcc/arm-none-eabi/4.9.3/armv7e-m/softfp/crtbegin.o

.ARM.extab
 *(.ARM.extab* .gnu.linkonce.armextab.*)
                0x000000000000b428                __exidx_start = .

.ARM.exidx      0x000000000000b428        0x8
 *(.ARM.exidx* .gnu.linkonce.armexidx.*)
 .ARM.exidx     0x000000000000b428        0x8 /Applications/Simplicity Studio.app/Contents/Eclipse/developer/toolchains/gnu_arm/4.9_2015q3/bin/../lib/gcc/arm-none-eabi/4.9.3/../../../../arm-none-eabi/lib/armv7e-m/softfp/crt0.o
                0x000000000000b430                __exidx_end = .
                0x000000000000b430                __etext = .

.rel.dyn        0x000000000000b430        0x0
 .rel.iplt      0x0000000000000000        0x0 /Applications/Simplicity Studio.app/Contents/Eclipse/developer/toolchains/gnu_arm/4.9_2015q3/bin/../lib/gcc/arm-none-eabi/4.9.3/armv7e-m/softfp/crtbegin.o

.data           0x0000000020000000      0x2c4 load address 0x000000000000b430
                0x0000000020000000                __data_start__ = .
 *(vtable)
 *(.data*)
 .data.SystemHFXOClock
                0x0000000020000000        0x4 ./CMSIS/EFM32WG/system_efm32wg.o
 .data.SystemLFXOClock
                0x0000000020000004        0x4 ./CMSIS/EFM32WG/system_efm32wg.o
 .data.stat     0x0000000020000008        0x1 ./FatFS/silabs_diskio.o
 .data.doTemperatureCompensation
                0x0000000020000009        0x1 ./src/epilometer_sampling.o
                0x0000000020000009                doTemperatureCompensation
 *fill*         0x000000002000000a        0x2 
 .data.cur_min.7412
                0x000000002000000c        0x4 ./src/epsilometer_SDcard.o
 .data.cur_sec.7413
                0x0000000020000010        0x4 ./src/epsilometer_SDcard.o
 .data.boardsetup
                0x0000000020000014       0x2c ./src/epsilometer_main.o
                0x0000000020000014                boardsetup
 .data.boardSetup_ptr
                0x0000000020000040        0x4 ./src/epsilometer_main.o
                0x0000000020000040                boardSetup_ptr
 .data.fp07_1   0x0000000020000044       0x34 ./src/epsilometer_main.o
                0x0000000020000044                fp07_1
 .data.fp07_2   0x0000000020000078       0x34 ./src/epsilometer_main.o
                0x0000000020000078                fp07_2
 .data.shr_1    0x00000000200000ac       0x34 ./src/epsilometer_main.o
                0x00000000200000ac                shr_1
 .data.shr_2    0x00000000200000e0       0x34 ./src/epsilometer_main.o
                0x00000000200000e0                shr_2
 .data.con_1    0x0000000020000114       0x34 ./src/epsilometer_main.o
                0x0000000020000114                con_1
 .data.ax       0x0000000020000148       0x34 ./src/epsilometer_main.o
                0x0000000020000148                ax
 .data.ay       0x000000002000017c       0x34 ./src/epsilometer_main.o
                0x000000002000017c                ay
 .data.az       0x00000000200001b0       0x34 ./src/epsilometer_main.o
                0x00000000200001b0                az
 .data.sensors  0x00000000200001e4       0x20 ./src/epsilometer_main.o
                0x00000000200001e4                sensors
 .data.impure_data
                0x0000000020000204       0x60 /Applications/Simplicity Studio.app/Contents/Eclipse/developer/toolchains/gnu_arm/4.9_2015q3/bin/../lib/gcc/arm-none-eabi/4.9.3/../../../../arm-none-eabi/lib/armv7e-m/softfp/libc_nano.a(lib_a-impure.o)
 .data._impure_ptr
                0x0000000020000264        0x4 /Applications/Simplicity Studio.app/Contents/Eclipse/developer/toolchains/gnu_arm/4.9_2015q3/bin/../lib/gcc/arm-none-eabi/4.9.3/../../../../arm-none-eabi/lib/armv7e-m/softfp/libc_nano.a(lib_a-impure.o)
                0x0000000020000264                _impure_ptr
 .data._tzname  0x0000000020000268        0x8 /Applications/Simplicity Studio.app/Contents/Eclipse/developer/toolchains/gnu_arm/4.9_2015q3/bin/../lib/gcc/arm-none-eabi/4.9.3/../../../../arm-none-eabi/lib/armv7e-m/softfp/libc_nano.a(lib_a-tzvars.o)
                0x0000000020000268                _tzname
 .data.tzinfo   0x0000000020000270       0x40 /Applications/Simplicity Studio.app/Contents/Eclipse/developer/toolchains/gnu_arm/4.9_2015q3/bin/../lib/gcc/arm-none-eabi/4.9.3/../../../../arm-none-eabi/lib/armv7e-m/softfp/libc_nano.a(lib_a-gettzinfo.o)
 .data.__ctype_ptr__
                0x00000000200002b0        0x4 /Applications/Simplicity Studio.app/Contents/Eclipse/developer/toolchains/gnu_arm/4.9_2015q3/bin/../lib/gcc/arm-none-eabi/4.9.3/../../../../arm-none-eabi/lib/armv7e-m/softfp/libc_nano.a(lib_a-ctype_.o)
                0x00000000200002b0                __ctype_ptr__
 .data.environ  0x00000000200002b4        0x4 /Applications/Simplicity Studio.app/Contents/Eclipse/developer/toolchains/gnu_arm/4.9_2015q3/bin/../lib/gcc/arm-none-eabi/4.9.3/../../../../arm-none-eabi/lib/armv7e-m/softfp/libc_nano.a(lib_a-environ.o)
                0x00000000200002b4                environ
                0x00000000200002b8                . = ALIGN (0x4)
 *(.ram)
                0x00000000200002b8                . = ALIGN (0x4)
                0x00000000200002b8                PROVIDE (__preinit_array_start, .)
 *(.preinit_array)
                0x00000000200002b8                PROVIDE (__preinit_array_end, .)
                0x00000000200002b8                . = ALIGN (0x4)
                0x00000000200002b8                PROVIDE (__init_array_start, .)
 *(SORT(.init_array.*))
 *(.init_array)
 .init_array    0x00000000200002b8        0x4 /Applications/Simplicity Studio.app/Contents/Eclipse/developer/toolchains/gnu_arm/4.9_2015q3/bin/../lib/gcc/arm-none-eabi/4.9.3/armv7e-m/softfp/crtbegin.o
                0x00000000200002bc                PROVIDE (__init_array_end, .)
                0x00000000200002bc                . = ALIGN (0x4)
                0x00000000200002bc                PROVIDE (__fini_array_start, .)
 *(SORT(.fini_array.*))
 *(.fini_array)
 .fini_array    0x00000000200002bc        0x4 /Applications/Simplicity Studio.app/Contents/Eclipse/developer/toolchains/gnu_arm/4.9_2015q3/bin/../lib/gcc/arm-none-eabi/4.9.3/armv7e-m/softfp/crtbegin.o
                0x00000000200002c0                PROVIDE (__fini_array_end, .)
 *(.jcr*)
 .jcr           0x00000000200002c0        0x0 /Applications/Simplicity Studio.app/Contents/Eclipse/developer/toolchains/gnu_arm/4.9_2015q3/bin/../lib/gcc/arm-none-eabi/4.9.3/armv7e-m/softfp/crtbegin.o
 .jcr           0x00000000200002c0        0x4 /Applications/Simplicity Studio.app/Contents/Eclipse/developer/toolchains/gnu_arm/4.9_2015q3/bin/../lib/gcc/arm-none-eabi/4.9.3/armv7e-m/softfp/crtend.o
                0x00000000200002c4                . = ALIGN (0x4)
                0x00000000200002c4                __data_end__ = .

.igot.plt       0x00000000200002c4        0x0 load address 0x000000000000b6f4
 .igot.plt      0x0000000000000000        0x0 /Applications/Simplicity Studio.app/Contents/Eclipse/developer/toolchains/gnu_arm/4.9_2015q3/bin/../lib/gcc/arm-none-eabi/4.9.3/armv7e-m/softfp/crtbegin.o

.bss            0x00000000200002c8      0xbc0 load address 0x000000000000b6f8
                0x00000000200002c8                . = ALIGN (0x4)
                0x00000000200002c8                __bss_start__ = .
 *(.bss*)
 .bss           0x00000000200002c8       0x1c /Applications/Simplicity Studio.app/Contents/Eclipse/developer/toolchains/gnu_arm/4.9_2015q3/bin/../lib/gcc/arm-none-eabi/4.9.3/armv7e-m/softfp/crtbegin.o
 .bss.rtcCountsPerSec
                0x00000000200002e4        0x2 ./Calendar/clock_tc.o
 *fill*         0x00000000200002e6        0x2 
 .bss.rtcStartTime
                0x00000000200002e8        0x4 ./Calendar/clock_tc.o
 .bss.rtcOverflowCounter
                0x00000000200002ec        0x4 ./Calendar/clock_tc.o
 .bss.rtcOverflowInterval
                0x00000000200002f0        0x4 ./Calendar/clock_tc.o
 .bss.rtcOverflowIntervalR
                0x00000000200002f4        0x4 ./Calendar/clock_tc.o
 .bss.thermCalTemp
                0x00000000200002f8        0x1 ./Calendar/clock_tc.o
 *fill*         0x00000000200002f9        0x1 
 .bss.thermCalValue
                0x00000000200002fa        0x2 ./Calendar/clock_tc.o
 .bss.tempCompAccumulator
                0x00000000200002fc        0x4 ./Calendar/clock_tc.o
 .bss.tempCompInterval
                0x0000000020000300        0x4 ./Calendar/clock_tc.o
 .bss.accumulator.7349
                0x0000000020000304        0x4 ./Calendar/clock_tc.o
 .bss.CardType  0x0000000020000308        0x4 ./FatFS/silabs_diskio.o
 .bss.FatFs     0x000000002000030c        0x4 ./FatFS/src/ff.o
 .bss.Fsid      0x0000000020000310        0x2 ./FatFS/src/ff.o
 *fill*         0x0000000020000312        0x2 
 .bss.DirBuf    0x0000000020000314      0x260 ./FatFS/src/ff.o
 .bss.LfnBuf    0x0000000020000574      0x200 ./FatFS/src/ff.o
 .bss.cmuStatus
                0x0000000020000774        0x4 ./emlib/em_emu.o
 .bss.INT_LockCnt
                0x0000000020000778        0x4 ./emlib/em_int.o
                0x0000000020000778                INT_LockCnt
 .bss.timeOut   0x000000002000077c        0x4 ./emlib/microsd.o
 .bss.xfersPrMsec
                0x0000000020000780        0x4 ./emlib/microsd.o
 .bss.flag_sync
                0x0000000020000784        0x1 ./src/epilometer_sampling.o
                0x0000000020000784                flag_sync
 *fill*         0x0000000020000785        0x3 
 .bss.gulclockset
                0x0000000020000788        0x4 ./src/epsilometer_CMU_init.o
                0x0000000020000788                gulclockset
 .bss.__malloc_sbrk_start
                0x000000002000078c        0x4 /Applications/Simplicity Studio.app/Contents/Eclipse/developer/toolchains/gnu_arm/4.9_2015q3/bin/../lib/gcc/arm-none-eabi/4.9.3/../../../../arm-none-eabi/lib/armv7e-m/softfp/libc_nano.a(lib_a-nano-mallocr.o)
                0x000000002000078c                __malloc_sbrk_start
 .bss.__malloc_free_list
                0x0000000020000790        0x4 /Applications/Simplicity Studio.app/Contents/Eclipse/developer/toolchains/gnu_arm/4.9_2015q3/bin/../lib/gcc/arm-none-eabi/4.9.3/../../../../arm-none-eabi/lib/armv7e-m/softfp/libc_nano.a(lib_a-nano-mallocr.o)
                0x0000000020000790                __malloc_free_list
 .bss.__tzname_dst
                0x0000000020000794        0xb /Applications/Simplicity Studio.app/Contents/Eclipse/developer/toolchains/gnu_arm/4.9_2015q3/bin/../lib/gcc/arm-none-eabi/4.9.3/../../../../arm-none-eabi/lib/armv7e-m/softfp/libc_nano.a(lib_a-tzset_r.o)
 .bss.__tzname_std
                0x000000002000079f        0xb /Applications/Simplicity Studio.app/Contents/Eclipse/developer/toolchains/gnu_arm/4.9_2015q3/bin/../lib/gcc/arm-none-eabi/4.9.3/../../../../arm-none-eabi/lib/armv7e-m/softfp/libc_nano.a(lib_a-tzset_r.o)
 *fill*         0x00000000200007aa        0x2 
 .bss.prev_tzenv
                0x00000000200007ac        0x4 /Applications/Simplicity Studio.app/Contents/Eclipse/developer/toolchains/gnu_arm/4.9_2015q3/bin/../lib/gcc/arm-none-eabi/4.9.3/../../../../arm-none-eabi/lib/armv7e-m/softfp/libc_nano.a(lib_a-tzset_r.o)
 .bss._daylight
                0x00000000200007b0        0x4 /Applications/Simplicity Studio.app/Contents/Eclipse/developer/toolchains/gnu_arm/4.9_2015q3/bin/../lib/gcc/arm-none-eabi/4.9.3/../../../../arm-none-eabi/lib/armv7e-m/softfp/libc_nano.a(lib_a-tzvars.o)
                0x00000000200007b0                _daylight
 .bss._timezone
                0x00000000200007b4        0x4 /Applications/Simplicity Studio.app/Contents/Eclipse/developer/toolchains/gnu_arm/4.9_2015q3/bin/../lib/gcc/arm-none-eabi/4.9.3/../../../../arm-none-eabi/lib/armv7e-m/softfp/libc_nano.a(lib_a-tzvars.o)
                0x00000000200007b4                _timezone
 .bss.initial_env
                0x00000000200007b8        0x4 /Applications/Simplicity Studio.app/Contents/Eclipse/developer/toolchains/gnu_arm/4.9_2015q3/bin/../lib/gcc/arm-none-eabi/4.9.3/../../../../arm-none-eabi/lib/armv7e-m/softfp/libc_nano.a(lib_a-environ.o)
 .bss.heap_end.4079
                0x00000000200007bc        0x4 /Applications/Simplicity Studio.app/Contents/Eclipse/developer/toolchains/gnu_arm/4.9_2015q3/bin/../lib/gcc/arm-none-eabi/4.9.3/../../../../arm-none-eabi/lib/armv7e-m/softfp/libnosys.a(sbrk.o)
 *(COMMON)
 COMMON         0x00000000200007c0        0x4 ./CMSIS/EFM32WG/system_efm32wg.o
                0x00000000200007c0                SystemCoreClock
 *fill*         0x00000000200007c4        0x4 
 COMMON         0x00000000200007c8      0x6b9 ./src/epilometer_sampling.o
                0x00000000200007c8                Fatfs
                0x0000000020000a00                pendingSamples
                0x0000000020000a04                br
                0x0000000020000a08                tx_bytes_sent
                0x0000000020000a0c                filename
                0x0000000020000c0c                res_mount
                0x0000000020000c10                fsrc
                0x0000000020000e58                State
                0x0000000020000e5c                dataBuffer
                0x0000000020000e60                channelSample
                0x0000000020000e64                byte_per_sample
                0x0000000020000e68                SDwritten
                0x0000000020000e6c                resCard
                0x0000000020000e70                bw
                0x0000000020000e74                dataLen
                0x0000000020000e78                buffer_size
                0x0000000020000e7c                sd_block
                0x0000000020000e80                res
 *fill*         0x0000000020000e81        0x3 
 COMMON         0x0000000020000e84        0x4 /Applications/Simplicity Studio.app/Contents/Eclipse/developer/toolchains/gnu_arm/4.9_2015q3/bin/../lib/gcc/arm-none-eabi/4.9.3/../../../../arm-none-eabi/lib/armv7e-m/softfp/libc_nano.a(lib_a-reent.o)
                0x0000000020000e84                errno
                0x0000000020000e88                . = ALIGN (0x4)
                0x0000000020000e88                __bss_end__ = .

.heap           0x0000000020000e88      0xc00
                0x0000000020000e88                __HeapBase = .
                0x0000000020000e88                __end__ = .
                0x0000000020000e88                end = __end__
                0x0000000020000e88                _end = __end__
 *(.heap*)
 .heap          0x0000000020000e88      0xc00 ./CMSIS/EFM32WG/startup_efm32wg.o
                0x0000000020001a88                __HeapLimit = .

.stack_dummy    0x0000000020000e88      0x400
 *(.stack*)
 .stack         0x0000000020000e88      0x400 ./CMSIS/EFM32WG/startup_efm32wg.o
                0x0000000020008000                __StackTop = (ORIGIN (RAM) + 0x8000)
                0x0000000020007c00                __StackLimit = (__StackTop - SIZEOF (.stack_dummy))
                0x0000000020008000                PROVIDE (__stack, __StackTop)
                0x0000000000000001                ASSERT ((__StackLimit >= __HeapLimit), region RAM overflowed with stack)
                0x0000000000000001                ASSERT ((0x40000 >= (__etext + SIZEOF (.data))), FLASH memory overflowed !)
OUTPUT(SDcard_EPSI.axf elf32-littlearm)

.ARM.attributes
                0x0000000000000000       0x2e
 .ARM.attributes
                0x0000000000000000       0x22 /Applications/Simplicity Studio.app/Contents/Eclipse/developer/toolchains/gnu_arm/4.9_2015q3/bin/../lib/gcc/arm-none-eabi/4.9.3/armv7e-m/softfp/crti.o
 .ARM.attributes
                0x0000000000000022       0x32 /Applications/Simplicity Studio.app/Contents/Eclipse/developer/toolchains/gnu_arm/4.9_2015q3/bin/../lib/gcc/arm-none-eabi/4.9.3/armv7e-m/softfp/crtbegin.o
 .ARM.attributes
                0x0000000000000054       0x20 /Applications/Simplicity Studio.app/Contents/Eclipse/developer/toolchains/gnu_arm/4.9_2015q3/bin/../lib/gcc/arm-none-eabi/4.9.3/../../../../arm-none-eabi/lib/armv7e-m/softfp/crt0.o
 .ARM.attributes
                0x0000000000000074       0x1b ./CMSIS/EFM32WG/startup_efm32wg.o
 .ARM.attributes
                0x000000000000008f       0x37 ./CMSIS/EFM32WG/system_efm32wg.o
 .ARM.attributes
                0x00000000000000c6       0x37 ./Calendar/clock_tc.o
 .ARM.attributes
                0x00000000000000fd       0x37 ./Calendar/crystal_parameters.o
 .ARM.attributes
                0x0000000000000134       0x37 ./Calendar/main_calendar_tc.o
 .ARM.attributes
                0x000000000000016b       0x37 ./FatFS/silabs_diskio.o
 .ARM.attributes
                0x00000000000001a2       0x37 ./FatFS/src/ff.o
 .ARM.attributes
                0x00000000000001d9       0x37 ./FatFS/src/option/unicode.o
 .ARM.attributes
                0x0000000000000210       0x37 ./emlib/em_adc.o
 .ARM.attributes
                0x0000000000000247       0x37 ./emlib/em_cmu.o
 .ARM.attributes
                0x000000000000027e       0x37 ./emlib/em_emu.o
 .ARM.attributes
                0x00000000000002b5       0x37 ./emlib/em_gpio.o
 .ARM.attributes
                0x00000000000002ec       0x37 ./emlib/em_int.o
 .ARM.attributes
                0x0000000000000323       0x37 ./emlib/em_rtc.o
 .ARM.attributes
                0x000000000000035a       0x37 ./emlib/em_usart.o
 .ARM.attributes
                0x0000000000000391       0x37 ./emlib/microsd.o
 .ARM.attributes
                0x00000000000003c8       0x37 ./src/epilometer_sampling.o
 .ARM.attributes
                0x00000000000003ff       0x37 ./src/epsilometer_CMU_init.o
 .ARM.attributes
                0x0000000000000436       0x37 ./src/epsilometer_GPIO_init.o
 .ARM.attributes
                0x000000000000046d       0x37 ./src/epsilometer_SDcard.o
 .ARM.attributes
                0x00000000000004a4       0x37 ./src/epsilometer_TIMER_init.o
 .ARM.attributes
                0x00000000000004db       0x37 ./src/epsilometer_analog.o
 .ARM.attributes
                0x0000000000000512       0x37 ./src/epsilometer_coms.o
 .ARM.attributes
                0x0000000000000549       0x37 ./src/epsilometer_main.o
 .ARM.attributes
                0x0000000000000580       0x37 ./src/epsilometer_menu.o
 .ARM.attributes
                0x00000000000005b7       0x32 /Applications/Simplicity Studio.app/Contents/Eclipse/developer/toolchains/gnu_arm/4.9_2015q3/bin/../lib/gcc/arm-none-eabi/4.9.3/../../../../arm-none-eabi/lib/armv7e-m/softfp/libm.a(lib_a-s_round.o)
 .ARM.attributes
                0x00000000000005e9       0x22 /Applications/Simplicity Studio.app/Contents/Eclipse/developer/toolchains/gnu_arm/4.9_2015q3/bin/../lib/gcc/arm-none-eabi/4.9.3/armv7e-m/softfp/libgcc.a(_arm_addsubdf3.o)
 .ARM.attributes
                0x000000000000060b       0x22 /Applications/Simplicity Studio.app/Contents/Eclipse/developer/toolchains/gnu_arm/4.9_2015q3/bin/../lib/gcc/arm-none-eabi/4.9.3/armv7e-m/softfp/libgcc.a(_arm_muldivdf3.o)
 .ARM.attributes
                0x000000000000062d       0x22 /Applications/Simplicity Studio.app/Contents/Eclipse/developer/toolchains/gnu_arm/4.9_2015q3/bin/../lib/gcc/arm-none-eabi/4.9.3/armv7e-m/softfp/libgcc.a(_arm_fixdfsi.o)
 .ARM.attributes
                0x000000000000064f       0x22 /Applications/Simplicity Studio.app/Contents/Eclipse/developer/toolchains/gnu_arm/4.9_2015q3/bin/../lib/gcc/arm-none-eabi/4.9.3/armv7e-m/softfp/libgcc.a(_arm_fixunsdfsi.o)
 .ARM.attributes
                0x0000000000000671       0x32 /Applications/Simplicity Studio.app/Contents/Eclipse/developer/toolchains/gnu_arm/4.9_2015q3/bin/../lib/gcc/arm-none-eabi/4.9.3/../../../../arm-none-eabi/lib/armv7e-m/softfp/libc_nano.a(lib_a-abs.o)
 .ARM.attributes
                0x00000000000006a3       0x32 /Applications/Simplicity Studio.app/Contents/Eclipse/developer/toolchains/gnu_arm/4.9_2015q3/bin/../lib/gcc/arm-none-eabi/4.9.3/../../../../arm-none-eabi/lib/armv7e-m/softfp/libc_nano.a(lib_a-ctime_r.o)
 .ARM.attributes
                0x00000000000006d5       0x32 /Applications/Simplicity Studio.app/Contents/Eclipse/developer/toolchains/gnu_arm/4.9_2015q3/bin/../lib/gcc/arm-none-eabi/4.9.3/../../../../arm-none-eabi/lib/armv7e-m/softfp/libc_nano.a(lib_a-exit.o)
 .ARM.attributes
                0x0000000000000707       0x32 /Applications/Simplicity Studio.app/Contents/Eclipse/developer/toolchains/gnu_arm/4.9_2015q3/bin/../lib/gcc/arm-none-eabi/4.9.3/../../../../arm-none-eabi/lib/armv7e-m/softfp/libc_nano.a(lib_a-impure.o)
 .ARM.attributes
                0x0000000000000739       0x32 /Applications/Simplicity Studio.app/Contents/Eclipse/developer/toolchains/gnu_arm/4.9_2015q3/bin/../lib/gcc/arm-none-eabi/4.9.3/../../../../arm-none-eabi/lib/armv7e-m/softfp/libc_nano.a(lib_a-init.o)
 .ARM.attributes
                0x000000000000076b       0x32 /Applications/Simplicity Studio.app/Contents/Eclipse/developer/toolchains/gnu_arm/4.9_2015q3/bin/../lib/gcc/arm-none-eabi/4.9.3/../../../../arm-none-eabi/lib/armv7e-m/softfp/libc_nano.a(lib_a-lcltime_r.o)
 .ARM.attributes
                0x000000000000079d       0x32 /Applications/Simplicity Studio.app/Contents/Eclipse/developer/toolchains/gnu_arm/4.9_2015q3/bin/../lib/gcc/arm-none-eabi/4.9.3/../../../../arm-none-eabi/lib/armv7e-m/softfp/libc_nano.a(lib_a-malloc.o)
 .ARM.attributes
                0x00000000000007cf       0x32 /Applications/Simplicity Studio.app/Contents/Eclipse/developer/toolchains/gnu_arm/4.9_2015q3/bin/../lib/gcc/arm-none-eabi/4.9.3/../../../../arm-none-eabi/lib/armv7e-m/softfp/libc_nano.a(lib_a-memset.o)
 .ARM.attributes
                0x0000000000000801       0x32 /Applications/Simplicity Studio.app/Contents/Eclipse/developer/toolchains/gnu_arm/4.9_2015q3/bin/../lib/gcc/arm-none-eabi/4.9.3/../../../../arm-none-eabi/lib/armv7e-m/softfp/libc_nano.a(lib_a-mktime.o)
 .ARM.attributes
                0x0000000000000833       0x32 /Applications/Simplicity Studio.app/Contents/Eclipse/developer/toolchains/gnu_arm/4.9_2015q3/bin/../lib/gcc/arm-none-eabi/4.9.3/../../../../arm-none-eabi/lib/armv7e-m/softfp/libc_nano.a(lib_a-month_lengths.o)
 .ARM.attributes
                0x0000000000000865       0x32 /Applications/Simplicity Studio.app/Contents/Eclipse/developer/toolchains/gnu_arm/4.9_2015q3/bin/../lib/gcc/arm-none-eabi/4.9.3/../../../../arm-none-eabi/lib/armv7e-m/softfp/libc_nano.a(lib_a-nano-freer.o)
 .ARM.attributes
                0x0000000000000897       0x32 /Applications/Simplicity Studio.app/Contents/Eclipse/developer/toolchains/gnu_arm/4.9_2015q3/bin/../lib/gcc/arm-none-eabi/4.9.3/../../../../arm-none-eabi/lib/armv7e-m/softfp/libc_nano.a(lib_a-nano-mallocr.o)
 .ARM.attributes
                0x00000000000008c9       0x32 /Applications/Simplicity Studio.app/Contents/Eclipse/developer/toolchains/gnu_arm/4.9_2015q3/bin/../lib/gcc/arm-none-eabi/4.9.3/../../../../arm-none-eabi/lib/armv7e-m/softfp/libc_nano.a(lib_a-sbrkr.o)
 .ARM.attributes
                0x00000000000008fb       0x32 /Applications/Simplicity Studio.app/Contents/Eclipse/developer/toolchains/gnu_arm/4.9_2015q3/bin/../lib/gcc/arm-none-eabi/4.9.3/../../../../arm-none-eabi/lib/armv7e-m/softfp/libc_nano.a(lib_a-sprintf.o)
 .ARM.attributes
                0x000000000000092d       0x32 /Applications/Simplicity Studio.app/Contents/Eclipse/developer/toolchains/gnu_arm/4.9_2015q3/bin/../lib/gcc/arm-none-eabi/4.9.3/../../../../arm-none-eabi/lib/armv7e-m/softfp/libc_nano.a(lib_a-strlen.o)
 .ARM.attributes
                0x000000000000095f       0x32 /Applications/Simplicity Studio.app/Contents/Eclipse/developer/toolchains/gnu_arm/4.9_2015q3/bin/../lib/gcc/arm-none-eabi/4.9.3/../../../../arm-none-eabi/lib/armv7e-m/softfp/libc_nano.a(lib_a-strncpy.o)
 .ARM.attributes
                0x0000000000000991       0x32 /Applications/Simplicity Studio.app/Contents/Eclipse/developer/toolchains/gnu_arm/4.9_2015q3/bin/../lib/gcc/arm-none-eabi/4.9.3/../../../../arm-none-eabi/lib/armv7e-m/softfp/libc_nano.a(lib_a-tzcalc_limits.o)
 .ARM.attributes
                0x00000000000009c3       0x32 /Applications/Simplicity Studio.app/Contents/Eclipse/developer/toolchains/gnu_arm/4.9_2015q3/bin/../lib/gcc/arm-none-eabi/4.9.3/../../../../arm-none-eabi/lib/armv7e-m/softfp/libc_nano.a(lib_a-tzlock.o)
 .ARM.attributes
                0x00000000000009f5       0x32 /Applications/Simplicity Studio.app/Contents/Eclipse/developer/toolchains/gnu_arm/4.9_2015q3/bin/../lib/gcc/arm-none-eabi/4.9.3/../../../../arm-none-eabi/lib/armv7e-m/softfp/libc_nano.a(lib_a-tzset.o)
 .ARM.attributes
                0x0000000000000a27       0x32 /Applications/Simplicity Studio.app/Contents/Eclipse/developer/toolchains/gnu_arm/4.9_2015q3/bin/../lib/gcc/arm-none-eabi/4.9.3/../../../../arm-none-eabi/lib/armv7e-m/softfp/libc_nano.a(lib_a-tzset_r.o)
 .ARM.attributes
                0x0000000000000a59       0x32 /Applications/Simplicity Studio.app/Contents/Eclipse/developer/toolchains/gnu_arm/4.9_2015q3/bin/../lib/gcc/arm-none-eabi/4.9.3/../../../../arm-none-eabi/lib/armv7e-m/softfp/libc_nano.a(lib_a-tzvars.o)
 .ARM.attributes
                0x0000000000000a8b       0x32 /Applications/Simplicity Studio.app/Contents/Eclipse/developer/toolchains/gnu_arm/4.9_2015q3/bin/../lib/gcc/arm-none-eabi/4.9.3/../../../../arm-none-eabi/lib/armv7e-m/softfp/libc_nano.a(lib_a-asctime_r.o)
 .ARM.attributes
                0x0000000000000abd       0x32 /Applications/Simplicity Studio.app/Contents/Eclipse/developer/toolchains/gnu_arm/4.9_2015q3/bin/../lib/gcc/arm-none-eabi/4.9.3/../../../../arm-none-eabi/lib/armv7e-m/softfp/libc_nano.a(lib_a-div.o)
 .ARM.attributes
                0x0000000000000aef       0x32 /Applications/Simplicity Studio.app/Contents/Eclipse/developer/toolchains/gnu_arm/4.9_2015q3/bin/../lib/gcc/arm-none-eabi/4.9.3/../../../../arm-none-eabi/lib/armv7e-m/softfp/libc_nano.a(lib_a-getenv_r.o)
 .ARM.attributes
                0x0000000000000b21       0x32 /Applications/Simplicity Studio.app/Contents/Eclipse/developer/toolchains/gnu_arm/4.9_2015q3/bin/../lib/gcc/arm-none-eabi/4.9.3/../../../../arm-none-eabi/lib/armv7e-m/softfp/libc_nano.a(lib_a-gettzinfo.o)
 .ARM.attributes
                0x0000000000000b53       0x32 /Applications/Simplicity Studio.app/Contents/Eclipse/developer/toolchains/gnu_arm/4.9_2015q3/bin/../lib/gcc/arm-none-eabi/4.9.3/../../../../arm-none-eabi/lib/armv7e-m/softfp/libc_nano.a(lib_a-gmtime_r.o)
 .ARM.attributes
                0x0000000000000b85       0x32 /Applications/Simplicity Studio.app/Contents/Eclipse/developer/toolchains/gnu_arm/4.9_2015q3/bin/../lib/gcc/arm-none-eabi/4.9.3/../../../../arm-none-eabi/lib/armv7e-m/softfp/libc_nano.a(lib_a-nano-svfprintf.o)
 .ARM.attributes
                0x0000000000000bb7       0x32 /Applications/Simplicity Studio.app/Contents/Eclipse/developer/toolchains/gnu_arm/4.9_2015q3/bin/../lib/gcc/arm-none-eabi/4.9.3/../../../../arm-none-eabi/lib/armv7e-m/softfp/libc_nano.a(lib_a-nano-vfprintf_i.o)
 .ARM.attributes
                0x0000000000000be9       0x32 /Applications/Simplicity Studio.app/Contents/Eclipse/developer/toolchains/gnu_arm/4.9_2015q3/bin/../lib/gcc/arm-none-eabi/4.9.3/../../../../arm-none-eabi/lib/armv7e-m/softfp/libc_nano.a(lib_a-reent.o)
 .ARM.attributes
                0x0000000000000c1b       0x32 /Applications/Simplicity Studio.app/Contents/Eclipse/developer/toolchains/gnu_arm/4.9_2015q3/bin/../lib/gcc/arm-none-eabi/4.9.3/../../../../arm-none-eabi/lib/armv7e-m/softfp/libc_nano.a(lib_a-sscanf.o)
 .ARM.attributes
                0x0000000000000c4d       0x32 /Applications/Simplicity Studio.app/Contents/Eclipse/developer/toolchains/gnu_arm/4.9_2015q3/bin/../lib/gcc/arm-none-eabi/4.9.3/../../../../arm-none-eabi/lib/armv7e-m/softfp/libc_nano.a(lib_a-stdio.o)
 .ARM.attributes
                0x0000000000000c7f       0x20 /Applications/Simplicity Studio.app/Contents/Eclipse/developer/toolchains/gnu_arm/4.9_2015q3/bin/../lib/gcc/arm-none-eabi/4.9.3/../../../../arm-none-eabi/lib/armv7e-m/softfp/libc_nano.a(lib_a-strcmp.o)
 .ARM.attributes
                0x0000000000000c9f       0x32 /Applications/Simplicity Studio.app/Contents/Eclipse/developer/toolchains/gnu_arm/4.9_2015q3/bin/../lib/gcc/arm-none-eabi/4.9.3/../../../../arm-none-eabi/lib/armv7e-m/softfp/libc_nano.a(lib_a-strcpy.o)
 .ARM.attributes
                0x0000000000000cd1       0x32 /Applications/Simplicity Studio.app/Contents/Eclipse/developer/toolchains/gnu_arm/4.9_2015q3/bin/../lib/gcc/arm-none-eabi/4.9.3/../../../../arm-none-eabi/lib/armv7e-m/softfp/libc_nano.a(lib_a-strncmp.o)
 .ARM.attributes
                0x0000000000000d03       0x32 /Applications/Simplicity Studio.app/Contents/Eclipse/developer/toolchains/gnu_arm/4.9_2015q3/bin/../lib/gcc/arm-none-eabi/4.9.3/../../../../arm-none-eabi/lib/armv7e-m/softfp/libc_nano.a(lib_a-strtoul.o)
 .ARM.attributes
                0x0000000000000d35       0x32 /Applications/Simplicity Studio.app/Contents/Eclipse/developer/toolchains/gnu_arm/4.9_2015q3/bin/../lib/gcc/arm-none-eabi/4.9.3/../../../../arm-none-eabi/lib/armv7e-m/softfp/libc_nano.a(lib_a-ctype_.o)
 .ARM.attributes
                0x0000000000000d67       0x32 /Applications/Simplicity Studio.app/Contents/Eclipse/developer/toolchains/gnu_arm/4.9_2015q3/bin/../lib/gcc/arm-none-eabi/4.9.3/../../../../arm-none-eabi/lib/armv7e-m/softfp/libc_nano.a(lib_a-environ.o)
 .ARM.attributes
                0x0000000000000d99       0x32 /Applications/Simplicity Studio.app/Contents/Eclipse/developer/toolchains/gnu_arm/4.9_2015q3/bin/../lib/gcc/arm-none-eabi/4.9.3/../../../../arm-none-eabi/lib/armv7e-m/softfp/libc_nano.a(lib_a-envlock.o)
 .ARM.attributes
                0x0000000000000dcb       0x32 /Applications/Simplicity Studio.app/Contents/Eclipse/developer/toolchains/gnu_arm/4.9_2015q3/bin/../lib/gcc/arm-none-eabi/4.9.3/../../../../arm-none-eabi/lib/armv7e-m/softfp/libc_nano.a(lib_a-memchr.o)
 .ARM.attributes
                0x0000000000000dfd       0x32 /Applications/Simplicity Studio.app/Contents/Eclipse/developer/toolchains/gnu_arm/4.9_2015q3/bin/../lib/gcc/arm-none-eabi/4.9.3/../../../../arm-none-eabi/lib/armv7e-m/softfp/libc_nano.a(lib_a-memcpy.o)
 .ARM.attributes
                0x0000000000000e2f       0x32 /Applications/Simplicity Studio.app/Contents/Eclipse/developer/toolchains/gnu_arm/4.9_2015q3/bin/../lib/gcc/arm-none-eabi/4.9.3/../../../../arm-none-eabi/lib/armv7e-m/softfp/libc_nano.a(lib_a-memmove.o)
 .ARM.attributes
                0x0000000000000e61       0x32 /Applications/Simplicity Studio.app/Contents/Eclipse/developer/toolchains/gnu_arm/4.9_2015q3/bin/../lib/gcc/arm-none-eabi/4.9.3/../../../../arm-none-eabi/lib/armv7e-m/softfp/libc_nano.a(lib_a-nano-reallocr.o)
 .ARM.attributes
                0x0000000000000e93       0x32 /Applications/Simplicity Studio.app/Contents/Eclipse/developer/toolchains/gnu_arm/4.9_2015q3/bin/../lib/gcc/arm-none-eabi/4.9.3/../../../../arm-none-eabi/lib/armv7e-m/softfp/libc_nano.a(lib_a-nano-svfscanf.o)
 .ARM.attributes
                0x0000000000000ec5       0x32 /Applications/Simplicity Studio.app/Contents/Eclipse/developer/toolchains/gnu_arm/4.9_2015q3/bin/../lib/gcc/arm-none-eabi/4.9.3/../../../../arm-none-eabi/lib/armv7e-m/softfp/libc_nano.a(lib_a-nano-vfscanf_i.o)
 .ARM.attributes
                0x0000000000000ef7       0x32 /Applications/Simplicity Studio.app/Contents/Eclipse/developer/toolchains/gnu_arm/4.9_2015q3/bin/../lib/gcc/arm-none-eabi/4.9.3/../../../../arm-none-eabi/lib/armv7e-m/softfp/libc_nano.a(lib_a-sccl.o)
 .ARM.attributes
                0x0000000000000f29       0x32 /Applications/Simplicity Studio.app/Contents/Eclipse/developer/toolchains/gnu_arm/4.9_2015q3/bin/../lib/gcc/arm-none-eabi/4.9.3/../../../../arm-none-eabi/lib/armv7e-m/softfp/libc_nano.a(lib_a-strtol.o)
 .ARM.attributes
                0x0000000000000f5b       0x32 /Applications/Simplicity Studio.app/Contents/Eclipse/developer/toolchains/gnu_arm/4.9_2015q3/bin/../lib/gcc/arm-none-eabi/4.9.3/../../../../arm-none-eabi/lib/armv7e-m/softfp/libc_nano.a(lib_a-ungetc.o)
 .ARM.attributes
                0x0000000000000f8d       0x32 /Applications/Simplicity Studio.app/Contents/Eclipse/developer/toolchains/gnu_arm/4.9_2015q3/bin/../lib/gcc/arm-none-eabi/4.9.3/../../../../arm-none-eabi/lib/armv7e-m/softfp/libc_nano.a(lib_a-findfp.o)
 .ARM.attributes
                0x0000000000000fbf       0x32 /Applications/Simplicity Studio.app/Contents/Eclipse/developer/toolchains/gnu_arm/4.9_2015q3/bin/../lib/gcc/arm-none-eabi/4.9.3/../../../../arm-none-eabi/lib/armv7e-m/softfp/libc_nano.a(lib_a-nano-msizer.o)
 .ARM.attributes
                0x0000000000000ff1       0x32 /Applications/Simplicity Studio.app/Contents/Eclipse/developer/toolchains/gnu_arm/4.9_2015q3/bin/../lib/gcc/arm-none-eabi/4.9.3/../../../../arm-none-eabi/lib/armv7e-m/softfp/libnosys.a(sbrk.o)
 .ARM.attributes
                0x0000000000001023       0x32 /Applications/Simplicity Studio.app/Contents/Eclipse/developer/toolchains/gnu_arm/4.9_2015q3/bin/../lib/gcc/arm-none-eabi/4.9.3/../../../../arm-none-eabi/lib/armv7e-m/softfp/libnosys.a(_exit.o)
 .ARM.attributes
                0x0000000000001055       0x32 /Applications/Simplicity Studio.app/Contents/Eclipse/developer/toolchains/gnu_arm/4.9_2015q3/bin/../lib/gcc/arm-none-eabi/4.9.3/armv7e-m/softfp/crtend.o
 .ARM.attributes
                0x0000000000001087       0x22 /Applications/Simplicity Studio.app/Contents/Eclipse/developer/toolchains/gnu_arm/4.9_2015q3/bin/../lib/gcc/arm-none-eabi/4.9.3/armv7e-m/softfp/crtn.o

.comment        0x0000000000000000       0x70
 .comment       0x0000000000000000       0x70 ./CMSIS/EFM32WG/system_efm32wg.o
                                         0x71 (size before relaxing)
 .comment       0x0000000000000000       0x71 ./Calendar/clock_tc.o
 .comment       0x0000000000000000       0x71 ./Calendar/crystal_parameters.o
 .comment       0x0000000000000000       0x71 ./Calendar/main_calendar_tc.o
 .comment       0x0000000000000000       0x71 ./FatFS/silabs_diskio.o
 .comment       0x0000000000000000       0x71 ./FatFS/src/ff.o
 .comment       0x0000000000000000       0x71 ./FatFS/src/option/unicode.o
 .comment       0x0000000000000000       0x71 ./emlib/em_adc.o
 .comment       0x0000000000000000       0x71 ./emlib/em_cmu.o