Archive member included because of file (symbol)

/Applications/Simplicity Studio.app/Contents/Eclipse/developer/toolchains/gnu_arm/4.9_2015q3/bin/../lib/gcc/arm-none-eabi/4.9.3/../../../../arm-none-eabi/lib/armv7e-m/softfp/libm.a(lib_a-s_round.o)
                              ./Calendar/clock_tc.o (round)
/Applications/Simplicity Studio.app/Contents/Eclipse/developer/toolchains/gnu_arm/4.9_2015q3/bin/../lib/gcc/arm-none-eabi/4.9.3/armv7e-m/softfp/libgcc.a(_arm_addsubdf3.o)
                              ./Calendar/clock_tc.o (__aeabi_dsub)
/Applications/Simplicity Studio.app/Contents/Eclipse/developer/toolchains/gnu_arm/4.9_2015q3/bin/../lib/gcc/arm-none-eabi/4.9.3/armv7e-m/softfp/libgcc.a(_arm_muldivdf3.o)
                              ./src/epsilometer_main.o (__aeabi_dmul)
/Applications/Simplicity Studio.app/Contents/Eclipse/developer/toolchains/gnu_arm/4.9_2015q3/bin/../lib/gcc/arm-none-eabi/4.9.3/armv7e-m/softfp/libgcc.a(_arm_fixdfsi.o)
                              ./Calendar/clock_tc.o (__aeabi_d2iz)
/Applications/Simplicity Studio.app/Contents/Eclipse/developer/toolchains/gnu_arm/4.9_2015q3/bin/../lib/gcc/arm-none-eabi/4.9.3/armv7e-m/softfp/libgcc.a(_arm_fixunsdfsi.o)
                              ./src/epsilometer_main.o (__aeabi_d2uiz)
/Applications/Simplicity Studio.app/Contents/Eclipse/developer/toolchains/gnu_arm/4.9_2015q3/bin/../lib/gcc/arm-none-eabi/4.9.3/armv7e-m/softfp/libgcc.a(_aeabi_uldivmod.o)
                              ./FatFS/src/ff.o (__aeabi_uldivmod)
/Applications/Simplicity Studio.app/Contents/Eclipse/developer/toolchains/gnu_arm/4.9_2015q3/bin/../lib/gcc/arm-none-eabi/4.9.3/armv7e-m/softfp/libgcc.a(bpabi.o)
                              /Applications/Simplicity Studio.app/Contents/Eclipse/developer/toolchains/gnu_arm/4.9_2015q3/bin/../lib/gcc/arm-none-eabi/4.9.3/armv7e-m/softfp/libgcc.a(_aeabi_uldivmod.o) (__gnu_uldivmod_helper)
/Applications/Simplicity Studio.app/Contents/Eclipse/developer/toolchains/gnu_arm/4.9_2015q3/bin/../lib/gcc/arm-none-eabi/4.9.3/armv7e-m/softfp/libgcc.a(_dvmd_tls.o)
                              /Applications/Simplicity Studio.app/Contents/Eclipse/developer/toolchains/gnu_arm/4.9_2015q3/bin/../lib/gcc/arm-none-eabi/4.9.3/armv7e-m/softfp/libgcc.a(_aeabi_uldivmod.o) (__aeabi_ldiv0)
/Applications/Simplicity Studio.app/Contents/Eclipse/developer/toolchains/gnu_arm/4.9_2015q3/bin/../lib/gcc/arm-none-eabi/4.9.3/armv7e-m/softfp/libgcc.a(_divdi3.o)
                              /Applications/Simplicity Studio.app/Contents/Eclipse/developer/toolchains/gnu_arm/4.9_2015q3/bin/../lib/gcc/arm-none-eabi/4.9.3/armv7e-m/softfp/libgcc.a(bpabi.o) (__divdi3)
/Applications/Simplicity Studio.app/Contents/Eclipse/developer/toolchains/gnu_arm/4.9_2015q3/bin/../lib/gcc/arm-none-eabi/4.9.3/armv7e-m/softfp/libgcc.a(_udivdi3.o)
                              /Applications/Simplicity Studio.app/Contents/Eclipse/developer/toolchains/gnu_arm/4.9_2015q3/bin/../lib/gcc/arm-none-eabi/4.9.3/armv7e-m/softfp/libgcc.a(bpabi.o) (__udivdi3)
/Applications/Simplicity Studio.app/Contents/Eclipse/developer/toolchains/gnu_arm/4.9_2015q3/bin/../lib/gcc/arm-none-eabi/4.9.3/../../../../arm-none-eabi/lib/armv7e-m/softfp/libc_nano.a(lib_a-abs.o)
                              ./Calendar/clock_tc.o (abs)
/Applications/Simplicity Studio.app/Contents/Eclipse/developer/toolchains/gnu_arm/4.9_2015q3/bin/../lib/gcc/arm-none-eabi/4.9.3/../../../../arm-none-eabi/lib/armv7e-m/softfp/libc_nano.a(lib_a-ctime_r.o)
                              ./src/epsilometer_SDcard.o (ctime_r)
/Applications/Simplicity Studio.app/Contents/Eclipse/developer/toolchains/gnu_arm/4.9_2015q3/bin/../lib/gcc/arm-none-eabi/4.9.3/../../../../arm-none-eabi/lib/armv7e-m/softfp/libc_nano.a(lib_a-exit.o)
                              /Applications/Simplicity Studio.app/Contents/Eclipse/developer/toolchains/gnu_arm/4.9_2015q3/bin/../lib/gcc/arm-none-eabi/4.9.3/../../../../arm-none-eabi/lib/armv7e-m/softfp/crt0.o (exit)
/Applications/Simplicity Studio.app/Contents/Eclipse/developer/toolchains/gnu_arm/4.9_2015q3/bin/../lib/gcc/arm-none-eabi/4.9.3/../../../../arm-none-eabi/lib/armv7e-m/softfp/libc_nano.a(lib_a-impure.o)
                              /Applications/Simplicity Studio.app/Contents/Eclipse/developer/toolchains/gnu_arm/4.9_2015q3/bin/../lib/gcc/arm-none-eabi/4.9.3/../../../../arm-none-eabi/lib/armv7e-m/softfp/libc_nano.a(lib_a-exit.o) (_global_impure_ptr)
/Applications/Simplicity Studio.app/Contents/Eclipse/developer/toolchains/gnu_arm/4.9_2015q3/bin/../lib/gcc/arm-none-eabi/4.9.3/../../../../arm-none-eabi/lib/armv7e-m/softfp/libc_nano.a(lib_a-init.o)
                              /Applications/Simplicity Studio.app/Contents/Eclipse/developer/toolchains/gnu_arm/4.9_2015q3/bin/../lib/gcc/arm-none-eabi/4.9.3/../../../../arm-none-eabi/lib/armv7e-m/softfp/crt0.o (__libc_init_array)
[...]
Memory Configuration

Name             Origin             Length             Attributes
FLASH            0x0000000000000000 0x0000000000040000 xr
RAM              0x0000000020000000 0x0000000000008000 xrw
*default*        0x0000000000000000 0xffffffffffffffff

Linker script and memory map

LOAD /Applications/Simplicity Studio.app/Contents/Eclipse/developer/toolchains/gnu_arm/4.9_2015q3/bin/../lib/gcc/arm-none-eabi/4.9.3/armv7e-m/softfp/crti.o
LOAD /Applications/Simplicity Studio.app/Contents/Eclipse/developer/toolchains/gnu_arm/4.9_2015q3/bin/../lib/gcc/arm-none-eabi/4.9.3/armv7e-m/softfp/crtbegin.o
LOAD /Applications/Simplicity Studio.app/Contents/Eclipse/developer/toolchains/gnu_arm/4.9_2015q3/bin/../lib/gcc/arm-none-eabi/4.9.3/../../../../arm-none-eabi/lib/armv7e-m/softfp/crt0.o
LOAD ./CMSIS/EFM32WG/startup_efm32wg.o
LOAD ./CMSIS/EFM32WG/system_efm32wg.o
LOAD ./Calendar/clock_tc.o
LOAD ./Calendar/crystal_parameters.o
LOAD ./Calendar/main_calendar_tc.o
LOAD ./FatFS/silabs_diskio.o
LOAD ./FatFS/src/ff.o
LOAD ./FatFS/src/option/syscall.o
LOAD ./FatFS/src/option/unicode.o
LOAD ./emlib/em_adc.o
LOAD ./emlib/em_cmu.o
LOAD ./emlib/em_emu.o
LOAD ./emlib/em_gpio.o
LOAD ./emlib/em_int.o
LOAD ./emlib/em_rtc.o
LOAD ./emlib/em_system.o
LOAD ./emlib/em_timer.o
LOAD ./emlib/em_usart.o
LOAD ./emlib/microsd.o
LOAD ./src/epsilometer_CMU_init.o
LOAD ./src/epsilometer_GPIO_init.o
LOAD ./src/epsilometer_SDcard.o
LOAD ./src/epsilometer_TIMER_init.o
LOAD ./src/epsilometer_analog.o
LOAD ./src/epsilometer_coms.o
LOAD ./src/epsilometer_main.o
LOAD /Applications/Simplicity Studio.app/Contents/Eclipse/developer/toolchains/gnu_arm/4.9_2015q3/bin/../lib/gcc/arm-none-eabi/4.9.3/../../../../arm-none-eabi/lib/armv7e-m/softfp/libm.a
START GROUP
LOAD /Applications/Simplicity Studio.app/Contents/Eclipse/developer/toolchains/gnu_arm/4.9_2015q3/bin/../lib/gcc/arm-none-eabi/4.9.3/armv7e-m/softfp/libgcc.a
LOAD /Applications/Simplicity Studio.app/Contents/Eclipse/developer/toolchains/gnu_arm/4.9_2015q3/bin/../lib/gcc/arm-none-eabi/4.9.3/../../../../arm-none-eabi/lib/armv7e-m/softfp/libc_nano.a
LOAD /Applications/Simplicity Studio.app/Contents/Eclipse/developer/toolchains/gnu_arm/4.9_2015q3/bin/../lib/gcc/arm-none-eabi/4.9.3/../../../../arm-none-eabi/lib/armv7e-m/softfp/libnosys.a
END GROUP
START GROUP
LOAD /Applications/Simplicity Studio.app/Contents/Eclipse/developer/toolchains/gnu_arm/4.9_2015q3/bin/../lib/gcc/arm-none-eabi/4.9.3/armv7e-m/softfp/libgcc.a
LOAD /Applications/Simplicity Studio.app/Contents/Eclipse/developer/toolchains/gnu_arm/4.9_2015q3/bin/../lib/gcc/arm-none-eabi/4.9.3/../../../../arm-none-eabi/lib/armv7e-m/softfp/libg_nano.a
LOAD /Applications/Simplicity Studio.app/Contents/Eclipse/developer/toolchains/gnu_arm/4.9_2015q3/bin/../lib/gcc/arm-none-eabi/4.9.3/../../../../arm-none-eabi/lib/armv7e-m/softfp/libc_nano.a
END GROUP
START GROUP
LOAD /Applications/Simplicity Studio.app/Contents/Eclipse/developer/toolchains/gnu_arm/4.9_2015q3/bin/../lib/gcc/arm-none-eabi/4.9.3/armv7e-m/softfp/libgcc.a
LOAD /Applications/Simplicity Studio.app/Contents/Eclipse/developer/toolchains/gnu_arm/4.9_2015q3/bin/../lib/gcc/arm-none-eabi/4.9.3/../../../../arm-none-eabi/lib/armv7e-m/softfp/libc_nano.a
END GROUP
LOAD /Applications/Simplicity Studio.app/Contents/Eclipse/developer/toolchains/gnu_arm/4.9_2015q3/bin/../lib/gcc/arm-none-eabi/4.9.3/armv7e-m/softfp/crtend.o
LOAD /Applications/Simplicity Studio.app/Contents/Eclipse/developer/toolchains/gnu_arm/4.9_2015q3/bin/../lib/gcc/arm-none-eabi/4.9.3/armv7e-m/softfp/crtn.o

.text           0x0000000000000000     0xb1e4
 *(.vectors)
 .vectors       0x0000000000000000       0xe0 ./CMSIS/EFM32WG/startup_efm32wg.o
                0x0000000000000000                __Vectors
                0x00000000000000e0                __Vectors_End = .
                0x00000000000000e0                __Vectors_Size = (__Vectors_End - __Vectors)
                0x00000000000000e0                __end__ = .
 *(.text*)
 .text          0x00000000000000e0       0x5c /Applications/Simplicity Studio.app/Contents/Eclipse/developer/toolchains/gnu_arm/4.9_2015q3/bin/../lib/gcc/arm-none-eabi/4.9.3/armv7e-m/softfp/crtbegin.o
 .text          0x000000000000013c       0x74 /Applications/Simplicity Studio.app/Contents/Eclipse/developer/toolchains/gnu_arm/4.9_2015q3/bin/../lib/gcc/arm-none-eabi/4.9.3/../../../../arm-none-eabi/lib/armv7e-m/softfp/crt0.o
                0x000000000000013c                _mainCRTStartup
                0x000000000000013c                _start
 .text          0x00000000000001b0       0x30 ./CMSIS/EFM32WG/startup_efm32wg.o
                0x00000000000001b0                Reset_Handler
                0x00000000000001dc                DebugMon_Handler
                0x00000000000001dc                USART0_TX_IRQHandler
                0x00000000000001dc                I2C0_IRQHandler
                0x00000000000001dc                HardFault_Handler
                0x00000000000001dc                LEUART1_IRQHandler
                0x00000000000001dc                SysTick_Handler
                0x00000000000001dc                USART1_RX_IRQHandler
                0x00000000000001dc                PendSV_Handler
                0x00000000000001dc                NMI_Handler
                0x00000000000001dc                I2C1_IRQHandler
                0x00000000000001dc                TIMER3_IRQHandler
                0x00000000000001dc                MSC_IRQHandler
                0x00000000000001dc                UsageFault_Handler
                0x00000000000001dc                LEUART0_IRQHandler
                0x00000000000001dc                FPUEH_IRQHandler
                0x00000000000001dc                GPIO_EVEN_IRQHandler
                0x00000000000001dc                UART0_TX_IRQHandler
                0x00000000000001dc                UART1_TX_IRQHandler
                0x00000000000001dc                TIMER0_IRQHandler
                0x00000000000001dc                LCD_IRQHandler
                0x00000000000001dc                PCNT2_IRQHandler
                0x00000000000001dc                UART0_RX_IRQHandler
                0x00000000000001dc                LETIMER0_IRQHandler
                0x00000000000001dc                TIMER1_IRQHandler
                0x00000000000001dc                USART2_RX_IRQHandler
                0x00000000000001dc                Default_Handler
                0x00000000000001dc                EMU_IRQHandler
                0x00000000000001dc                PCNT0_IRQHandler
                0x00000000000001dc                USB_IRQHandler
                0x00000000000001dc                BURTC_IRQHandler
                0x00000000000001dc                PCNT1_IRQHandler
                0x00000000000001dc                ACMP0_IRQHandler
                0x00000000000001dc                USART0_RX_IRQHandler
                0x00000000000001dc                MemManage_Handler
                0x00000000000001dc                SVC_Handler
                0x00000000000001dc                DAC0_IRQHandler
                0x00000000000001dc                UART1_RX_IRQHandler
                0x00000000000001dc                EBI_IRQHandler
                0x00000000000001dc                LESENSE_IRQHandler
                0x00000000000001dc                AES_IRQHandler
                0x00000000000001dc                VCMP_IRQHandler
                0x00000000000001dc                DMA_IRQHandler
                0x00000000000001dc                BusFault_Handler
                0x00000000000001dc                TIMER2_IRQHandler
                0x00000000000001dc                USART2_TX_IRQHandler
 .text.GetProdRev
                0x00000000000001e0       0x1c ./CMSIS/EFM32WG/system_efm32wg.o
 .text.SystemCoreClockGet
                0x00000000000001fc       0x34 ./CMSIS/EFM32WG/system_efm32wg.o
                0x00000000000001fc                SystemCoreClockGet
 .text.SystemMaxCoreClockGet
                0x0000000000000230       0x14 ./CMSIS/EFM32WG/system_efm32wg.o
                0x0000000000000230                SystemMaxCoreClockGet
 .text.SystemHFClockGet
                0x0000000000000244      0x100 ./CMSIS/EFM32WG/system_efm32wg.o
                0x0000000000000244                SystemHFClockGet
 .text.SystemHFXOClockGet
                0x0000000000000344       0x18 ./CMSIS/EFM32WG/system_efm32wg.o
                0x0000000000000344                SystemHFXOClockGet
 .text.SystemInit
                0x000000000000035c       0x20 ./CMSIS/EFM32WG/system_efm32wg.o
                0x000000000000035c                SystemInit
 .text.SystemLFRCOClockGet
                0x000000000000037c       0x14 ./CMSIS/EFM32WG/system_efm32wg.o
                0x000000000000037c                SystemLFRCOClockGet
 .text.SystemULFRCOClockGet
                0x0000000000000390       0x14 ./CMSIS/EFM32WG/system_efm32wg.o
                0x0000000000000390                SystemULFRCOClockGet
 .text.SystemLFXOClockGet
                0x00000000000003a4       0x18 ./CMSIS/EFM32WG/system_efm32wg.o
                0x00000000000003a4                SystemLFXOClockGet
 .text.NVIC_EnableIRQ
                0x00000000000003bc       0x30 ./Calendar/clock_tc.o
 .text.ADC_DataSingleGet
                0x00000000000003ec       0x18 ./Calendar/clock_tc.o
 .text.ADC_IntClear
                0x0000000000000404       0x1c ./Calendar/clock_tc.o
 .text.ADC_IntEnable
                0x0000000000000420       0x20 ./Calendar/clock_tc.o
 .text.ADC_Start
                0x0000000000000440       0x1c ./Calendar/clock_tc.o
 .text.EMU_EnterEM1
                0x000000000000045c       0x20 ./Calendar/clock_tc.o
 .text.INT_Disable
                0x000000000000047c       0x2c ./Calendar/clock_tc.o
 .text.INT_Enable
                0x00000000000004a8       0x3c ./Calendar/clock_tc.o
 .text.time     0x00000000000004e4       0x94 ./Calendar/clock_tc.o
                0x00000000000004e4                time
 .text.clockInit
                0x0000000000000578       0x78 ./Calendar/clock_tc.o
                0x0000000000000578                clockInit
 .text.clockSetStartCalendar
                0x00000000000005f0       0x20 ./Calendar/clock_tc.o
                0x00000000000005f0                clockSetStartCalendar
 .text.clockOverflow
                0x0000000000000610       0x20 ./Calendar/clock_tc.o
                0x0000000000000610                clockOverflow
 .text.clockTempSensorInit
                0x0000000000000630       0xc8 ./Calendar/clock_tc.o
 .text.clockReadThermometer
                0x00000000000006f8       0xc4 ./Calendar/clock_tc.o
 .text.clockDoTemperatureCompensation
                0x00000000000007bc       0xd8 ./Calendar/clock_tc.o
                0x00000000000007bc                clockDoTemperatureCompensation
 .text.ADC0_IRQHandler
                0x0000000000000894       0x14 ./Calendar/clock_tc.o
                0x0000000000000894                ADC0_IRQHandler
 .text.NVIC_EnableIRQ
                0x00000000000008a8       0x30 ./Calendar/main_calendar_tc.o
 .text.NVIC_ClearPendingIRQ
                0x00000000000008d8       0x34 ./Calendar/main_calendar_tc.o
 .text.RTC_IntClear
                0x000000000000090c       0x1c ./Calendar/main_calendar_tc.o
 .text.RTC_IntEnable
                0x0000000000000928       0x24 ./Calendar/main_calendar_tc.o
 .text.RTC_IntGet
                0x000000000000094c       0x18 ./Calendar/main_calendar_tc.o
 .text.main_calendar_setup
                0x0000000000000964       0x40 ./Calendar/main_calendar_tc.o
                0x0000000000000964                main_calendar_setup
 .text.rtcSetup
                0x00000000000009a4       0x70 ./Calendar/main_calendar_tc.o
                0x00000000000009a4                rtcSetup
 .text.RTC_IRQHandler
                0x0000000000000a14       0x50 ./Calendar/main_calendar_tc.o
                0x0000000000000a14                RTC_IRQHandler
 .text.disk_status
                0x0000000000000a64       0x28 ./FatFS/silabs_diskio.o
                0x0000000000000a64                disk_status
 .text.disk_initialize
                0x0000000000000a8c      0x1cc ./FatFS/silabs_diskio.o
                0x0000000000000a8c                disk_initialize
 .text.disk_read
                0x0000000000000c58       0xc8 ./FatFS/silabs_diskio.o
                0x0000000000000c58                disk_read
 .text.disk_write
                0x0000000000000d20       0xf4 ./FatFS/silabs_diskio.o
                0x0000000000000d20                disk_write
 .text.disk_ioctl
                0x0000000000000e14      0x32c ./FatFS/silabs_diskio.o
                0x0000000000000e14                disk_ioctl
 .text.ld_word  0x0000000000001140       0x30 ./FatFS/src/ff.o
 .text.ld_dword
                0x0000000000001170       0x48 ./FatFS/src/ff.o
 .text.ld_qword
                0x00000000000011b8      0x170 ./FatFS/src/ff.o
 .text.st_word  0x0000000000001328       0x34 ./FatFS/src/ff.o
 .text.st_dword
                0x000000000000135c       0x58 ./FatFS/src/ff.o
 .text.st_qword
                0x00000000000013b4      0x120 ./FatFS/src/ff.o
 .text.mem_cpy  0x00000000000014d4       0x40 ./FatFS/src/ff.o
 .text.mem_set  0x0000000000001514       0x34 ./FatFS/src/ff.o
 .text.mem_cmp  0x0000000000001548       0x50 ./FatFS/src/ff.o
 .text.chk_chr  0x0000000000001598       0x38 ./FatFS/src/ff.o
 .text.sync_window
                0x00000000000015d0       0x8c ./FatFS/src/ff.o
 .text.move_window
                0x000000000000165c       0x5c ./FatFS/src/ff.o
 .text.sync_fs  0x00000000000016b8       0xdc ./FatFS/src/ff.o
 .text.clust2sect
                0x0000000000001794       0x40 ./FatFS/src/ff.o
 .text.get_fat  0x00000000000017d4      0x208 ./FatFS/src/ff.o
 .text.put_fat  0x00000000000019dc      0x1d4 ./FatFS/src/ff.o
 .text.find_bitmap
                0x0000000000001bb0       0xf8 ./FatFS/src/ff.o
 .text.change_bitmap
                0x0000000000001ca8       0xd4 ./FatFS/src/ff.o
 .text.fill_fat_chain
                0x0000000000001d7c       0x60 ./FatFS/src/ff.o
 .text.remove_chain
                0x0000000000001ddc      0x168 ./FatFS/src/ff.o
 .text.create_chain
                0x0000000000001f44      0x1c8 ./FatFS/src/ff.o
 .text.dir_sdi  0x000000000000210c      0x10c ./FatFS/src/ff.o
 .text.dir_next
                0x0000000000002218      0x1a8 ./FatFS/src/ff.o
 .text.dir_alloc
                0x00000000000023c0       0xb8 ./FatFS/src/ff.o
 .text.ld_clust
                0x0000000000002478       0x40 ./FatFS/src/ff.o
 .text.st_clust
                0x00000000000024b8       0x40 ./FatFS/src/ff.o
 .text.cmp_lfn  0x00000000000024f8       0xe0 ./FatFS/src/ff.o
 .text.pick_lfn
                0x00000000000025d8       0xc8 ./FatFS/src/ff.o
 .text.put_lfn  0x00000000000026a0       0xcc ./FatFS/src/ff.o
 .text.gen_numname
                0x000000000000276c      0x11c ./FatFS/src/ff.o
 .text.sum_sfn  0x0000000000002888       0x44 ./FatFS/src/ff.o
 .text.xdir_sum
                0x00000000000028cc       0x74 ./FatFS/src/ff.o
 .text.xname_sum
                0x0000000000002940       0x80 ./FatFS/src/ff.o
 .text.load_xdir
                0x00000000000029c0      0x150 ./FatFS/src/ff.o
 .text.load_obj_dir
                0x0000000000002b10       0x78 ./FatFS/src/ff.o
 .text.store_xdir
                0x0000000000002b88       0xb4 ./FatFS/src/ff.o
 .text.create_xdir
                0x0000000000002c3c       0xcc ./FatFS/src/ff.o
 .text.dir_read
                0x0000000000002d08      0x184 ./FatFS/src/ff.o
 .text.dir_find
                0x0000000000002e8c      0x248 ./FatFS/src/ff.o
 .text.dir_register
                0x00000000000030d4      0x334 ./FatFS/src/ff.o
 .text.create_name
                0x0000000000003408      0x354 ./FatFS/src/ff.o
 .text.follow_path
                0x000000000000375c      0x148 ./FatFS/src/ff.o
 .text.get_ldnumber
                0x00000000000038a4       0x88 ./FatFS/src/ff.o
 .text.check_fs
                0x000000000000392c       0xc4 ./FatFS/src/ff.o
 .text.find_volume
                0x00000000000039f0      0x66c ./FatFS/src/ff.o
 .text.validate
                0x000000000000405c       0x68 ./FatFS/src/ff.o
 .text.f_mount  0x00000000000040c4       0x94 ./FatFS/src/ff.o
                0x00000000000040c4                f_mount
 .text.f_open   0x0000000000004158      0x4dc ./FatFS/src/ff.o
                0x0000000000004158                f_open
 .text.f_write  0x0000000000004634      0x350 ./FatFS/src/ff.o
                0x0000000000004634                f_write
 .text.f_sync   0x0000000000004984      0x228 ./FatFS/src/ff.o
                0x0000000000004984                f_sync
 .text.f_close  0x0000000000004bac       0x40 ./FatFS/src/ff.o
                0x0000000000004bac                f_close
 .text.ff_convert
                0x0000000000004bec       0x74 ./FatFS/src/option/unicode.o
                0x0000000000004bec                ff_convert
 .text.ff_wtoupper
                0x0000000000004c60      0x114 ./FatFS/src/option/unicode.o
                0x0000000000004c60                ff_wtoupper
 .text.ADC_LoadDevinfoCal
                0x0000000000004d74      0x120 ./emlib/em_adc.o
 .text.ADC_Init
                0x0000000000004e94       0x88 ./emlib/em_adc.o
                0x0000000000004e94                ADC_Init
 .text.ADC_InitSingle
                0x0000000000004f1c       0x9c ./emlib/em_adc.o
                0x0000000000004f1c                ADC_InitSingle
 .text.ADC_PrescaleCalc
                0x0000000000004fb8       0x64 ./emlib/em_adc.o
                0x0000000000004fb8                ADC_PrescaleCalc
 .text.ADC_TimebaseCalc
                0x000000000000501c       0x60 ./emlib/em_adc.o
                0x000000000000501c                ADC_TimebaseCalc
 .text.BUS_RegBitWrite
                0x000000000000507c       0x2c ./emlib/em_cmu.o
 .text.BUS_RegBitRead
                0x00000000000050a8       0x2c ./emlib/em_cmu.o
 .text.CMU_DivToLog2
                0x00000000000050d4       0x34 ./emlib/em_cmu.o
 .text.SYSTEM_GetProdRev
                0x0000000000005108       0x1c ./emlib/em_cmu.o
 .text.setHfLeConfig
                0x0000000000005124       0x3c ./emlib/em_cmu.o
 .text.getHfLeConfig
                0x0000000000005160       0x2c ./emlib/em_cmu.o
 .text.auxClkGet
                0x000000000000518c       0xb0 ./emlib/em_cmu.o
 .text.dbgClkGet
                0x000000000000523c       0x40 ./emlib/em_cmu.o
 .text.flashWaitStateControl
                0x000000000000527c       0xb8 ./emlib/em_cmu.o
 .text.flashWaitStateMax
                0x0000000000005334       0x14 ./emlib/em_cmu.o
 .text.lfClkGet
                0x0000000000005348       0xec ./emlib/em_cmu.o
 .text.syncReg  0x0000000000005434       0x34 ./emlib/em_cmu.o
 .text.CMU_ClockDivSet
                0x0000000000005468      0x22c ./emlib/em_cmu.o
                0x0000000000005468                CMU_ClockDivSet
 .text.CMU_ClockEnable
                0x0000000000005694       0xd4 ./emlib/em_cmu.o
                0x0000000000005694                CMU_ClockEnable
 .text.CMU_ClockFreqGet
                0x0000000000005768      0x1c8 ./emlib/em_cmu.o
                0x0000000000005768                CMU_ClockFreqGet
 .text.CMU_ClockSelectGet
                0x0000000000005930      0x124 ./emlib/em_cmu.o
                0x0000000000005930                CMU_ClockSelectGet
 .text.CMU_ClockSelectSet
                0x0000000000005a54      0x228 ./emlib/em_cmu.o
                0x0000000000005a54                CMU_ClockSelectSet
 .text.CMU_OscillatorEnable
                0x0000000000005c7c       0xc0 ./emlib/em_cmu.o
                0x0000000000005c7c                CMU_OscillatorEnable
 .text.EMU_UpdateOscConfig
                0x0000000000005d3c       0x1c ./emlib/em_emu.o
                0x0000000000005d3c                EMU_UpdateOscConfig
 .text.BUS_RegBitWrite
                0x0000000000005d58       0x2c ./emlib/em_gpio.o
 .text.BUS_RegMaskedWrite
                0x0000000000005d84       0x28 ./emlib/em_gpio.o
 .text.GPIO_PinOutClear
                0x0000000000005dac       0x58 ./emlib/em_gpio.o
 .text.GPIO_PinOutSet
                0x0000000000005e04       0x58 ./emlib/em_gpio.o
 .text.GPIO_ExtIntConfig
                0x0000000000005e5c       0xd0 ./emlib/em_gpio.o
                0x0000000000005e5c                GPIO_ExtIntConfig
 .text.GPIO_PinModeSet
                0x0000000000005f2c      0x10c ./emlib/em_gpio.o
                0x0000000000005f2c                GPIO_PinModeSet
 .text.BUS_RegBitWrite
                0x0000000000006038       0x2c ./emlib/em_rtc.o
 .text.RTC_CompareSet
                0x0000000000006064       0x4c ./emlib/em_rtc.o
                0x0000000000006064                RTC_CompareSet
 .text.RTC_Enable
                0x00000000000060b0       0x20 ./emlib/em_rtc.o
                0x00000000000060b0                RTC_Enable
 .text.RTC_Init
                0x00000000000060d0       0x50 ./emlib/em_rtc.o
                0x00000000000060d0                RTC_Init
 .text.BUS_RegMaskedWrite
                0x0000000000006120       0x28 ./emlib/em_usart.o
 .text.USART_BaudrateAsyncSet
                0x0000000000006148       0xb0 ./emlib/em_usart.o
                0x0000000000006148                USART_BaudrateAsyncSet
 .text.USART_BaudrateSyncSet
                0x00000000000061f8       0x74 ./emlib/em_usart.o
                0x00000000000061f8                USART_BaudrateSyncSet
 .text.USART_Enable
                0x000000000000626c       0x58 ./emlib/em_usart.o
                0x000000000000626c                USART_Enable
 .text.USART_InitAsync
                0x00000000000062c4       0x9c ./emlib/em_usart.o
                0x00000000000062c4                USART_InitAsync
 .text.USART_InitSync
                0x0000000000006360       0xcc ./emlib/em_usart.o
                0x0000000000006360                USART_InitSync
 .text.USART_Reset
                0x000000000000642c       0x98 ./emlib/em_usart.o
                0x000000000000642c                USART_Reset
 .text.USART_SpiTransfer
                0x00000000000064c4       0x40 ./emlib/em_usart.o
                0x00000000000064c4                USART_SpiTransfer
 .text.USART_Tx
                0x0000000000006504       0x2c ./emlib/em_usart.o
                0x0000000000006504                USART_Tx
 .text.WaitReady
                0x0000000000006530       0x40 ./emlib/microsd.o
 .text.MICROSD_Init
                0x0000000000006570       0xa4 ./emlib/microsd.o
                0x0000000000006570                MICROSD_Init
 .text.MICROSD_XferSpi
                0x0000000000006614       0x38 ./emlib/microsd.o
                0x0000000000006614                MICROSD_XferSpi
 .text.MICROSD_Deselect
                0x000000000000664c       0x18 ./emlib/microsd.o
                0x000000000000664c                MICROSD_Deselect
 .text.MICROSD_Select
                0x0000000000006664       0x28 ./emlib/microsd.o
                0x0000000000006664                MICROSD_Select
 .text.MICROSD_PowerOn
                0x000000000000668c       0x14 ./emlib/microsd.o
                0x000000000000668c                MICROSD_PowerOn
 .text.MICROSD_PowerOff
                0x00000000000066a0       0x1c ./emlib/microsd.o
                0x00000000000066a0                MICROSD_PowerOff
 .text.MICROSD_BlockRx
                0x00000000000066bc      0x110 ./emlib/microsd.o
                0x00000000000066bc                MICROSD_BlockRx
 .text.MICROSD_BlockTx
                0x00000000000067cc      0x124 ./emlib/microsd.o
                0x00000000000067cc                MICROSD_BlockTx
 .text.MICROSD_SendCmd
                0x00000000000068f0       0xd8 ./emlib/microsd.o
                0x00000000000068f0                MICROSD_SendCmd
 .text.MICROSD_SpiClkSlow
                0x00000000000069c8       0x24 ./emlib/microsd.o
                0x00000000000069c8                MICROSD_SpiClkSlow
 .text.MICROSD_SpiClkFast
                0x00000000000069ec       0x24 ./emlib/microsd.o
                0x00000000000069ec                MICROSD_SpiClkFast
 .text.MICROSD_TimeOutSet
                0x0000000000006a10       0x28 ./emlib/microsd.o
                0x0000000000006a10                MICROSD_TimeOutSet
 .text.MICROSD_TimeOutElapsed
                0x0000000000006a38       0x20 ./emlib/microsd.o
                0x0000000000006a38                MICROSD_TimeOutElapsed
 .text.NVIC_EnableIRQ
                0x0000000000006a58       0x30 ./src/epsilometer_CMU_init.o
 .text.CMU_IntClear
                0x0000000000006a88       0x1c ./src/epsilometer_CMU_init.o
 .text.CMU_IntEnable
                0x0000000000006aa4       0x24 ./src/epsilometer_CMU_init.o
 .text.CMU_IntGet
                0x0000000000006ac8       0x18 ./src/epsilometer_CMU_init.o
 .text.CMU_IRQHandler
                0x0000000000006ae0       0x40 ./src/epsilometer_CMU_init.o
                0x0000000000006ae0                CMU_IRQHandler
 .text.init_CMU
                0x0000000000006b20       0x8c ./src/epsilometer_CMU_init.o
                0x0000000000006b20                init_CMU
 .text.init_GPIO
                0x0000000000006bac       0x94 ./src/epsilometer_GPIO_init.o
                0x0000000000006bac                init_GPIO
 .text.initSD   0x0000000000006c40      0x21c ./src/epsilometer_SDcard.o
                0x0000000000006c40                initSD
 .text.writeSD  0x0000000000006e5c       0x54 ./src/epsilometer_SDcard.o
                0x0000000000006e5c                writeSD
 .text.get_fattime
                0x0000000000006eb0       0x4c ./src/epsilometer_SDcard.o
                0x0000000000006eb0                get_fattime
 .text.init_TIMER
                0x0000000000006efc      0x174 ./src/epsilometer_TIMER_init.o
                0x0000000000006efc                init_TIMER
 .text.NVIC_EnableIRQ
                0x0000000000007070       0x30 ./src/epsilometer_analog.o
 .text.NVIC_ClearPendingIRQ
                0x00000000000070a0       0x34 ./src/epsilometer_analog.o
 .text.GPIO_IntClear
                0x00000000000070d4       0x20 ./src/epsilometer_analog.o
 .text.GPIO_IntDisable
                0x00000000000070f4       0x28 ./src/epsilometer_analog.o
 .text.GPIO_IntEnable
                0x000000000000711c       0x28 ./src/epsilometer_analog.o
 .text.USART_IntEnable
                0x0000000000007144       0x20 ./src/epsilometer_analog.o
 .text.Set_Value_16Bit_Register
                0x0000000000007164       0x8c ./src/epsilometer_analog.o
                0x0000000000007164                Set_Value_16Bit_Register
 .text.define_ADC_configuration
                0x00000000000071f0      0x3bc ./src/epsilometer_analog.o
                0x00000000000071f0                define_ADC_configuration
 .text.AD7124_SetRegisterValue
                0x00000000000075ac       0x78 ./src/epsilometer_analog.o
                0x00000000000075ac                AD7124_SetRegisterValue
 .text.AD7124_GetRegisterValue
                0x0000000000007624       0x8c ./src/epsilometer_analog.o
                0x0000000000007624                AD7124_GetRegisterValue
 .text.AD7124_Reset
                0x00000000000076b0       0x3c ./src/epsilometer_analog.o
                0x00000000000076b0                AD7124_Reset
 .text.AD7124_StartConversion
                0x00000000000076ec       0x48 ./src/epsilometer_analog.o
                0x00000000000076ec                AD7124_StartConversion
 .text.AD7124_ConfigureDevice
                0x0000000000007734       0xbc ./src/epsilometer_analog.o
                0x0000000000007734                AD7124_ConfigureDevice
 .text.AD7124_ChipSelect
                0x00000000000077f0       0x28 ./src/epsilometer_analog.o
                0x00000000000077f0                AD7124_ChipSelect
 .text.SPI_xfer
                0x0000000000007818       0x5c ./src/epsilometer_analog.o
                0x0000000000007818                SPI_xfer
 .text.SPI_Init
                0x0000000000007874       0x80 ./src/epsilometer_analog.o
                0x0000000000007874                SPI_Init
 .text.setupGpioInt
                0x00000000000078f4       0x38 ./src/epsilometer_analog.o
                0x00000000000078f4                setupGpioInt
 .text.GPIO_ODD_IRQHandler
                0x000000000000792c      0x290 ./src/epsilometer_analog.o
                0x000000000000792c                GPIO_ODD_IRQHandler
 .text.NVIC_EnableIRQ
                0x0000000000007bbc       0x30 ./src/epsilometer_coms.o
 .text.NVIC_ClearPendingIRQ
                0x0000000000007bec       0x34 ./src/epsilometer_coms.o
 .text.NVIC_SetPriority
                0x0000000000007c20       0x54 ./src/epsilometer_coms.o
 .text.USART_IntDisable
                0x0000000000007c74       0x24 ./src/epsilometer_coms.o
 .text.UART_Setup
                0x0000000000007c98       0xa0 ./src/epsilometer_coms.o
                0x0000000000007c98                UART_Setup
 .text.USART1_TX_IRQHandler
                0x0000000000007d38      0x100 ./src/epsilometer_coms.o
                0x0000000000007d38                USART1_TX_IRQHandler
 .text.CHIP_Init
                0x0000000000007e38        0xc ./src/epsilometer_main.o
 .text.main     0x0000000000007e44      0x1cc ./src/epsilometer_main.o
                0x0000000000007e44                main
 .text.round    0x0000000000008010       0x9c /Applications/Simplicity Studio.app/Contents/Eclipse/developer/toolchains/gnu_arm/4.9_2015q3/bin/../lib/gcc/arm-none-eabi/4.9.3/../../../../arm-none-eabi/lib/armv7e-m/softfp/libm.a(lib_a-s_round.o)
                0x0000000000008010                round
 .text          0x00000000000080ac      0x370 /Applications/Simplicity Studio.app/Contents/Eclipse/developer/toolchains/gnu_arm/4.9_2015q3/bin/../lib/gcc/arm-none-eabi/4.9.3/armv7e-m/softfp/libgcc.a(_arm_addsubdf3.o)
                0x00000000000080ac                __aeabi_drsub
                0x00000000000080b4                __subdf3
                0x00000000000080b4                __aeabi_dsub
                0x00000000000080b8                __aeabi_dadd
                0x00000000000080b8                __adddf3
                0x0000000000008330                __aeabi_ui2d
                0x0000000000008330                __floatunsidf
                0x0000000000008350                __floatsidf
                0x0000000000008350                __aeabi_i2d
                0x0000000000008374                __extendsfdf2
                0x0000000000008374                __aeabi_f2d
                0x00000000000083b0                __aeabi_ul2d
                0x00000000000083b0                __floatundidf
                0x00000000000083c0                __aeabi_l2d
                0x00000000000083c0                __floatdidf
 .text          0x000000000000841c      0x424 /Applications/Simplicity Studio.app/Contents/Eclipse/developer/toolchains/gnu_arm/4.9_2015q3/bin/../lib/gcc/arm-none-eabi/4.9.3/armv7e-m/softfp/libgcc.a(_arm_muldivdf3.o)
                0x000000000000841c                __aeabi_dmul
                0x000000000000841c                __muldf3
                0x0000000000008670                __aeabi_ddiv
                0x0000000000008670                __divdf3
 .text          0x0000000000008840       0x50 /Applications/Simplicity Studio.app/Contents/Eclipse/developer/toolchains/gnu_arm/4.9_2015q3/bin/../lib/gcc/arm-none-eabi/4.9.3/armv7e-m/softfp/libgcc.a(_arm_fixdfsi.o)
                0x0000000000008840                __fixdfsi
                0x0000000000008840                __aeabi_d2iz
 .text          0x0000000000008890       0x40 /Applications/Simplicity Studio.app/Contents/Eclipse/developer/toolchains/gnu_arm/4.9_2015q3/bin/../lib/gcc/arm-none-eabi/4.9.3/armv7e-m/softfp/libgcc.a(_arm_fixunsdfsi.o)
                0x0000000000008890                __fixunsdfsi
                0x0000000000008890                __aeabi_d2uiz
 .text.abs      0x00000000000088d0        0x8 /Applications/Simplicity Studio.app/Contents/Eclipse/developer/toolchains/gnu_arm/4.9_2015q3/bin/../lib/gcc/arm-none-eabi/4.9.3/../../../../arm-none-eabi/lib/armv7e-m/softfp/libc_nano.a(lib_a-abs.o)
                0x00000000000088d0                abs
 .text.ctime_r  0x00000000000088d8       0x16 /Applications/Simplicity Studio.app/Contents/Eclipse/developer/toolchains/gnu_arm/4.9_2015q3/bin/../lib/gcc/arm-none-eabi/4.9.3/../../../../arm-none-eabi/lib/armv7e-m/softfp/libc_nano.a(lib_a-ctime_r.o)
                0x00000000000088d8                ctime_r
 *fill*         0x00000000000088ee        0x2 
 .text.exit     0x00000000000088f0       0x28 /Applications/Simplicity Studio.app/Contents/Eclipse/developer/toolchains/gnu_arm/4.9_2015q3/bin/../lib/gcc/arm-none-eabi/4.9.3/../../../../arm-none-eabi/lib/armv7e-m/softfp/libc_nano.a(lib_a-exit.o)
                0x00000000000088f0                exit
 .text.__libc_init_array
                0x0000000000008918       0x4c /Applications/Simplicity Studio.app/Contents/Eclipse/developer/toolchains/gnu_arm/4.9_2015q3/bin/../lib/gcc/arm-none-eabi/4.9.3/../../../../arm-none-eabi/lib/armv7e-m/softfp/libc_nano.a(lib_a-init.o)
                0x0000000000008918                __libc_init_array
 .text.localtime_r
                0x0000000000008964      0x1cc /Applications/Simplicity Studio.app/Contents/Eclipse/developer/toolchains/gnu_arm/4.9_2015q3/bin/../lib/gcc/arm-none-eabi/4.9.3/../../../../arm-none-eabi/lib/armv7e-m/softfp/libc_nano.a(lib_a-lcltime_r.o)
                0x0000000000008964                localtime_r
 .text.malloc   0x0000000000008b30       0x10 /Applications/Simplicity Studio.app/Contents/Eclipse/developer/toolchains/gnu_arm/4.9_2015q3/bin/../lib/gcc/arm-none-eabi/4.9.3/../../../../arm-none-eabi/lib/armv7e-m/softfp/libc_nano.a(lib_a-malloc.o)
                0x0000000000008b30                malloc
 .text.free     0x0000000000008b40       0x10 /Applications/Simplicity Studio.app/Contents/Eclipse/developer/toolchains/gnu_arm/4.9_2015q3/bin/../lib/gcc/arm-none-eabi/4.9.3/../../../../arm-none-eabi/lib/armv7e-m/softfp/libc_nano.a(lib_a-malloc.o)
                0x0000000000008b40                free
 .text.memset   0x0000000000008b50       0x10 /Applications/Simplicity Studio.app/Contents/Eclipse/developer/toolchains/gnu_arm/4.9_2015q3/bin/../lib/gcc/arm-none-eabi/4.9.3/../../../../arm-none-eabi/lib/armv7e-m/softfp/libc_nano.a(lib_a-memset.o)
                0x0000000000008b50                memset
 .text.validate_structure
                0x0000000000008b60      0x1ac /Applications/Simplicity Studio.app/Contents/Eclipse/developer/toolchains/gnu_arm/4.9_2015q3/bin/../lib/gcc/arm-none-eabi/4.9.3/../../../../arm-none-eabi/lib/armv7e-m/softfp/libc_nano.a(lib_a-mktime.o)
 .text.mktime   0x0000000000008d0c      0x2f8 /Applications/Simplicity Studio.app/Contents/Eclipse/developer/toolchains/gnu_arm/4.9_2015q3/bin/../lib/gcc/arm-none-eabi/4.9.3/../../../../arm-none-eabi/lib/armv7e-m/softfp/libc_nano.a(lib_a-mktime.o)
                0x0000000000008d0c                mktime
 .text._free_r  0x0000000000009004       0x88 /Applications/Simplicity Studio.app/Contents/Eclipse/developer/toolchains/gnu_arm/4.9_2015q3/bin/../lib/gcc/arm-none-eabi/4.9.3/../../../../arm-none-eabi/lib/armv7e-m/softfp/libc_nano.a(lib_a-nano-freer.o)
                0x0000000000009004                _free_r
 .text._malloc_r
                0x000000000000908c       0xac /Applications/Simplicity Studio.app/Contents/Eclipse/developer/toolchains/gnu_arm/4.9_2015q3/bin/../lib/gcc/arm-none-eabi/4.9.3/../../../../arm-none-eabi/lib/armv7e-m/softfp/libc_nano.a(lib_a-nano-mallocr.o)
                0x000000000000908c                _malloc_r
 .text._sbrk_r  0x0000000000009138       0x20 /Applications/Simplicity Studio.app/Contents/Eclipse/developer/toolchains/gnu_arm/4.9_2015q3/bin/../lib/gcc/arm-none-eabi/4.9.3/../../../../arm-none-eabi/lib/armv7e-m/softfp/libc_nano.a(lib_a-sbrkr.o)
                0x0000000000009138                _sbrk_r
 .text.strlen   0x0000000000009158       0x10 /Applications/Simplicity Studio.app/Contents/Eclipse/developer/toolchains/gnu_arm/4.9_2015q3/bin/../lib/gcc/arm-none-eabi/4.9.3/../../../../arm-none-eabi/lib/armv7e-m/softfp/libc_nano.a(lib_a-strlen.o)
                0x0000000000009158                strlen
 .text.strncpy  0x0000000000009168       0x24 /Applications/Simplicity Studio.app/Contents/Eclipse/developer/toolchains/gnu_arm/4.9_2015q3/bin/../lib/gcc/arm-none-eabi/4.9.3/../../../../arm-none-eabi/lib/armv7e-m/softfp/libc_nano.a(lib_a-strncpy.o)
                0x0000000000009168                strncpy
 .text.__tzcalc_limits
                0x000000000000918c      0x14c /Applications/Simplicity Studio.app/Contents/Eclipse/developer/toolchains/gnu_arm/4.9_2015q3/bin/../lib/gcc/arm-none-eabi/4.9.3/../../../../arm-none-eabi/lib/armv7e-m/softfp/libc_nano.a(lib_a-tzcalc_limits.o)
                0x000000000000918c                __tzcalc_limits
 .text.__tz_lock
                0x00000000000092d8        0x2 /Applications/Simplicity Studio.app/Contents/Eclipse/developer/toolchains/gnu_arm/4.9_2015q3/bin/../lib/gcc/arm-none-eabi/4.9.3/../../../../arm-none-eabi/lib/armv7e-m/softfp/libc_nano.a(lib_a-tzlock.o)
                0x00000000000092d8                __tz_lock
 .text.__tz_unlock
                0x00000000000092da        0x2 /Applications/Simplicity Studio.app/Contents/Eclipse/developer/toolchains/gnu_arm/4.9_2015q3/bin/../lib/gcc/arm-none-eabi/4.9.3/../../../../arm-none-eabi/lib/armv7e-m/softfp/libc_nano.a(lib_a-tzlock.o)
                0x00000000000092da                __tz_unlock
 .text._tzset_unlocked
                0x00000000000092dc        0xc /Applications/Simplicity Studio.app/Contents/Eclipse/developer/toolchains/gnu_arm/4.9_2015q3/bin/../lib/gcc/arm-none-eabi/4.9.3/../../../../arm-none-eabi/lib/armv7e-m/softfp/libc_nano.a(lib_a-tzset.o)
                0x00000000000092dc                _tzset_unlocked
 .text._tzset_unlocked_r
                0x00000000000092e8      0x304 /Applications/Simplicity Studio.app/Contents/Eclipse/developer/toolchains/gnu_arm/4.9_2015q3/bin/../lib/gcc/arm-none-eabi/4.9.3/../../../../arm-none-eabi/lib/armv7e-m/softfp/libc_nano.a(lib_a-tzset_r.o)
                0x00000000000092e8                _tzset_unlocked_r
 .text.asctime_r
                0x00000000000095ec       0x4c /Applications/Simplicity Studio.app/Contents/Eclipse/developer/toolchains/gnu_arm/4.9_2015q3/bin/../lib/gcc/arm-none-eabi/4.9.3/../../../../arm-none-eabi/lib/armv7e-m/softfp/libc_nano.a(lib_a-asctime_r.o)
                0x00000000000095ec                asctime_r
 .text.div      0x0000000000009638       0x28 /Applications/Simplicity Studio.app/Contents/Eclipse/developer/toolchains/gnu_arm/4.9_2015q3/bin/../lib/gcc/arm-none-eabi/4.9.3/../../../../arm-none-eabi/lib/armv7e-m/softfp/libc_nano.a(lib_a-div.o)
                0x0000000000009638                div
 .text._findenv_r
                0x0000000000009660       0x78 /Applications/Simplicity Studio.app/Contents/Eclipse/developer/toolchains/gnu_arm/4.9_2015q3/bin/../lib/gcc/arm-none-eabi/4.9.3/../../../../arm-none-eabi/lib/armv7e-m/softfp/libc_nano.a(lib_a-getenv_r.o)
                0x0000000000009660                _findenv_r
 .text._getenv_r
                0x00000000000096d8        0xe /Applications/Simplicity Studio.app/Contents/Eclipse/developer/toolchains/gnu_arm/4.9_2015q3/bin/../lib/gcc/arm-none-eabi/4.9.3/../../../../arm-none-eabi/lib/armv7e-m/softfp/libc_nano.a(lib_a-getenv_r.o)
                0x00000000000096d8                _getenv_r
 *fill*         0x00000000000096e6        0x2 
 .text.__gettzinfo
                0x00000000000096e8        0x8 /Applications/Simplicity Studio.app/Contents/Eclipse/developer/toolchains/gnu_arm/4.9_2015q3/bin/../lib/gcc/arm-none-eabi/4.9.3/../../../../arm-none-eabi/lib/armv7e-m/softfp/libc_nano.a(lib_a-gettzinfo.o)
                0x00000000000096e8                __gettzinfo
 .text.gmtime_r
                0x00000000000096f0      0x12c /Applications/Simplicity Studio.app/Contents/Eclipse/developer/toolchains/gnu_arm/4.9_2015q3/bin/../lib/gcc/arm-none-eabi/4.9.3/../../../../arm-none-eabi/lib/armv7e-m/softfp/libc_nano.a(lib_a-gmtime_r.o)
                0x00000000000096f0                gmtime_r
 .text.sprintf  0x000000000000981c       0x48 /Applications/Simplicity Studio.app/Contents/Eclipse/developer/toolchains/gnu_arm/4.9_2015q3/bin/../lib/gcc/arm-none-eabi/4.9.3/../../../../arm-none-eabi/lib/armv7e-m/softfp/libc_nano.a(lib_a-sprintf.o)
                0x000000000000981c                sprintf
                0x000000000000981c                siprintf
 .text.sscanf   0x0000000000009864       0x54 /Applications/Simplicity Studio.app/Contents/Eclipse/developer/toolchains/gnu_arm/4.9_2015q3/bin/../lib/gcc/arm-none-eabi/4.9.3/../../../../arm-none-eabi/lib/armv7e-m/softfp/libc_nano.a(lib_a-sscanf.o)
                0x0000000000009864                sscanf
                0x0000000000009864                siscanf
 .text.__seofread
                0x00000000000098b8        0x4 /Applications/Simplicity Studio.app/Contents/Eclipse/developer/toolchains/gnu_arm/4.9_2015q3/bin/../lib/gcc/arm-none-eabi/4.9.3/../../../../arm-none-eabi/lib/armv7e-m/softfp/libc_nano.a(lib_a-stdio.o)
                0x00000000000098b8                __seofread
 .text          0x00000000000098bc       0x14 /Applications/Simplicity Studio.app/Contents/Eclipse/developer/toolchains/gnu_arm/4.9_2015q3/bin/../lib/gcc/arm-none-eabi/4.9.3/../../../../arm-none-eabi/lib/armv7e-m/softfp/libc_nano.a(lib_a-strcmp.o)
                0x00000000000098bc                strcmp
 .text.strcpy   0x00000000000098d0       0x10 /Applications/Simplicity Studio.app/Contents/Eclipse/developer/toolchains/gnu_arm/4.9_2015q3/bin/../lib/gcc/arm-none-eabi/4.9.3/../../../../arm-none-eabi/lib/armv7e-m/softfp/libc_nano.a(lib_a-strcpy.o)
                0x00000000000098d0                strcpy
 .text.strncmp  0x00000000000098e0       0x34 /Applications/Simplicity Studio.app/Contents/Eclipse/developer/toolchains/gnu_arm/4.9_2015q3/bin/../lib/gcc/arm-none-eabi/4.9.3/../../../../arm-none-eabi/lib/armv7e-m/softfp/libc_nano.a(lib_a-strncmp.o)
                0x00000000000098e0                strncmp
 .text._strtoul_r
                0x0000000000009914       0xf8 /Applications/Simplicity Studio.app/Contents/Eclipse/developer/toolchains/gnu_arm/4.9_2015q3/bin/../lib/gcc/arm-none-eabi/4.9.3/../../../../arm-none-eabi/lib/armv7e-m/softfp/libc_nano.a(lib_a-strtoul.o)
                0x0000000000009914                _strtoul_r
 .text.strtoul  0x0000000000009a0c       0x1c /Applications/Simplicity Studio.app/Contents/Eclipse/developer/toolchains/gnu_arm/4.9_2015q3/bin/../lib/gcc/arm-none-eabi/4.9.3/../../../../arm-none-eabi/lib/armv7e-m/softfp/libc_nano.a(lib_a-strtoul.o)
                0x0000000000009a0c                strtoul
 .text.__env_lock
                0x0000000000009a28        0x2 /Applications/Simplicity Studio.app/Contents/Eclipse/developer/toolchains/gnu_arm/4.9_2015q3/bin/../lib/gcc/arm-none-eabi/4.9.3/../../../../arm-none-eabi/lib/armv7e-m/softfp/libc_nano.a(lib_a-envlock.o)
                0x0000000000009a28                __env_lock
 .text.__env_unlock
                0x0000000000009a2a        0x2 /Applications/Simplicity Studio.app/Contents/Eclipse/developer/toolchains/gnu_arm/4.9_2015q3/bin/../lib/gcc/arm-none-eabi/4.9.3/../../../../arm-none-eabi/lib/armv7e-m/softfp/libc_nano.a(lib_a-envlock.o)
                0x0000000000009a2a                __env_unlock
 .text.__ssputs_r
                0x0000000000009a2c       0xb2 /Applications/Simplicity Studio.app/Contents/Eclipse/developer/toolchains/gnu_arm/4.9_2015q3/bin/../lib/gcc/arm-none-eabi/4.9.3/../../../../arm-none-eabi/lib/armv7e-m/softfp/libc_nano.a(lib_a-nano-svfprintf.o)
                0x0000000000009a2c                __ssputs_r
 *fill*         0x0000000000009ade        0x2 
 .text._svfprintf_r
                0x0000000000009ae0      0x1e4 /Applications/Simplicity Studio.app/Contents/Eclipse/developer/toolchains/gnu_arm/4.9_2015q3/bin/../lib/gcc/arm-none-eabi/4.9.3/../../../../arm-none-eabi/lib/armv7e-m/softfp/libc_nano.a(lib_a-nano-svfprintf.o)
                0x0000000000009ae0                _svfprintf_r
                0x0000000000009ae0                _svfiprintf_r
 .text._sungetc_r
                0x0000000000009cc4       0x7a /Applications/Simplicity Studio.app/Contents/Eclipse/developer/toolchains/gnu_arm/4.9_2015q3/bin/../lib/gcc/arm-none-eabi/4.9.3/../../../../arm-none-eabi/lib/armv7e-m/softfp/libc_nano.a(lib_a-nano-svfscanf.o)
                0x0000000000009cc4                _sungetc_r
 .text.__ssrefill_r
                0x0000000000009d3e       0x3a /Applications/Simplicity Studio.app/Contents/Eclipse/developer/toolchains/gnu_arm/4.9_2015q3/bin/../lib/gcc/arm-none-eabi/4.9.3/../../../../arm-none-eabi/lib/armv7e-m/softfp/libc_nano.a(lib_a-nano-svfscanf.o)
                0x0000000000009d3e                __ssrefill_r
 .text.__ssvfscanf_r
                0x0000000000009d78      0x29c /Applications/Simplicity Studio.app/Contents/Eclipse/developer/toolchains/gnu_arm/4.9_2015q3/bin/../lib/gcc/arm-none-eabi/4.9.3/../../../../arm-none-eabi/lib/armv7e-m/softfp/libc_nano.a(lib_a-nano-svfscanf.o)
                0x0000000000009d78                __ssvfscanf_r
                0x0000000000009d78                __ssvfiscanf_r
 .text._printf_common
                0x000000000000a014       0xea /Applications/Simplicity Studio.app/Contents/Eclipse/developer/toolchains/gnu_arm/4.9_2015q3/bin/../lib/gcc/arm-none-eabi/4.9.3/../../../../arm-none-eabi/lib/armv7e-m/softfp/libc_nano.a(lib_a-nano-vfprintf_i.o)
                0x000000000000a014                _printf_common
 *fill*         0x000000000000a0fe        0x2 
 .text._printf_i
                0x000000000000a100      0x240 /Applications/Simplicity Studio.app/Contents/Eclipse/developer/toolchains/gnu_arm/4.9_2015q3/bin/../lib/gcc/arm-none-eabi/4.9.3/../../../../arm-none-eabi/lib/armv7e-m/softfp/libc_nano.a(lib_a-nano-vfprintf_i.o)
                0x000000000000a100                _printf_i
 .text._scanf_chars
                0x000000000000a340       0xc0 /Applications/Simplicity Studio.app/Contents/Eclipse/developer/toolchains/gnu_arm/4.9_2015q3/bin/../lib/gcc/arm-none-eabi/4.9.3/../../../../arm-none-eabi/lib/armv7e-m/softfp/libc_nano.a(lib_a-nano-vfscanf_i.o)
                0x000000000000a340                _scanf_chars
 .text._scanf_i
                0x000000000000a400      0x1e4 /Applications/Simplicity Studio.app/Contents/Eclipse/developer/toolchains/gnu_arm/4.9_2015q3/bin/../lib/gcc/arm-none-eabi/4.9.3/../../../../arm-none-eabi/lib/armv7e-m/softfp/libc_nano.a(lib_a-nano-vfscanf_i.o)
                0x000000000000a400                _scanf_i
 .text.__sccl   0x000000000000a5e4       0x64 /Applications/Simplicity Studio.app/Contents/Eclipse/developer/toolchains/gnu_arm/4.9_2015q3/bin/../lib/gcc/arm-none-eabi/4.9.3/../../../../arm-none-eabi/lib/armv7e-m/softfp/libc_nano.a(lib_a-sccl.o)
                0x000000000000a5e4                __sccl
 .text._strtol_r
                0x000000000000a648      0x10c /Applications/Simplicity Studio.app/Contents/Eclipse/developer/toolchains/gnu_arm/4.9_2015q3/bin/../lib/gcc/arm-none-eabi/4.9.3/../../../../arm-none-eabi/lib/armv7e-m/softfp/libc_nano.a(lib_a-strtol.o)
                0x000000000000a648                _strtol_r
 .text.__submore
                0x000000000000a754       0x76 /Applications/Simplicity Studio.app/Contents/Eclipse/developer/toolchains/gnu_arm/4.9_2015q3/bin/../lib/gcc/arm-none-eabi/4.9.3/../../../../arm-none-eabi/lib/armv7e-m/softfp/libc_nano.a(lib_a-ungetc.o)
                0x000000000000a754                __submore
 .text.memchr   0x000000000000a7ca       0x1e /Applications/Simplicity Studio.app/Contents/Eclipse/developer/toolchains/gnu_arm/4.9_2015q3/bin/../lib/gcc/arm-none-eabi/4.9.3/../../../../arm-none-eabi/lib/armv7e-m/softfp/libc_nano.a(lib_a-memchr.o)
                0x000000000000a7ca                memchr
 .text.memcpy   0x000000000000a7e8       0x16 /Applications/Simplicity Studio.app/Contents/Eclipse/developer/toolchains/gnu_arm/4.9_2015q3/bin/../lib/gcc/arm-none-eabi/4.9.3/../../../../arm-none-eabi/lib/armv7e-m/softfp/libc_nano.a(lib_a-memcpy.o)
                0x000000000000a7e8                memcpy
 .text.memmove  0x000000000000a7fe       0x36 /Applications/Simplicity Studio.app/Contents/Eclipse/developer/toolchains/gnu_arm/4.9_2015q3/bin/../lib/gcc/arm-none-eabi/4.9.3/../../../../arm-none-eabi/lib/armv7e-m/softfp/libc_nano.a(lib_a-memmove.o)
                0x000000000000a7fe                memmove
 .text._realloc_r
                0x000000000000a834       0x4c /Applications/Simplicity Studio.app/Contents/Eclipse/developer/toolchains/gnu_arm/4.9_2015q3/bin/../lib/gcc/arm-none-eabi/4.9.3/../../../../arm-none-eabi/lib/armv7e-m/softfp/libc_nano.a(lib_a-nano-reallocr.o)
                0x000000000000a834                _realloc_r
 .text._malloc_usable_size_r
                0x000000000000a880       0x14 /Applications/Simplicity Studio.app/Contents/Eclipse/developer/toolchains/gnu_arm/4.9_2015q3/bin/../lib/gcc/arm-none-eabi/4.9.3/../../../../arm-none-eabi/lib/armv7e-m/softfp/libc_nano.a(lib_a-nano-msizer.o)
                0x000000000000a880                _malloc_usable_size_r
 .text._sbrk    0x000000000000a894       0x1c /Applications/Simplicity Studio.app/Contents/Eclipse/developer/toolchains/gnu_arm/4.9_2015q3/bin/../lib/gcc/arm-none-eabi/4.9.3/../../../../arm-none-eabi/lib/armv7e-m/softfp/libnosys.a(sbrk.o)
                0x000000000000a894                _sbrk
 .text._exit    0x000000000000a8b0        0x4 /Applications/Simplicity Studio.app/Contents/Eclipse/developer/toolchains/gnu_arm/4.9_2015q3/bin/../lib/gcc/arm-none-eabi/4.9.3/../../../../arm-none-eabi/lib/armv7e-m/softfp/libnosys.a(_exit.o)
                0x000000000000a8b0                _exit
 *(.init)
 .init          0x000000000000a8b4        0x4 /Applications/Simplicity Studio.app/Contents/Eclipse/developer/toolchains/gnu_arm/4.9_2015q3/bin/../lib/gcc/arm-none-eabi/4.9.3/armv7e-m/softfp/crti.o
                0x000000000000a8b4                _init
 .init          0x000000000000a8b8        0x8 /Applications/Simplicity Studio.app/Contents/Eclipse/developer/toolchains/gnu_arm/4.9_2015q3/bin/../lib/gcc/arm-none-eabi/4.9.3/armv7e-m/softfp/crtn.o
 *(.fini)
 .fini          0x000000000000a8c0        0x4 /Applications/Simplicity Studio.app/Contents/Eclipse/developer/toolchains/gnu_arm/4.9_2015q3/bin/../lib/gcc/arm-none-eabi/4.9.3/armv7e-m/softfp/crti.o
                0x000000000000a8c0                _fini
 .fini          0x000000000000a8c4        0x8 /Applications/Simplicity Studio.app/Contents/Eclipse/developer/toolchains/gnu_arm/4.9_2015q3/bin/../lib/gcc/arm-none-eabi/4.9.3/armv7e-m/softfp/crtn.o
 *crtbegin.o(.ctors)
 *crtbegin?.o(.ctors)
 *(EXCLUDE_FILE(*crtend.o *crtend?.o) .ctors)
 *(SORT(.ctors.*))
 *(.ctors)
 *crtbegin.o(.dtors)
 *crtbegin?.o(.dtors)
 *(EXCLUDE_FILE(*crtend.o *crtend?.o) .dtors)
 *(SORT(.dtors.*))
 *(.dtors)
 *(.rodata*)
 .rodata.crystalCompensationTable
                0x000000000000a8cc       0x8e ./Calendar/crystal_parameters.o
                0x000000000000a8cc                crystalCompensationTable
 *fill*         0x000000000000a95a        0x2 
 .rodata        0x000000000000a95c       0x2c ./Calendar/main_calendar_tc.o
 .rodata.ExCvt  0x000000000000a988       0x80 ./FatFS/src/ff.o
 .rodata.LfnOfs
                0x000000000000aa08        0xd ./FatFS/src/ff.o
 *fill*         0x000000000000aa15        0x3 
 .rodata        0x000000000000aa18       0x20 ./FatFS/src/ff.o
 .rodata.Tbl    0x000000000000aa38      0x100 ./FatFS/src/option/unicode.o
 .rodata.cvt1.3852
                0x000000000000ab38      0x1f2 ./FatFS/src/option/unicode.o
 *fill*         0x000000000000ad2a        0x2 
 .rodata.cvt2.3853
                0x000000000000ad2c       0xbc ./FatFS/src/option/unicode.o
 .rodata        0x000000000000ade8       0x18 ./emlib/microsd.o
 .rodata        0x000000000000ae00       0x56 ./src/epsilometer_SDcard.o
 *fill*         0x000000000000ae56        0x2 
 .rodata        0x000000000000ae58       0x44 ./src/epsilometer_analog.o
 .rodata.str1.1
                0x000000000000ae9c        0x2 /Applications/Simplicity Studio.app/Contents/Eclipse/developer/toolchains/gnu_arm/4.9_2015q3/bin/../lib/gcc/arm-none-eabi/4.9.3/../../../../arm-none-eabi/lib/armv7e-m/softfp/libc_nano.a(lib_a-impure.o)
 *fill*         0x000000000000ae9e        0x2 
 .rodata._global_impure_ptr
                0x000000000000aea0        0x4 /Applications/Simplicity Studio.app/Contents/Eclipse/developer/toolchains/gnu_arm/4.9_2015q3/bin/../lib/gcc/arm-none-eabi/4.9.3/../../../../arm-none-eabi/lib/armv7e-m/softfp/libc_nano.a(lib_a-impure.o)
                0x000000000000aea0                _global_impure_ptr
 .rodata._DAYS_BEFORE_MONTH
                0x000000000000aea4       0x30 /Applications/Simplicity Studio.app/Contents/Eclipse/developer/toolchains/gnu_arm/4.9_2015q3/bin/../lib/gcc/arm-none-eabi/4.9.3/../../../../arm-none-eabi/lib/armv7e-m/softfp/libc_nano.a(lib_a-mktime.o)
 .rodata.DAYS_IN_MONTH
                0x000000000000aed4       0x30 /Applications/Simplicity Studio.app/Contents/Eclipse/developer/toolchains/gnu_arm/4.9_2015q3/bin/../lib/gcc/arm-none-eabi/4.9.3/../../../../arm-none-eabi/lib/armv7e-m/softfp/libc_nano.a(lib_a-mktime.o)
 .rodata.__month_lengths
                0x000000000000af04       0x60 /Applications/Simplicity Studio.app/Contents/Eclipse/developer/toolchains/gnu_arm/4.9_2015q3/bin/../lib/gcc/arm-none-eabi/4.9.3/../../../../arm-none-eabi/lib/armv7e-m/softfp/libc_nano.a(lib_a-month_lengths.o)
                0x000000000000af04                __month_lengths
 .rodata.str1.1
                0x000000000000af64       0x3c /Applications/Simplicity Studio.app/Contents/Eclipse/developer/toolchains/gnu_arm/4.9_2015q3/bin/../lib/gcc/arm-none-eabi/4.9.3/../../../../arm-none-eabi/lib/armv7e-m/softfp/libc_nano.a(lib_a-tzset_r.o)
                                         0x4e (size before relaxing)
 .rodata.str1.1
                0x0000000000000000        0x4 /Applications/Simplicity Studio.app/Contents/Eclipse/developer/toolchains/gnu_arm/4.9_2015q3/bin/../lib/gcc/arm-none-eabi/4.9.3/../../../../arm-none-eabi/lib/armv7e-m/softfp/libc_nano.a(lib_a-tzvars.o)
 .rodata.day_name.4676
                0x000000000000afa0       0x15 /Applications/Simplicity Studio.app/Contents/Eclipse/developer/toolchains/gnu_arm/4.9_2015q3/bin/../lib/gcc/arm-none-eabi/4.9.3/../../../../arm-none-eabi/lib/armv7e-m/softfp/libc_nano.a(lib_a-asctime_r.o)
 .rodata.mon_name.4677
                0x000000000000afb5       0x24 /Applications/Simplicity Studio.app/Contents/Eclipse/developer/toolchains/gnu_arm/4.9_2015q3/bin/../lib/gcc/arm-none-eabi/4.9.3/../../../../arm-none-eabi/lib/armv7e-m/softfp/libc_nano.a(lib_a-asctime_r.o)
 .rodata.str1.1
                0x000000000000afd9       0x20 /Applications/Simplicity Studio.app/Contents/Eclipse/developer/toolchains/gnu_arm/4.9_2015q3/bin/../lib/gcc/arm-none-eabi/4.9.3/../../../../arm-none-eabi/lib/armv7e-m/softfp/libc_nano.a(lib_a-asctime_r.o)
 .rodata._ctype_
                0x000000000000aff9      0x101 /Applications/Simplicity Studio.app/Contents/Eclipse/developer/toolchains/gnu_arm/4.9_2015q3/bin/../lib/gcc/arm-none-eabi/4.9.3/../../../../arm-none-eabi/lib/armv7e-m/softfp/libc_nano.a(lib_a-ctype_.o)
                0x000000000000aff9                _ctype_
 .rodata.str1.1
                0x000000000000b0fa       0x11 /Applications/Simplicity Studio.app/Contents/Eclipse/developer/toolchains/gnu_arm/4.9_2015q3/bin/../lib/gcc/arm-none-eabi/4.9.3/../../../../arm-none-eabi/lib/armv7e-m/softfp/libc_nano.a(lib_a-nano-svfprintf.o)
 .rodata.str1.1
                0x0000000000000000        0x4 /Applications/Simplicity Studio.app/Contents/Eclipse/developer/toolchains/gnu_arm/4.9_2015q3/bin/../lib/gcc/arm-none-eabi/4.9.3/../../../../arm-none-eabi/lib/armv7e-m/softfp/libc_nano.a(lib_a-nano-svfscanf.o)
 .rodata.str1.1
                0x000000000000b10b       0x22 /Applications/Simplicity Studio.app/Contents/Eclipse/developer/toolchains/gnu_arm/4.9_2015q3/bin/../lib/gcc/arm-none-eabi/4.9.3/../../../../arm-none-eabi/lib/armv7e-m/softfp/libc_nano.a(lib_a-nano-vfprintf_i.o)
 *fill*         0x000000000000b12d        0x3 
 .rodata        0x000000000000b130        0xc /Applications/Simplicity Studio.app/Contents/Eclipse/developer/toolchains/gnu_arm/4.9_2015q3/bin/../lib/gcc/arm-none-eabi/4.9.3/../../../../arm-none-eabi/lib/armv7e-m/softfp/libc_nano.a(lib_a-nano-vfscanf_i.o)
 .rodata.str1.1
                0x000000000000b13c       0x1b /Applications/Simplicity Studio.app/Contents/Eclipse/developer/toolchains/gnu_arm/4.9_2015q3/bin/../lib/gcc/arm-none-eabi/4.9.3/../../../../arm-none-eabi/lib/armv7e-m/softfp/libc_nano.a(lib_a-nano-vfscanf_i.o)
 *fill*         0x000000000000b157        0x1 
 .rodata.__sf_fake_stdin
                0x000000000000b158       0x20 /Applications/Simplicity Studio.app/Contents/Eclipse/developer/toolchains/gnu_arm/4.9_2015q3/bin/../lib/gcc/arm-none-eabi/4.9.3/../../../../arm-none-eabi/lib/armv7e-m/softfp/libc_nano.a(lib_a-findfp.o)
                0x000000000000b158                __sf_fake_stdin
 .rodata.__sf_fake_stdout
                0x000000000000b178       0x20 /Applications/Simplicity Studio.app/Contents/Eclipse/developer/toolchains/gnu_arm/4.9_2015q3/bin/../lib/gcc/arm-none-eabi/4.9.3/../../../../arm-none-eabi/lib/armv7e-m/softfp/libc_nano.a(lib_a-findfp.o)
                0x000000000000b178                __sf_fake_stdout
 .rodata.__sf_fake_stderr
                0x000000000000b198       0x20 /Applications/Simplicity Studio.app/Contents/Eclipse/developer/toolchains/gnu_arm/4.9_2015q3/bin/../lib/gcc/arm-none-eabi/4.9.3/../../../../arm-none-eabi/lib/armv7e-m/softfp/libc_nano.a(lib_a-findfp.o)
                0x000000000000b198                __sf_fake_stderr
 *(.eh_frame*)
 .eh_frame      0x000000000000b1b8        0x0 /Applications/Simplicity Studio.app/Contents/Eclipse/developer/toolchains/gnu_arm/4.9_2015q3/bin/../lib/gcc/arm-none-eabi/4.9.3/armv7e-m/softfp/crtbegin.o
 .eh_frame      0x000000000000b1b8       0x28 /Applications/Simplicity Studio.app/Contents/Eclipse/developer/toolchains/gnu_arm/4.9_2015q3/bin/../lib/gcc/arm-none-eabi/4.9.3/../../../../arm-none-eabi/lib/armv7e-m/softfp/libc_nano.a(lib_a-strcmp.o)
 .eh_frame      0x000000000000b1e0        0x4 /Applications/Simplicity Studio.app/Contents/Eclipse/developer/toolchains/gnu_arm/4.9_2015q3/bin/../lib/gcc/arm-none-eabi/4.9.3/armv7e-m/softfp/crtend.o

.glue_7         0x000000000000b1e4        0x0
 .glue_7        0x0000000000000000        0x0 linker stubs

.glue_7t        0x000000000000b1e4        0x0
 .glue_7t       0x0000000000000000        0x0 linker stubs

.vfp11_veneer   0x000000000000b1e4        0x0
 .vfp11_veneer  0x0000000000000000        0x0 linker stubs

.v4_bx          0x000000000000b1e4        0x0
 .v4_bx         0x0000000000000000        0x0 linker stubs

.iplt           0x000000000000b1e4        0x0
 .iplt          0x0000000000000000        0x0 /Applications/Simplicity Studio.app/Contents/Eclipse/developer/toolchains/gnu_arm/4.9_2015q3/bin/../lib/gcc/arm-none-eabi/4.9.3/armv7e-m/softfp/crtbegin.o

.ARM.extab
 *(.ARM.extab* .gnu.linkonce.armextab.*)
                0x000000000000b1e4                __exidx_start = .

.ARM.exidx      0x000000000000b1e4        0x8
 *(.ARM.exidx* .gnu.linkonce.armexidx.*)
 .ARM.exidx     0x000000000000b1e4        0x8 /Applications/Simplicity Studio.app/Contents/Eclipse/developer/toolchains/gnu_arm/4.9_2015q3/bin/../lib/gcc/arm-none-eabi/4.9.3/../../../../arm-none-eabi/lib/armv7e-m/softfp/crt0.o
                0x000000000000b1ec                __exidx_end = .
                0x000000000000b1ec                __etext = .

.rel.dyn        0x000000000000b1ec        0x0
 .rel.iplt      0x0000000000000000        0x0 /Applications/Simplicity Studio.app/Contents/Eclipse/developer/toolchains/gnu_arm/4.9_2015q3/bin/../lib/gcc/arm-none-eabi/4.9.3/armv7e-m/softfp/crtbegin.o

.data           0x0000000020000000      0x2c8 load address 0x000000000000b1ec
                0x0000000020000000                __data_start__ = .
 *(vtable)
 *(.data*)
 .data.SystemHFXOClock
                0x0000000020000000        0x4 ./CMSIS/EFM32WG/system_efm32wg.o
 .data.SystemLFXOClock
                0x0000000020000004        0x4 ./CMSIS/EFM32WG/system_efm32wg.o
 .data.stat     0x0000000020000008        0x1 ./FatFS/silabs_diskio.o
 *fill*         0x0000000020000009        0x3 
 .data.cur_min.7409
                0x000000002000000c        0x4 ./src/epsilometer_SDcard.o
 .data.cur_sec.7410
                0x0000000020000010        0x4 ./src/epsilometer_SDcard.o
 .data.doTemperatureCompensation
                0x0000000020000014        0x1 ./src/epsilometer_main.o
                0x0000000020000014                doTemperatureCompensation
 *fill*         0x0000000020000015        0x3 
 .data.boardSetup
                0x0000000020000018       0x2c ./src/epsilometer_main.o
                0x0000000020000018                boardSetup
 .data.boardSetup_ptr
                0x0000000020000044        0x4 ./src/epsilometer_main.o
                0x0000000020000044                boardSetup_ptr
 .data.fp07_1   0x0000000020000048       0x34 ./src/epsilometer_main.o
                0x0000000020000048                fp07_1
 .data.fp07_2   0x000000002000007c       0x34 ./src/epsilometer_main.o
                0x000000002000007c                fp07_2
 .data.shr_1    0x00000000200000b0       0x34 ./src/epsilometer_main.o
                0x00000000200000b0                shr_1
 .data.shr_2    0x00000000200000e4       0x34 ./src/epsilometer_main.o
                0x00000000200000e4                shr_2
 .data.con_1    0x0000000020000118       0x34 ./src/epsilometer_main.o
                0x0000000020000118                con_1
 .data.ax       0x000000002000014c       0x34 ./src/epsilometer_main.o
                0x000000002000014c                ax
 .data.ay       0x0000000020000180       0x34 ./src/epsilometer_main.o
                0x0000000020000180                ay
 .data.az       0x00000000200001b4       0x34 ./src/epsilometer_main.o
                0x00000000200001b4                az
 .data.sensors  0x00000000200001e8       0x20 ./src/epsilometer_main.o
                0x00000000200001e8                sensors
 .data.impure_data
                0x0000000020000208       0x60 /Applications/Simplicity Studio.app/Contents/Eclipse/developer/toolchains/gnu_arm/4.9_2015q3/bin/../lib/gcc/arm-none-eabi/4.9.3/../../../../arm-none-eabi/lib/armv7e-m/softfp/libc_nano.a(lib_a-impure.o)
 .data._impure_ptr
                0x0000000020000268        0x4 /Applications/Simplicity Studio.app/Contents/Eclipse/developer/toolchains/gnu_arm/4.9_2015q3/bin/../lib/gcc/arm-none-eabi/4.9.3/../../../../arm-none-eabi/lib/armv7e-m/softfp/libc_nano.a(lib_a-impure.o)
                0x0000000020000268                _impure_ptr
 .data._tzname  0x000000002000026c        0x8 /Applications/Simplicity Studio.app/Contents/Eclipse/developer/toolchains/gnu_arm/4.9_2015q3/bin/../lib/gcc/arm-none-eabi/4.9.3/../../../../arm-none-eabi/lib/armv7e-m/softfp/libc_nano.a(lib_a-tzvars.o)
                0x000000002000026c                _tzname
 .data.tzinfo   0x0000000020000274       0x40 /Applications/Simplicity Studio.app/Contents/Eclipse/developer/toolchains/gnu_arm/4.9_2015q3/bin/../lib/gcc/arm-none-eabi/4.9.3/../../../../arm-none-eabi/lib/armv7e-m/softfp/libc_nano.a(lib_a-gettzinfo.o)
 .data.__ctype_ptr__
                0x00000000200002b4        0x4 /Applications/Simplicity Studio.app/Contents/Eclipse/developer/toolchains/gnu_arm/4.9_2015q3/bin/../lib/gcc/arm-none-eabi/4.9.3/../../../../arm-none-eabi/lib/armv7e-m/softfp/libc_nano.a(lib_a-ctype_.o)
                0x00000000200002b4                __ctype_ptr__
 .data.environ  0x00000000200002b8        0x4 /Applications/Simplicity Studio.app/Contents/Eclipse/developer/toolchains/gnu_arm/4.9_2015q3/bin/../lib/gcc/arm-none-eabi/4.9.3/../../../../arm-none-eabi/lib/armv7e-m/softfp/libc_nano.a(lib_a-environ.o)
                0x00000000200002b8                environ
                0x00000000200002bc                . = ALIGN (0x4)
 *(.ram)
                0x00000000200002bc                . = ALIGN (0x4)
                0x00000000200002bc                PROVIDE (__preinit_array_start, .)
 *(.preinit_array)
                0x00000000200002bc                PROVIDE (__preinit_array_end, .)
                0x00000000200002bc                . = ALIGN (0x4)
                0x00000000200002bc                PROVIDE (__init_array_start, .)
 *(SORT(.init_array.*))
 *(.init_array)
 .init_array    0x00000000200002bc        0x4 /Applications/Simplicity Studio.app/Contents/Eclipse/developer/toolchains/gnu_arm/4.9_2015q3/bin/../lib/gcc/arm-none-eabi/4.9.3/armv7e-m/softfp/crtbegin.o
                0x00000000200002c0                PROVIDE (__init_array_end, .)
                0x00000000200002c0                . = ALIGN (0x4)
                0x00000000200002c0                PROVIDE (__fini_array_start, .)
 *(SORT(.fini_array.*))
 *(.fini_array)
 .fini_array    0x00000000200002c0        0x4 /Applications/Simplicity Studio.app/Contents/Eclipse/developer/toolchains/gnu_arm/4.9_2015q3/bin/../lib/gcc/arm-none-eabi/4.9.3/armv7e-m/softfp/crtbegin.o
                0x00000000200002c4                PROVIDE (__fini_array_end, .)
 *(.jcr*)
 .jcr           0x00000000200002c4        0x0 /Applications/Simplicity Studio.app/Contents/Eclipse/developer/toolchains/gnu_arm/4.9_2015q3/bin/../lib/gcc/arm-none-eabi/4.9.3/armv7e-m/softfp/crtbegin.o
 .jcr           0x00000000200002c4        0x4 /Applications/Simplicity Studio.app/Contents/Eclipse/developer/toolchains/gnu_arm/4.9_2015q3/bin/../lib/gcc/arm-none-eabi/4.9.3/armv7e-m/softfp/crtend.o
                0x00000000200002c8                . = ALIGN (0x4)
                0x00000000200002c8                __data_end__ = .

.igot.plt       0x00000000200002c8        0x0 load address 0x000000000000b4b4
 .igot.plt      0x0000000000000000        0x0 /Applications/Simplicity Studio.app/Contents/Eclipse/developer/toolchains/gnu_arm/4.9_2015q3/bin/../lib/gcc/arm-none-eabi/4.9.3/armv7e-m/softfp/crtbegin.o

.bss            0x00000000200002c8      0xbbc load address 0x000000000000b4b8
                0x00000000200002c8                . = ALIGN (0x4)
                0x00000000200002c8                __bss_start__ = .
 *(.bss*)
 .bss           0x00000000200002c8       0x1c /Applications/Simplicity Studio.app/Contents/Eclipse/developer/toolchains/gnu_arm/4.9_2015q3/bin/../lib/gcc/arm-none-eabi/4.9.3/armv7e-m/softfp/crtbegin.o
 .bss.rtcCountsPerSec
                0x00000000200002e4        0x2 ./Calendar/clock_tc.o
 *fill*         0x00000000200002e6        0x2 
 .bss.rtcStartTime
                0x00000000200002e8        0x4 ./Calendar/clock_tc.o
 .bss.rtcOverflowCounter
                0x00000000200002ec        0x4 ./Calendar/clock_tc.o
 .bss.rtcOverflowInterval
                0x00000000200002f0        0x4 ./Calendar/clock_tc.o
 .bss.rtcOverflowIntervalR
                0x00000000200002f4        0x4 ./Calendar/clock_tc.o
 .bss.thermCalTemp
                0x00000000200002f8        0x1 ./Calendar/clock_tc.o
 *fill*         0x00000000200002f9        0x1 
 .bss.thermCalValue
                0x00000000200002fa        0x2 ./Calendar/clock_tc.o
 .bss.tempCompAccumulator
                0x00000000200002fc        0x4 ./Calendar/clock_tc.o
 .bss.tempCompInterval
                0x0000000020000300        0x4 ./Calendar/clock_tc.o
 .bss.accumulator.7349
                0x0000000020000304        0x4 ./Calendar/clock_tc.o
 .bss.CardType  0x0000000020000308        0x4 ./FatFS/silabs_diskio.o
 .bss.FatFs     0x000000002000030c        0x4 ./FatFS/src/ff.o
 .bss.Fsid      0x0000000020000310        0x2 ./FatFS/src/ff.o
 *fill*         0x0000000020000312        0x2 
 .bss.DirBuf    0x0000000020000314      0x260 ./FatFS/src/ff.o
 .bss.LfnBuf    0x0000000020000574      0x200 ./FatFS/src/ff.o
 .bss.cmuStatus
                0x0000000020000774        0x4 ./emlib/em_emu.o
 .bss.INT_LockCnt
                0x0000000020000778        0x4 ./emlib/em_int.o
                0x0000000020000778                INT_LockCnt
 .bss.timeOut   0x000000002000077c        0x4 ./emlib/microsd.o
 .bss.xfersPrMsec
                0x0000000020000780        0x4 ./emlib/microsd.o
 .bss.gulclockset
                0x0000000020000784        0x4 ./src/epsilometer_CMU_init.o
                0x0000000020000784                gulclockset
 .bss.pendingSamples
                0x0000000020000788        0x4 ./src/epsilometer_main.o
                0x0000000020000788                pendingSamples
 .bss.txSentBytes
                0x000000002000078c        0x4 ./src/epsilometer_main.o
                0x000000002000078c                txSentBytes
 .bss.flagSync  0x0000000020000790        0x4 ./src/epsilometer_main.o
                0x0000000020000790                flagSync
 .bss.__malloc_sbrk_start
                0x0000000020000794        0x4 /Applications/Simplicity Studio.app/Contents/Eclipse/developer/toolchains/gnu_arm/4.9_2015q3/bin/../lib/gcc/arm-none-eabi/4.9.3/../../../../arm-none-eabi/lib/armv7e-m/softfp/libc_nano.a(lib_a-nano-mallocr.o)
                0x0000000020000794                __malloc_sbrk_start
 .bss.__malloc_free_list
                0x0000000020000798        0x4 /Applications/Simplicity Studio.app/Contents/Eclipse/developer/toolchains/gnu_arm/4.9_2015q3/bin/../lib/gcc/arm-none-eabi/4.9.3/../../../../arm-none-eabi/lib/armv7e-m/softfp/libc_nano.a(lib_a-nano-mallocr.o)
                0x0000000020000798                __malloc_free_list
 .bss.__tzname_dst
                0x000000002000079c        0xb /Applications/Simplicity Studio.app/Contents/Eclipse/developer/toolchains/gnu_arm/4.9_2015q3/bin/../lib/gcc/arm-none-eabi/4.9.3/../../../../arm-none-eabi/lib/armv7e-m/softfp/libc_nano.a(lib_a-tzset_r.o)
 .bss.__tzname_std
                0x00000000200007a7        0xb /Applications/Simplicity Studio.app/Contents/Eclipse/developer/toolchains/gnu_arm/4.9_2015q3/bin/../lib/gcc/arm-none-eabi/4.9.3/../../../../arm-none-eabi/lib/armv7e-m/softfp/libc_nano.a(lib_a-tzset_r.o)
 *fill*         0x00000000200007b2        0x2 
 .bss.prev_tzenv
                0x00000000200007b4        0x4 /Applications/Simplicity Studio.app/Contents/Eclipse/developer/toolchains/gnu_arm/4.9_2015q3/bin/../lib/gcc/arm-none-eabi/4.9.3/../../../../arm-none-eabi/lib/armv7e-m/softfp/libc_nano.a(lib_a-tzset_r.o)
 .bss._daylight
                0x00000000200007b8        0x4 /Applications/Simplicity Studio.app/Contents/Eclipse/developer/toolchains/gnu_arm/4.9_2015q3/bin/../lib/gcc/arm-none-eabi/4.9.3/../../../../arm-none-eabi/lib/armv7e-m/softfp/libc_nano.a(lib_a-tzvars.o)
                0x00000000200007b8                _daylight
 .bss._timezone
                0x00000000200007bc        0x4 /Applications/Simplicity Studio.app/Contents/Eclipse/developer/toolchains/gnu_arm/4.9_2015q3/bin/../lib/gcc/arm-none-eabi/4.9.3/../../../../arm-none-eabi/lib/armv7e-m/softfp/libc_nano.a(lib_a-tzvars.o)
                0x00000000200007bc                _timezone
 .bss.initial_env
                0x00000000200007c0        0x4 /Applications/Simplicity Studio.app/Contents/Eclipse/developer/toolchains/gnu_arm/4.9_2015q3/bin/../lib/gcc/arm-none-eabi/4.9.3/../../../../arm-none-eabi/lib/armv7e-m/softfp/libc_nano.a(lib_a-environ.o)
 .bss.heap_end.4079
                0x00000000200007c4        0x4 /Applications/Simplicity Studio.app/Contents/Eclipse/developer/toolchains/gnu_arm/4.9_2015q3/bin/../lib/gcc/arm-none-eabi/4.9.3/../../../../arm-none-eabi/lib/armv7e-m/softfp/libnosys.a(sbrk.o)
 *(COMMON)
 COMMON         0x00000000200007c8        0x4 ./CMSIS/EFM32WG/system_efm32wg.o
                0x00000000200007c8                SystemCoreClock
 *fill*         0x00000000200007cc        0x4 
 COMMON         0x00000000200007d0      0x460 ./src/epsilometer_GPIO_init.o
                0x00000000200007d0                SDblock
                0x00000000200007d4                filename
                0x00000000200009d4                bufferSize
                0x00000000200009d8                fsrc
                0x0000000020000c20                dataBuffer
                0x0000000020000c24                channelSample
                0x0000000020000c28                byteSample
                0x0000000020000c2c                dataLen
 COMMON         0x0000000020000c30      0x24d ./src/epsilometer_SDcard.o
                0x0000000020000c30                Fatfs
                0x0000000020000e68                br
                0x0000000020000e6c                res_mount
                0x0000000020000e70                SDwritten
                0x0000000020000e74                resCard
                0x0000000020000e78                bw
                0x0000000020000e7c                res
 *fill*         0x0000000020000e7d        0x3 
 COMMON         0x0000000020000e80        0x4 /Applications/Simplicity Studio.app/Contents/Eclipse/developer/toolchains/gnu_arm/4.9_2015q3/bin/../lib/gcc/arm-none-eabi/4.9.3/../../../../arm-none-eabi/lib/armv7e-m/softfp/libc_nano.a(lib_a-reent.o)
                0x0000000020000e80                errno
                0x0000000020000e84                . = ALIGN (0x4)
                0x0000000020000e84                __bss_end__ = .

.heap           0x0000000020000e88      0xc00
                0x0000000020000e88                __HeapBase = .
                0x0000000020000e88                __end__ = .
                0x0000000020000e88                end = __end__
                0x0000000020000e88                _end = __end__
 *(.heap*)
 .heap          0x0000000020000e88      0xc00 ./CMSIS/EFM32WG/startup_efm32wg.o
                0x0000000020001a88                __HeapLimit = .

.stack_dummy    0x0000000020000e88      0x400
 *(.stack*)
 .stack         0x0000000020000e88      0x400 ./CMSIS/EFM32WG/startup_efm32wg.o
                0x0000000020008000                __StackTop = (ORIGIN (RAM) + 0x8000)
                0x0000000020007c00                __StackLimit = (__StackTop - SIZEOF (.stack_dummy))
                0x0000000020008000                PROVIDE (__stack, __StackTop)
                0x0000000000000001                ASSERT ((__StackLimit >= __HeapLimit), region RAM overflowed with stack)
                0x0000000000000001                ASSERT ((0x40000 >= (__etext + SIZEOF (.data))), FLASH memory overflowed !)
OUTPUT(SDcard_EPSI.axf elf32-littlearm)

.ARM.attributes
                0x0000000000000000       0x2e
 .ARM.attributes
                0x0000000000000000       0x22 /Applications/Simplicity Studio.app/Contents/Eclipse/developer/toolchains/gnu_arm/4.9_2015q3/bin/../lib/gcc/arm-none-eabi/4.9.3/armv7e-m/softfp/crti.o
 .ARM.attributes
                0x0000000000000022       0x32 /Applications/Simplicity Studio.app/Contents/Eclipse/developer/toolchains/gnu_arm/4.9_2015q3/bin/../lib/gcc/arm-none-eabi/4.9.3/armv7e-m/softfp/crtbegin.o
 .ARM.attributes
                0x0000000000000054       0x20 /Applications/Simplicity Studio.app/Contents/Eclipse/developer/toolchains/gnu_arm/4.9_2015q3/bin/../lib/gcc/arm-none-eabi/4.9.3/../../../../arm-none-eabi/lib/armv7e-m/softfp/crt0.o
 .ARM.attributes
                0x0000000000000074       0x1b ./CMSIS/EFM32WG/startup_efm32wg.o
 .ARM.attributes
                0x000000000000008f       0x37 ./CMSIS/EFM32WG/system_efm32wg.o
 .ARM.attributes
                0x00000000000000c6       0x37 ./Calendar/clock_tc.o
 .ARM.attributes
                0x00000000000000fd       0x37 ./Calendar/crystal_parameters.o
 .ARM.attributes
                0x0000000000000134       0x37 ./Calendar/main_calendar_tc.o
 .ARM.attributes
                0x000000000000016b       0x37 ./FatFS/silabs_diskio.o
 .ARM.attributes
                0x00000000000001a2       0x37 ./FatFS/src/ff.o
 .ARM.attributes
                0x00000000000001d9       0x37 ./FatFS/src/option/unicode.o
 .ARM.attributes
                0x0000000000000210       0x37 ./emlib/em_adc.o
 .ARM.attributes
                0x0000000000000247       0x37 ./emlib/em_cmu.o
 .ARM.attributes
                0x000000000000027e       0x37 ./emlib/em_emu.o
 .ARM.attributes
                0x00000000000002b5       0x37 ./emlib/em_gpio.o
 .ARM.attributes
                0x00000000000002ec       0x37 ./emlib/em_int.o
 .ARM.attributes
                0x0000000000000323       0x37 ./emlib/em_rtc.o
 .ARM.attributes
                0x000000000000035a       0x37 ./emlib/em_usart.o
 .ARM.attributes
                0x0000000000000391       0x37 ./emlib/microsd.o
 .ARM.attributes
                0x00000000000003c8       0x37 ./src/epsilometer_CMU_init.o
 .ARM.attributes
                0x00000000000003ff       0x37 ./src/epsilometer_GPIO_init.o
 .ARM.attributes
                0x0000000000000436       0x37 ./src/epsilometer_SDcard.o
 .ARM.attributes
                0x000000000000046d       0x37 ./src/epsilometer_TIMER_init.o
 .ARM.attributes
                0x00000000000004a4       0x37 ./src/epsilometer_analog.o
 .ARM.attributes
                0x00000000000004db       0x37 ./src/epsilometer_coms.o
 .ARM.attributes
                0x0000000000000512       0x37 ./src/epsilometer_main.o
 .ARM.attributes
                0x0000000000000549       0x32 /Applications/Simplicity Studio.app/Contents/Eclipse/developer/toolchains/gnu_arm/4.9_2015q3/bin/../lib/gcc/arm-none-eabi/4.9.3/../../../../arm-none-eabi/lib/armv7e-m/softfp/libm.a(lib_a-s_round.o)
 .ARM.attributes
                0x000000000000057b       0x22 /Applications/Simplicity Studio.app/Contents/Eclipse/developer/toolchains/gnu_arm/4.9_2015q3/bin/../lib/gcc/arm-none-eabi/4.9.3/armv7e-m/softfp/libgcc.a(_arm_addsubdf3.o)
 .ARM.attributes
                0x000000000000059d       0x22 /Applications/Simplicity Studio.app/Contents/Eclipse/developer/toolchains/gnu_arm/4.9_2015q3/bin/../lib/gcc/arm-none-eabi/4.9.3/armv7e-m/softfp/libgcc.a(_arm_muldivdf3.o)
 .ARM.attributes
                0x00000000000005bf       0x22 /Applications/Simplicity Studio.app/Contents/Eclipse/developer/toolchains/gnu_arm/4.9_2015q3/bin/../lib/gcc/arm-none-eabi/4.9.3/armv7e-m/softfp/libgcc.a(_arm_fixdfsi.o)
 .ARM.attributes
                0x00000000000005e1       0x22 /Applications/Simplicity Studio.app/Contents/Eclipse/developer/toolchains/gnu_arm/4.9_2015q3/bin/../lib/gcc/arm-none-eabi/4.9.3/armv7e-m/softfp/libgcc.a(_arm_fixunsdfsi.o)
 .ARM.attributes
                0x0000000000000603       0x32 /Applications/Simplicity Studio.app/Contents/Eclipse/developer/toolchains/gnu_arm/4.9_2015q3/bin/../lib/gcc/arm-none-eabi/4.9.3/../../../../arm-none-eabi/lib/armv7e-m/softfp/libc_nano.a(lib_a-abs.o)
 .ARM.attributes
                0x0000000000000635       0x32 /Applications/Simplicity Studio.app/Contents/Eclipse/developer/toolchains/gnu_arm/4.9_2015q3/bin/../lib/gcc/arm-none-eabi/4.9.3/../../../../arm-none-eabi/lib/armv7e-m/softfp/libc_nano.a(lib_a-ctime_r.o)
 .ARM.attributes
                0x0000000000000667       0x32 /Applications/Simplicity Studio.app/Contents/Eclipse/developer/toolchains/gnu_arm/4.9_2015q3/bin/../lib/gcc/arm-none-eabi/4.9.3/../../../../arm-none-eabi/lib/armv7e-m/softfp/libc_nano.a(lib_a-exit.o)
 .ARM.attributes
                0x0000000000000699       0x32 /Applications/Simplicity Studio.app/Contents/Eclipse/developer/toolchains/gnu_arm/4.9_2015q3/bin/../lib/gcc/arm-none-eabi/4.9.3/../../../../arm-none-eabi/lib/armv7e-m/softfp/libc_nano.a(lib_a-impure.o)
 .ARM.attributes
                0x00000000000006cb       0x32 /Applications/Simplicity Studio.app/Contents/Eclipse/developer/toolchains/gnu_arm/4.9_2015q3/bin/../lib/gcc/arm-none-eabi/4.9.3/../../../../arm-none-eabi/lib/armv7e-m/softfp/libc_nano.a(lib_a-init.o)
 .ARM.attributes
                0x00000000000006fd       0x32 /Applications/Simplicity Studio.app/Contents/Eclipse/developer/toolchains/gnu_arm/4.9_2015q3/bin/../lib/gcc/arm-none-eabi/4.9.3/../../../../arm-none-eabi/lib/armv7e-m/softfp/libc_nano.a(lib_a-lcltime_r.o)
 .ARM.attributes
                0x000000000000072f       0x32 /Applications/Simplicity Studio.app/Contents/Eclipse/developer/toolchains/gnu_arm/4.9_2015q3/bin/../lib/gcc/arm-none-eabi/4.9.3/../../../../arm-none-eabi/lib/armv7e-m/softfp/libc_nano.a(lib_a-malloc.o)
 .ARM.attributes
                0x0000000000000761       0x32 /Applications/Simplicity Studio.app/Contents/Eclipse/developer/toolchains/gnu_arm/4.9_2015q3/bin/../lib/gcc/arm-none-eabi/4.9.3/../../../../arm-none-eabi/lib/armv7e-m/softfp/libc_nano.a(lib_a-memset.o)
 .ARM.attributes
                0x0000000000000793       0x32 /Applications/Simplicity Studio.app/Contents/Eclipse/developer/toolchains/gnu_arm/4.9_2015q3/bin/../lib/gcc/arm-none-eabi/4.9.3/../../../../arm-none-eabi/lib/armv7e-m/softfp/libc_nano.a(lib_a-mktime.o)
 .ARM.attributes
                0x00000000000007c5       0x32 /Applications/Simplicity Studio.app/Contents/Eclipse/developer/toolchains/gnu_arm/4.9_2015q3/bin/../lib/gcc/arm-none-eabi/4.9.3/../../../../arm-none-eabi/lib/armv7e-m/softfp/libc_nano.a(lib_a-month_lengths.o)
 .ARM.attributes
                0x00000000000007f7       0x32 /Applications/Simplicity Studio.app/Contents/Eclipse/developer/toolchains/gnu_arm/4.9_2015q3/bin/../lib/gcc/arm-none-eabi/4.9.3/../../../../arm-none-eabi/lib/armv7e-m/softfp/libc_nano.a(lib_a-nano-freer.o)
 .ARM.attributes
                0x0000000000000829       0x32 /Applications/Simplicity Studio.app/Contents/Eclipse/developer/toolchains/gnu_arm/4.9_2015q3/bin/../lib/gcc/arm-none-eabi/4.9.3/../../../../arm-none-eabi/lib/armv7e-m/softfp/libc_nano.a(lib_a-nano-mallocr.o)
 .ARM.attributes
                0x000000000000085b       0x32 /Applications/Simplicity Studio.app/Contents/Eclipse/developer/toolchains/gnu_arm/4.9_2015q3/bin/../lib/gcc/arm-none-eabi/4.9.3/../../../../arm-none-eabi/lib/armv7e-m/softfp/libc_nano.a(lib_a-sbrkr.o)
 .ARM.attributes
                0x000000000000088d       0x32 /Applications/Simplicity Studio.app/Contents/Eclipse/developer/toolchains/gnu_arm/4.9_2015q3/bin/../lib/gcc/arm-none-eabi/4.9.3/../../../../arm-none-eabi/lib/armv7e-m/softfp/libc_nano.a(lib_a-strlen.o)
 .ARM.attributes
                0x00000000000008bf       0x32 /Applications/Simplicity Studio.app/Contents/Eclipse/developer/toolchains/gnu_arm/4.9_2015q3/bin/../lib/gcc/arm-none-eabi/4.9.3/../../../../arm-none-eabi/lib/armv7e-m/softfp/libc_nano.a(lib_a-strncpy.o)
 .ARM.attributes
                0x00000000000008f1       0x32 /Applications/Simplicity Studio.app/Contents/Eclipse/developer/toolchains/gnu_arm/4.9_2015q3/bin/../lib/gcc/arm-none-eabi/4.9.3/../../../../arm-none-eabi/lib/armv7e-m/softfp/libc_nano.a(lib_a-tzcalc_limits.o)
 .ARM.attributes
                0x0000000000000923       0x32 /Applications/Simplicity Studio.app/Contents/Eclipse/developer/toolchains/gnu_arm/4.9_2015q3/bin/../lib/gcc/arm-none-eabi/4.9.3/../../../../arm-none-eabi/lib/armv7e-m/softfp/libc_nano.a(lib_a-tzlock.o)
 .ARM.attributes
                0x0000000000000955       0x32 /Applications/Simplicity Studio.app/Contents/Eclipse/developer/toolchains/gnu_arm/4.9_2015q3/bin/../lib/gcc/arm-none-eabi/4.9.3/../../../../arm-none-eabi/lib/armv7e-m/softfp/libc_nano.a(lib_a-tzset.o)
 .ARM.attributes
                0x0000000000000987       0x32 /Applications/Simplicity Studio.app/Contents/Eclipse/developer/toolchains/gnu_arm/4.9_2015q3/bin/../lib/gcc/arm-none-eabi/4.9.3/../../../../arm-none-eabi/lib/armv7e-m/softfp/libc_nano.a(lib_a-tzset_r.o)
 .ARM.attributes
                0x00000000000009b9       0x32 /Applications/Simplicity Studio.app/Contents/Eclipse/developer/toolchains/gnu_arm/4.9_2015q3/bin/../lib/gcc/arm-none-eabi/4.9.3/../../../../arm-none-eabi/lib/armv7e-m/softfp/libc_nano.a(lib_a-tzvars.o)
 .ARM.attributes
                0x00000000000009eb       0x32 /Applications/Simplicity Studio.app/Contents/Eclipse/developer/toolchains/gnu_arm/4.9_2015q3/bin/../lib/gcc/arm-none-eabi/4.9.3/../../../../arm-none-eabi/lib/armv7e-m/softfp/libc_nano.a(lib_a-asctime_r.o)
 .ARM.attributes
                0x0000000000000a1d       0x32 /Applications/Simplicity Studio.app/Contents/Eclipse/developer/toolchains/gnu_arm/4.9_2015q3/bin/../lib/gcc/arm-none-eabi/4.9.3/../../../../arm-none-eabi/lib/armv7e-m/softfp/libc_nano.a(lib_a-div.o)
 .ARM.attributes
                0x0000000000000a4f       0x32 /Applications/Simplicity Studio.app/Contents/Eclipse/developer/toolchains/gnu_arm/4.9_2015q3/bin/../lib/gcc/arm-none-eabi/4.9.3/../../../../arm-none-eabi/lib/armv7e-m/softfp/libc_nano.a(lib_a-getenv_r.o)
 .ARM.attributes
                0x0000000000000a81       0x32 /Applications/Simplicity Studio.app/Contents/Eclipse/developer/toolchains/gnu_arm/4.9_2015q3/bin/../lib/gcc/arm-none-eabi/4.9.3/../../../../arm-none-eabi/lib/armv7e-m/softfp/libc_nano.a(lib_a-gettzinfo.o)
 .ARM.attributes
                0x0000000000000ab3       0x32 /Applications/Simplicity Studio.app/Contents/Eclipse/developer/toolchains/gnu_arm/4.9_2015q3/bin/../lib/gcc/arm-none-eabi/4.9.3/../../../../arm-none-eabi/lib/armv7e-m/softfp/libc_nano.a(lib_a-gmtime_r.o)
 .ARM.attributes
                0x0000000000000ae5       0x32 /Applications/Simplicity Studio.app/Contents/Eclipse/developer/toolchains/gnu_arm/4.9_2015q3/bin/../lib/gcc/arm-none-eabi/4.9.3/../../../../arm-none-eabi/lib/armv7e-m/softfp/libc_nano.a(lib_a-reent.o)
 .ARM.attributes
                0x0000000000000b17       0x32 /Applications/Simplicity Studio.app/Contents/Eclipse/developer/toolchains/gnu_arm/4.9_2015q3/bin/../lib/gcc/arm-none-eabi/4.9.3/../../../../arm-none-eabi/lib/armv7e-m/softfp/libc_nano.a(lib_a-sprintf.o)
 .ARM.attributes
                0x0000000000000b49       0x32 /Applications/Simplicity Studio.app/Contents/Eclipse/developer/toolchains/gnu_arm/4.9_2015q3/bin/../lib/gcc/arm-none-eabi/4.9.3/../../../../arm-none-eabi/lib/armv7e-m/softfp/libc_nano.a(lib_a-sscanf.o)
 .ARM.attributes
                0x0000000000000b7b       0x32 /Applications/Simplicity Studio.app/Contents/Eclipse/developer/toolchains/gnu_arm/4.9_2015q3/bin/../lib/gcc/arm-none-eabi/4.9.3/../../../../arm-none-eabi/lib/armv7e-m/softfp/libc_nano.a(lib_a-stdio.o)
 .ARM.attributes
                0x0000000000000bad       0x20 /Applications/Simplicity Studio.app/Contents/Eclipse/developer/toolchains/gnu_arm/4.9_2015q3/bin/../lib/gcc/arm-none-eabi/4.9.3/../../../../arm-none-eabi/lib/armv7e-m/softfp/libc_nano.a(lib_a-strcmp.o)
 .ARM.attributes
                0x0000000000000bcd       0x32 /Applications/Simplicity Studio.app/Contents/Eclipse/developer/toolchains/gnu_arm/4.9_2015q3/bin/../lib/gcc/arm-none-eabi/4.9.3/../../../../arm-none-eabi/lib/armv7e-m/softfp/libc_nano.a(lib_a-strcpy.o)
 .ARM.attributes
                0x0000000000000bff       0x32 /Applications/Simplicity Studio.app/Contents/Eclipse/developer/toolchains/gnu_arm/4.9_2015q3/bin/../lib/gcc/arm-none-eabi/4.9.3/../../../../arm-none-eabi/lib/armv7e-m/softfp/libc_nano.a(lib_a-strncmp.o)
 .ARM.attributes
                0x0000000000000c31       0x32 /Applications/Simplicity Studio.app/Contents/Eclipse/developer/toolchains/gnu_arm/4.9_2015q3/bin/../lib/gcc/arm-none-eabi/4.9.3/../../../../arm-none-eabi/lib/armv7e-m/softfp/libc_nano.a(lib_a-strtoul.o)
 .ARM.attributes
                0x0000000000000c63       0x32 /Applications/Simplicity Studio.app/Contents/Eclipse/developer/toolchains/gnu_arm/4.9_2015q3/bin/../lib/gcc/arm-none-eabi/4.9.3/../../../../arm-none-eabi/lib/armv7e-m/softfp/libc_nano.a(lib_a-ctype_.o)
 .ARM.attributes
                0x0000000000000c95       0x32 /Applications/Simplicity Studio.app/Contents/Eclipse/developer/toolchains/gnu_arm/4.9_2015q3/bin/../lib/gcc/arm-none-eabi/4.9.3/../../../../arm-none-eabi/lib/armv7e-m/softfp/libc_nano.a(lib_a-environ.o)
 .ARM.attributes
                0x0000000000000cc7       0x32 /Applications/Simplicity Studio.app/Contents/Eclipse/developer/toolchains/gnu_arm/4.9_2015q3/bin/../lib/gcc/arm-none-eabi/4.9.3/../../../../arm-none-eabi/lib/armv7e-m/softfp/libc_nano.a(lib_a-envlock.o)
 .ARM.attributes
                0x0000000000000cf9       0x32 /Applications/Simplicity Studio.app/Contents/Eclipse/developer/toolchains/gnu_arm/4.9_2015q3/bin/../lib/gcc/arm-none-eabi/4.9.3/../../../../arm-none-eabi/lib/armv7e-m/softfp/libc_nano.a(lib_a-nano-svfprintf.o)
 .ARM.attributes
                0x0000000000000d2b       0x32 /Applications/Simplicity Studio.app/Contents/Eclipse/developer/toolchains/gnu_arm/4.9_2015q3/bin/../lib/gcc/arm-none-eabi/4.9.3/../../../../arm-none-eabi/lib/armv7e-m/softfp/libc_nano.a(lib_a-nano-svfscanf.o)
 .ARM.attributes
                0x0000000000000d5d       0x32 /Applications/Simplicity Studio.app/Contents/Eclipse/developer/toolchains/gnu_arm/4.9_2015q3/bin/../lib/gcc/arm-none-eabi/4.9.3/../../../../arm-none-eabi/lib/armv7e-m/softfp/libc_nano.a(lib_a-nano-vfprintf_i.o)
 .ARM.attributes
                0x0000000000000d8f       0x32 /Applications/Simplicity Studio.app/Contents/Eclipse/developer/toolchains/gnu_arm/4.9_2015q3/bin/../lib/gcc/arm-none-eabi/4.9.3/../../../../arm-none-eabi/lib/armv7e-m/softfp/libc_nano.a(lib_a-nano-vfscanf_i.o)
 .ARM.attributes
                0x0000000000000dc1       0x32 /Applications/Simplicity Studio.app/Contents/Eclipse/developer/toolchains/gnu_arm/4.9_2015q3/bin/../lib/gcc/arm-none-eabi/4.9.3/../../../../arm-none-eabi/lib/armv7e-m/softfp/libc_nano.a(lib_a-sccl.o)
 .ARM.attributes
                0x0000000000000df3       0x32 /Applications/Simplicity Studio.app/Contents/Eclipse/developer/toolchains/gnu_arm/4.9_2015q3/bin/../lib/gcc/arm-none-eabi/4.9.3/../../../../arm-none-eabi/lib/armv7e-m/softfp/libc_nano.a(lib_a-strtol.o)
 .ARM.attributes
                0x0000000000000e25       0x32 /Applications/Simplicity Studio.app/Contents/Eclipse/developer/toolchains/gnu_arm/4.9_2015q3/bin/../lib/gcc/arm-none-eabi/4.9.3/../../../../arm-none-eabi/lib/armv7e-m/softfp/libc_nano.a(lib_a-ungetc.o)
 .ARM.attributes
                0x0000000000000e57       0x32 /Applications/Simplicity Studio.app/Contents/Eclipse/developer/toolchains/gnu_arm/4.9_2015q3/bin/../lib/gcc/arm-none-eabi/4.9.3/../../../../arm-none-eabi/lib/armv7e-m/softfp/libc_nano.a(lib_a-findfp.o)
 .ARM.attributes
                0x0000000000000e89       0x32 /Applications/Simplicity Studio.app/Contents/Eclipse/developer/toolchains/gnu_arm/4.9_2015q3/bin/../lib/gcc/arm-none-eabi/4.9.3/../../../../arm-none-eabi/lib/armv7e-m/softfp/libc_nano.a(lib_a-memchr.o)
 .ARM.attributes
                0x0000000000000ebb       0x32 /Applications/Simplicity Studio.app/Contents/Eclipse/developer/toolchains/gnu_arm/4.9_2015q3/bin/../lib/gcc/arm-none-eabi/4.9.3/../../../../arm-none-eabi/lib/armv7e-m/softfp/libc_nano.a(lib_a-memcpy.o)
 .ARM.attributes
                0x0000000000000eed       0x32 /Applications/Simplicity Studio.app/Contents/Eclipse/developer/toolchains/gnu_arm/4.9_2015q3/bin/../lib/gcc/arm-none-eabi/4.9.3/../../../../arm-none-eabi/lib/armv7e-m/softfp/libc_nano.a(lib_a-memmove.o)
 .ARM.attributes
                0x0000000000000f1f       0x32 /Applications/Simplicity Studio.app/Contents/Eclipse/developer/toolchains/gnu_arm/4.9_2015q3/bin/../lib/gcc/arm-none-eabi/4.9.3/../../../../arm-none-eabi/lib/armv7e-m/softfp/libc_nano.a(lib_a-nano-reallocr.o)
 .ARM.attributes
                0x0000000000000f51       0x32 /Applications/Simplicity Studio.app/Contents/Eclipse/developer/toolchains/gnu_arm/4.9_2015q3/bin/../lib/gcc/arm-none-eabi/4.9.3/../../../../arm-none-eabi/lib/armv7e-m/softfp/libc_nano.a(lib_a-nano-msizer.o)
 .ARM.attributes
                0x0000000000000f83       0x32 /Applications/Simplicity Studio.app/Contents/Eclipse/developer/toolchains/gnu_arm/4.9_2015q3/bin/../lib/gcc/arm-none-eabi/4.9.3/../../../../arm-none-eabi/lib/armv7e-m/softfp/libnosys.a(sbrk.o)
 .ARM.attributes
                0x0000000000000fb5       0x32 /Applications/Simplicity Studio.app/Contents/Eclipse/developer/toolchains/gnu_arm/4.9_2015q3/bin/../lib/gcc/arm-none-eabi/4.9.3/../../../../arm-none-eabi/lib/armv7e-m/softfp/libnosys.a(_exit.o)
 .ARM.attributes
                0x0000000000000fe7       0x32 /Applications/Simplicity Studio.app/Contents/Eclipse/developer/toolchains/gnu_arm/4.9_2015q3/bin/../lib/gcc/arm-none-eabi/4.9.3/armv7e-m/softfp/crtend.o
 .ARM.attributes
                0x0000000000001019       0x22 /Applications/Simplicity Studio.app/Contents/Eclipse/developer/toolchains/gnu_arm/4.9_2015q3/bin/../lib/gcc/arm-none-eabi/4.9.3/armv7e-m/softfp/crtn.o

.comment        0x0000000000000000       0x70
 .comment       0x0000000000000000       0x70 ./CMSIS/EFM32WG/system_efm32wg.o
                                         0x71 (size before relaxing)
 .comment       0x0000000000000000       0x71 ./Calendar/clock_tc.o
 .comment       0x0000000000000000       0x71 ./Calendar/crystal_parameters.o
 .comment       0x0000000000000000       0x71 ./Calendar/main_calendar_tc.o
 .comment       0x0000000000000000       0x71 ./FatFS/silabs_diskio.o
 .comment       0x0000000000000000       0x71 ./FatFS/src/ff.o
 .comment       0x0000000000000000       0x71 ./FatFS/src/option/unicode.o
 .comment       0x0000000000000000       0x71 ./emlib/em_adc.o
 .comment       0x0000000000000000       0x71 ./emlib/em_cmu.o
 .comment       0x0000000000000000       0x71 ./emlib/em_emu.o
 .comment       0x0000000000000000       0x71 ./emlib/em_gpio.o
 .comment       0x0000000000000000       0x71 ./emlib/em_int.o
 .comment       0x0000000000000000       0x71 ./emlib/em_rtc.o
 .comment       0x0000000000000000       0x71 ./emlib/em_usart.o
 .comment       0x0000000000000000       0x71 ./emlib/microsd.o
 .comment       0x0000000000000000       0x71 ./src/epsilometer_CMU_init.o
 .comment       0x0000000000000000       0x71 ./src/epsilometer_GPIO_init.o
 .comment       0x0000000000000000       0x71 ./src/epsilometer_SDcard.o
 .comment       0x0000000000000000       0x71 ./src/epsilometer_TIMER_init.o
 .comment       0x0000000000000000       0x71 ./src/epsilometer_analog.o
 .comment       0x0000000000000000       0x71 ./src/epsilometer_coms.o
 .comment       0x0000000000000000       0x71 ./src/epsilometer_main.o

.debug_line     0x0000000000000000     0x7131
 .debug_line    0x0000000000000000       0xdf ./CMSIS/EFM32WG/startup_efm32wg.o
 .debug_line    0x00000000000000df      0x36a ./CMSIS/EFM32WG/system_efm32wg.o
 .debug_line    0x0000000000000449      0x5c5 ./Calendar/clock_tc.o
 .debug_line    0x0000000000000a0e      0x154 ./Calendar/crystal_parameters.o
 .debug_line    0x0000000000000b62      0x42f ./Calendar/main_calendar_tc.o
 .debug_line    0x0000000000000f91      0x401 ./FatFS/silabs_diskio.o
 .debug_line    0x0000000000001392     0x15ef ./FatFS/src/ff.o